<html>
<body>
<pre>
<h1>µVision Build Log</h1>
<h2>Project:</h2>
C:\Users\yb4kim\OneDrive - University of Waterloo\ECE455\Lab1\lab1.uvproj
Project File Date:  05/11/2017

<h2>Output:</h2>
Rebuild target 'LPC1768Flash'
compiling GLCD_SPI_LPC1700.c...
compiling system_LPC17xx.c...
compiling main.c...
main.c(73): warning:  #260-D: explicit type is missing ("int" assumed)
main.c(79): warning:  #223-D: function "sprintf" declared implicitly
main.c(84): warning:  #167-D: argument of type "char *" is incompatible with parameter of type "unsigned char *"
main.c(108): warning:  #167-D: argument of type "char *" is incompatible with parameter of type "unsigned char *"
main.c(113): warning:  #167-D: argument of type "char *" is incompatible with parameter of type "unsigned char *"
main.c(117): warning:  #111-D: statement is unreachable
main.c(75): warning:  #177-D: variable "on" was declared but never referenced
main.c(76): warning:  #177-D: variable "off" was declared but never referenced
main.c(133): warning:  #1-D: last line of file ends without a newline
assembling startup_LPC17xx.s...
linking...
Program Size: Code=3924 RO-data=6540 RW-data=12 ZI-data=612  
"lab1.axf" - 0 Error(s), 9 Warning(s).
Load "C:\\Users\\yb4kim\\OneDrive - University of Waterloo\\ECE455\\Lab1\\lab1.AXF" 
Erase Done.
Programming Done.
Verify OK.
Rebuild target 'LPC1768Flash'
compiling GLCD_SPI_LPC1700.c...
compiling system_LPC17xx.c...
compiling main.c...
main.c(73): error:  #20: identifier "on" is undefined
main.c(75): error:  #20: identifier "off" is undefined
main.c(78): error:  #20: identifier "on" is undefined
main.c(86): warning:  #260-D: explicit type is missing ("int" assumed)
main.c(92): warning:  #223-D: function "sprintf" declared implicitly
main.c(97): warning:  #167-D: argument of type "char *" is incompatible with parameter of type "unsigned char *"
main.c(121): warning:  #167-D: argument of type "char *" is incompatible with parameter of type "unsigned char *"
main.c(127): warning:  #167-D: argument of type "char *" is incompatible with parameter of type "unsigned char *"
main.c(132): warning:  #111-D: statement is unreachable
main.c(88): warning:  #177-D: variable "on" was declared but never referenced
main.c(89): warning:  #177-D: variable "off" was declared but never referenced
main.c(148): warning:  #1-D: last line of file ends without a newline
assembling startup_LPC17xx.s...
Target not created
Rebuild target 'LPC1768Flash'
compiling GLCD_SPI_LPC1700.c...
compiling system_LPC17xx.c...
compiling main.c...
main.c(71): warning:  #260-D: explicit type is missing ("int" assumed)
main.c(72): error:  #101: "led" has already been declared in the current scope
main.c(94): warning:  #223-D: function "sprintf" declared implicitly
main.c(99): warning:  #167-D: argument of type "char *" is incompatible with parameter of type "unsigned char *"
main.c(123): warning:  #167-D: argument of type "char *" is incompatible with parameter of type "unsigned char *"
main.c(124): error:  #20: identifier "led" is undefined
main.c(129): warning:  #167-D: argument of type "char *" is incompatible with parameter of type "unsigned char *"
main.c(130): error:  #20: identifier "led" is undefined
main.c(134): warning:  #111-D: statement is unreachable
main.c(150): warning:  #1-D: last line of file ends without a newline
assembling startup_LPC17xx.s...
Target not created
Rebuild target 'LPC1768Flash'
compiling GLCD_SPI_LPC1700.c...
compiling system_LPC17xx.c...
compiling main.c...
main.c(72): error:  #20: identifier "led_pos" is undefined
main.c(86): warning:  #260-D: explicit type is missing ("int" assumed)
main.c(96): warning:  #223-D: function "sprintf" declared implicitly
main.c(101): warning:  #167-D: argument of type "char *" is incompatible with parameter of type "unsigned char *"
main.c(125): warning:  #167-D: argument of type "char *" is incompatible with parameter of type "unsigned char *"
main.c(131): warning:  #167-D: argument of type "char *" is incompatible with parameter of type "unsigned char *"
main.c(136): warning:  #111-D: statement is unreachable
main.c(152): warning:  #1-D: last line of file ends without a newline
assembling startup_LPC17xx.s...
Target not created
Rebuild target 'LPC1768Flash'
compiling GLCD_SPI_LPC1700.c...
compiling system_LPC17xx.c...
compiling main.c...
main.c(5): warning:  #260-D: explicit type is missing ("int" assumed)
main.c(99): warning:  #223-D: function "sprintf" declared implicitly
main.c(104): warning:  #167-D: argument of type "char *" is incompatible with parameter of type "unsigned char *"
main.c(128): warning:  #167-D: argument of type "char *" is incompatible with parameter of type "unsigned char *"
main.c(134): warning:  #167-D: argument of type "char *" is incompatible with parameter of type "unsigned char *"
main.c(139): warning:  #111-D: statement is unreachable
main.c(155): warning:  #1-D: last line of file ends without a newline
assembling startup_LPC17xx.s...
linking...
Program Size: Code=3884 RO-data=6540 RW-data=16 ZI-data=608  
"lab1.axf" - 0 Error(s), 7 Warning(s).
Load "C:\\Users\\yb4kim\\OneDrive - University of Waterloo\\ECE455\\Lab1\\lab1.AXF" 
Erase Done.
Programming Done.
Verify OK.
Load "C:\\Users\\yb4kim\\OneDrive - University of Waterloo\\ECE455\\Lab1\\lab1.AXF" 
Erase Done.
Programming Done.
Verify OK.
Rebuild target 'LPC1768Flash'
compiling GLCD_SPI_LPC1700.c...
compiling system_LPC17xx.c...
compiling main.c...
main.c(5): warning:  #260-D: explicit type is missing ("int" assumed)
main.c(103): warning:  #223-D: function "sprintf" declared implicitly
main.c(108): warning:  #167-D: argument of type "char *" is incompatible with parameter of type "unsigned char *"
main.c(132): warning:  #167-D: argument of type "char *" is incompatible with parameter of type "unsigned char *"
main.c(138): warning:  #167-D: argument of type "char *" is incompatible with parameter of type "unsigned char *"
main.c(143): warning:  #111-D: statement is unreachable
main.c(159): warning:  #1-D: last line of file ends without a newline
assembling startup_LPC17xx.s...
linking...
Program Size: Code=3896 RO-data=6540 RW-data=16 ZI-data=608  
"lab1.axf" - 0 Error(s), 7 Warning(s).
Load "C:\\Users\\yb4kim\\OneDrive - University of Waterloo\\ECE455\\Lab1\\lab1.AXF" 
Erase Done.
Programming Done.
Verify OK.
Rebuild target 'LPC1768Flash'
compiling GLCD_SPI_LPC1700.c...
compiling system_LPC17xx.c...
compiling main.c...
main.c(5): warning:  #260-D: explicit type is missing ("int" assumed)
main.c(104): warning:  #223-D: function "sprintf" declared implicitly
main.c(109): warning:  #167-D: argument of type "char *" is incompatible with parameter of type "unsigned char *"
main.c(126): warning:  #167-D: argument of type "char *" is incompatible with parameter of type "unsigned char *"
main.c(132): warning:  #167-D: argument of type "char *" is incompatible with parameter of type "unsigned char *"
main.c(137): warning:  #111-D: statement is unreachable
main.c(153): warning:  #1-D: last line of file ends without a newline
assembling startup_LPC17xx.s...
linking...
Program Size: Code=3896 RO-data=6540 RW-data=16 ZI-data=608  
"lab1.axf" - 0 Error(s), 7 Warning(s).
Load "C:\\Users\\yb4kim\\OneDrive - University of Waterloo\\ECE455\\Lab1\\lab1.AXF" 
Erase Done.
Programming Done.
Verify OK.
Rebuild target 'LPC1768Flash'
compiling GLCD_SPI_LPC1700.c...
compiling system_LPC17xx.c...
compiling main.c...
main.c(5): warning:  #260-D: explicit type is missing ("int" assumed)
main.c(79): warning:  #177-D: variable "off" was declared but never referenced
main.c(104): warning:  #223-D: function "sprintf" declared implicitly
main.c(109): warning:  #167-D: argument of type "char *" is incompatible with parameter of type "unsigned char *"
main.c(126): warning:  #167-D: argument of type "char *" is incompatible with parameter of type "unsigned char *"
main.c(132): warning:  #167-D: argument of type "char *" is incompatible with parameter of type "unsigned char *"
main.c(137): warning:  #111-D: statement is unreachable
main.c(153): warning:  #1-D: last line of file ends without a newline
assembling startup_LPC17xx.s...
linking...
Program Size: Code=3896 RO-data=6540 RW-data=16 ZI-data=608  
"lab1.axf" - 0 Error(s), 8 Warning(s).
Load "C:\\Users\\yb4kim\\OneDrive - University of Waterloo\\ECE455\\Lab1\\lab1.AXF" 
Erase Done.
Programming Done.
Verify OK.
Rebuild target 'LPC1768Flash'
compiling GLCD_SPI_LPC1700.c...
compiling system_LPC17xx.c...
compiling main.c...
main.c(5): warning:  #260-D: explicit type is missing ("int" assumed)
main.c(79): warning:  #177-D: variable "off" was declared but never referenced
main.c(105): warning:  #223-D: function "sprintf" declared implicitly
main.c(110): warning:  #167-D: argument of type "char *" is incompatible with parameter of type "unsigned char *"
main.c(127): warning:  #167-D: argument of type "char *" is incompatible with parameter of type "unsigned char *"
main.c(133): warning:  #167-D: argument of type "char *" is incompatible with parameter of type "unsigned char *"
main.c(138): warning:  #111-D: statement is unreachable
main.c(154): warning:  #1-D: last line of file ends without a newline
assembling startup_LPC17xx.s...
linking...
Program Size: Code=3920 RO-data=6540 RW-data=16 ZI-data=608  
"lab1.axf" - 0 Error(s), 8 Warning(s).
Load "C:\\Users\\yb4kim\\OneDrive - University of Waterloo\\ECE455\\Lab1\\lab1.AXF" 
Erase Done.
Programming Done.
Verify OK.
Rebuild target 'LPC1768Flash'
compiling GLCD_SPI_LPC1700.c...
compiling system_LPC17xx.c...
compiling main.c...
main.c(5): warning:  #260-D: explicit type is missing ("int" assumed)
main.c(79): warning:  #177-D: variable "off" was declared but never referenced
main.c(106): warning:  #223-D: function "sprintf" declared implicitly
main.c(111): warning:  #167-D: argument of type "char *" is incompatible with parameter of type "unsigned char *"
main.c(128): warning:  #167-D: argument of type "char *" is incompatible with parameter of type "unsigned char *"
main.c(134): warning:  #167-D: argument of type "char *" is incompatible with parameter of type "unsigned char *"
main.c(139): warning:  #111-D: statement is unreachable
main.c(155): warning:  #1-D: last line of file ends without a newline
assembling startup_LPC17xx.s...
linking...
Program Size: Code=3936 RO-data=6540 RW-data=16 ZI-data=608  
"lab1.axf" - 0 Error(s), 8 Warning(s).
Load "C:\\Users\\yb4kim\\OneDrive - University of Waterloo\\ECE455\\Lab1\\lab1.AXF" 
Erase Done.
Programming Done.
Verify OK.
Build target 'LPC1768Flash'
compiling main.c...
main.c(5): warning:  #260-D: explicit type is missing ("int" assumed)
main.c(79): warning:  #177-D: variable "off" was declared but never referenced
main.c(106): warning:  #223-D: function "sprintf" declared implicitly
main.c(111): warning:  #167-D: argument of type "char *" is incompatible with parameter of type "unsigned char *"
main.c(128): warning:  #167-D: argument of type "char *" is incompatible with parameter of type "unsigned char *"
main.c(134): warning:  #167-D: argument of type "char *" is incompatible with parameter of type "unsigned char *"
main.c(139): warning:  #111-D: statement is unreachable
main.c(155): warning:  #1-D: last line of file ends without a newline
linking...
Program Size: Code=3936 RO-data=6540 RW-data=16 ZI-data=608  
"lab1.axf" - 0 Error(s), 8 Warning(s).
Load "C:\\Users\\yb4kim\\OneDrive - University of Waterloo\\ECE455\\Lab1\\lab1.AXF" 
Erase Done.
Programming Done.
Verify OK.
Rebuild target 'LPC1768Flash'
compiling GLCD_SPI_LPC1700.c...
compiling system_LPC17xx.c...
compiling main.c...
main.c(5): warning:  #260-D: explicit type is missing ("int" assumed)
main.c(86): warning:  #223-D: function "sprintf" declared implicitly
main.c(91): warning:  #167-D: argument of type "char *" is incompatible with parameter of type "unsigned char *"
main.c(107): warning:  #167-D: argument of type "char *" is incompatible with parameter of type "unsigned char *"
main.c(113): warning:  #167-D: argument of type "char *" is incompatible with parameter of type "unsigned char *"
main.c(118): warning:  #111-D: statement is unreachable
main.c(152): warning:  #1-D: last line of file ends without a newline
assembling startup_LPC17xx.s...
linking...
Program Size: Code=3774 RO-data=6542 RW-data=16 ZI-data=608  
"lab1.axf" - 0 Error(s), 7 Warning(s).
