<html>
<body>
<pre>
<h1>µVision Build Log</h1>
<h2>Project:</h2>
N:\ECE455\Lab4\lab4.uvproj
Project File Date:  07/20/2017

<h2>Output:</h2>
compiling main.c...
main.c(6): error:  #5: cannot open source input file "inputs.h": No such file or directory
main.c - 1 Error(s), 0 Warning(s).
Build target 'lab4'
assembling startup_LPC17xx.s...
compiling GLCD_SPI_LPC1700.c...
compiling system_LPC17xx.c...
compiling main.c...
main.c(19): error:  #167: argument of type "char *" is incompatible with parameter of type "unsigned int"
main.c(19): error:  #165: too few arguments in function call
compiling inputs.c...
Target not created
compiling main.c...
main.c - 0 Error(s), 0 Warning(s).
Rebuild target 'lab4'
assembling startup_LPC17xx.s...
compiling GLCD_SPI_LPC1700.c...
compiling system_LPC17xx.c...
compiling main.c...
compiling inputs.c...
linking...
Program Size: Code=2980 RO-data=6644 RW-data=12 ZI-data=612  
"lab4.axf" - 0 Error(s), 0 Warning(s).
Load "N:\\ECE455\\Lab4\\lab4.AXF" 
Erase Done.
Programming Done.
Verify OK.
