<html>
<body>
<pre>
<h1>µVision Build Log</h1>
<h2>Project:</h2>
N:\ECE455\Lab4\lab4.uvproj
Project File Date:  07/25/2017

<h2>Output:</h2>
Rebuild target 'lab4'
assembling startup_LPC17xx.s...
compiling system_LPC17xx.c...
compiling GLCD_SPI_LPC1700.c...
compiling joystick.c...
compiling main.c...
compiling potentiometer.c...
linking...
Program Size: Code=10436 RO-data=6684 RW-data=48 ZI-data=608  
"lab4.axf" - 0 Error(s), 0 Warning(s).
Load "N:\\ECE455\\Lab4\\lab4.AXF" 
Erase Done.
Programming Done.
Verify OK.
