ARM Linker, 5.02 [Build 28] [MDK-ARM Lite]

==============================================================================

Section Cross References

    startup_lpc17xx.o(STACK) refers (Special) to heapauxi.o(.text) for __use_two_region_memory
    startup_lpc17xx.o(HEAP) refers (Special) to heapauxi.o(.text) for __use_two_region_memory
    startup_lpc17xx.o(RESET) refers (Special) to heapauxi.o(.text) for __use_two_region_memory
    startup_lpc17xx.o(RESET) refers to startup_lpc17xx.o(STACK) for __initial_sp
    startup_lpc17xx.o(RESET) refers to startup_lpc17xx.o(.text) for Reset_Handler
    startup_lpc17xx.o(RESET) refers to main.o(.text) for TIMER0_IRQHandler
    startup_lpc17xx.o(.ARM.__at_0x02FC) refers (Special) to heapauxi.o(.text) for __use_two_region_memory
    startup_lpc17xx.o(.text) refers (Special) to heapauxi.o(.text) for __use_two_region_memory
    startup_lpc17xx.o(.text) refers to system_lpc17xx.o(.text) for SystemInit
    startup_lpc17xx.o(.text) refers to __main.o(!!!main) for __main
    startup_lpc17xx.o(.text) refers to startup_lpc17xx.o(HEAP) for Heap_Mem
    startup_lpc17xx.o(.text) refers to startup_lpc17xx.o(STACK) for Stack_Mem
    fault_injection.o(.text) refers to rand.o(.emb_text) for rand
    fault_injection.o(.text) refers to dflt_clz.o(x$fpl$dflt) for __aeabi_i2d
    fault_injection.o(.text) refers to dleqf.o(x$fpl$dleqf) for __aeabi_cdcmple
    fault_injection.o(.text) refers to llshl.o(.text) for __aeabi_llsl
    fault_injection.o(.text) refers to fault_injection.o(.data) for random_fault_injected
    system_lpc17xx.o(.text) refers to system_lpc17xx.o(.data) for SystemFrequency
    glcd_spi_lpc1700.o(.text) refers to glcd_spi_lpc1700.o(.data) for driverCode
    glcd_spi_lpc1700.o(.text) refers to glcd_spi_lpc1700.o(.constdata) for Font_6x8_h
    main.o(.text) refers to _printf_percent.o(.ARM.Collect$$_printf_percent$$00000000) for _printf_percent
    main.o(.text) refers to _printf_d.o(.ARM.Collect$$_printf_percent$$00000009) for _printf_d
    main.o(.text) refers to _printf_dec.o(.text) for _printf_int_dec
    main.o(.text) refers to system_lpc17xx.o(.text) for SystemInit
    main.o(.text) refers to glcd_spi_lpc1700.o(.text) for GLCD_Init
    main.o(.text) refers to inputs.o(.text) for joystick_init
    main.o(.text) refers to dflt_clz.o(x$fpl$dfltu) for __aeabi_ui2d
    main.o(.text) refers to dfix.o(x$fpl$dfix) for __aeabi_d2iz
    main.o(.text) refers to redundancy.o(.text) for write_integer
    main.o(.text) refers to fault_injection.o(.text) for fault_injection_reset
    main.o(.text) refers to voting.o(.text) for voting_system
    main.o(.text) refers to heterogeneous.o(.text) for heterogeneous
    main.o(.text) refers to deqf.o(x$fpl$deqf) for __aeabi_cdcmpeq
    main.o(.text) refers to verification.o(.text) for inverse
    main.o(.text) refers to noretval__2sprintf.o(.text) for __2sprintf
    main.o(.text) refers to main.o(.data) for mode
    main.o(.text) refers to main.o(.bss) for original_double
    heterogeneous.o(.text) refers to _printf_percent.o(.ARM.Collect$$_printf_percent$$00000000) for _printf_percent
    heterogeneous.o(.text) refers to _printf_f.o(.ARM.Collect$$_printf_percent$$00000003) for _printf_f
    heterogeneous.o(.text) refers to printf1.o(x$fpl$printf1) for _printf_fp_dec
    heterogeneous.o(.text) refers to sqrt.o(i.sqrt) for sqrt
    heterogeneous.o(.text) refers to daddsub_clz.o(x$fpl$dadd) for __aeabi_dadd
    heterogeneous.o(.text) refers to ddiv.o(x$fpl$ddiv) for __aeabi_ddiv
    heterogeneous.o(.text) refers to dmul.o(x$fpl$dmul) for __aeabi_dmul
    heterogeneous.o(.text) refers to daddsub_clz.o(x$fpl$dsub) for __aeabi_dsub
    heterogeneous.o(.text) refers to dleqf.o(x$fpl$dleqf) for __aeabi_cdcmple
    heterogeneous.o(.text) refers to fault_injection.o(.text) for faulty_double
    heterogeneous.o(.text) refers to voting.o(.text) for newton_raphson
    heterogeneous.o(.text) refers to noretval__2printf.o(.text) for __2printf
    redundancy.o(.text) refers to _printf_percent.o(.ARM.Collect$$_printf_percent$$00000000) for _printf_percent
    redundancy.o(.text) refers to _printf_d.o(.ARM.Collect$$_printf_percent$$00000009) for _printf_d
    redundancy.o(.text) refers to _printf_dec.o(.text) for _printf_int_dec
    redundancy.o(.text) refers to _printf_f.o(.ARM.Collect$$_printf_percent$$00000003) for _printf_f
    redundancy.o(.text) refers to printf1.o(x$fpl$printf1) for _printf_fp_dec
    redundancy.o(.text) refers to fault_injection.o(.text) for faulty_int
    redundancy.o(.text) refers to noretval__2printf.o(.text) for __2printf
    redundancy.o(.text) refers to dfltll_clz.o(x$fpl$dfltull) for __aeabi_ul2d
    redundancy.o(.text) refers to deqf.o(x$fpl$deqf) for __aeabi_cdcmpeq
    verification.o(.text) refers to _printf_percent.o(.ARM.Collect$$_printf_percent$$00000000) for _printf_percent
    verification.o(.text) refers to _printf_f.o(.ARM.Collect$$_printf_percent$$00000003) for _printf_f
[...]
    ../clib/heapalloc.c                      0x00000000   Number         0  hrguard.o ABSOLUTE
    ../clib/heapalloc.c                      0x00000000   Number         0  init_alloc.o ABSOLUTE
    ../clib/heapalloc.c                      0x00000000   Number         0  hguard.o ABSOLUTE
    ../clib/heapalloc.c                      0x00000000   Number         0  term_alloc.o ABSOLUTE
    ../clib/heapalloc.c                      0x00000000   Number         0  heapstubs.o ABSOLUTE
    ../clib/heapalloc.c                      0x00000000   Number         0  maybetermalloc1.o ABSOLUTE
    ../clib/heapalloc.c                      0x00000000   Number         0  malloc.o ABSOLUTE
    ../clib/heapalloc.c                      0x00000000   Number         0  free.o ABSOLUTE
    ../clib/heapaux.c                        0x00000000   Number         0  heapauxa.o ABSOLUTE
    ../clib/heapaux.c                        0x00000000   Number         0  heapauxi.o ABSOLUTE
    ../clib/libinit.s                        0x00000000   Number         0  libinit2.o ABSOLUTE
    ../clib/libinit.s                        0x00000000   Number         0  libinit.o ABSOLUTE
    ../clib/libinit.s                        0x00000000   Number         0  libshutdown2.o ABSOLUTE
    ../clib/libinit.s                        0x00000000   Number         0  libshutdown.o ABSOLUTE
    ../clib/locale.s                         0x00000000   Number         0  lc_numeric_c.o ABSOLUTE
    ../clib/locale.s                         0x00000000   Number         0  lc_numeric_8859.o ABSOLUTE
    ../clib/longlong.s                       0x00000000   Number         0  llshl.o ABSOLUTE
    ../clib/longlong.s                       0x00000000   Number         0  lludiv10.o ABSOLUTE
    ../clib/memcpset.s                       0x00000000   Number         0  rt_memcpy_w.o ABSOLUTE
    ../clib/memcpset.s                       0x00000000   Number         0  rt_memclr_w.o ABSOLUTE
    ../clib/memcpset.s                       0x00000000   Number         0  strcmpv7m.o ABSOLUTE
    ../clib/memcpset.s                       0x00000000   Number         0  rt_memcpy_v6.o ABSOLUTE
    ../clib/printf.c                         0x00000000   Number         0  __2printf.o ABSOLUTE
    ../clib/printf.c                         0x00000000   Number         0  __2sprintf.o ABSOLUTE
    ../clib/printf.c                         0x00000000   Number         0  noretval__2printf.o ABSOLUTE
    ../clib/printf.c                         0x00000000   Number         0  noretval__2sprintf.o ABSOLUTE
    ../clib/printf.c                         0x00000000   Number         0  __printf.o ABSOLUTE
    ../clib/printf.c                         0x00000000   Number         0  _printf_dec.o ABSOLUTE
    ../clib/printf.c                         0x00000000   Number         0  __printf_flags.o ABSOLUTE
    ../clib/printf.c                         0x00000000   Number         0  __printf_ss.o ABSOLUTE
    ../clib/printf.c                         0x00000000   Number         0  __printf_flags_ss.o ABSOLUTE
    ../clib/printf.c                         0x00000000   Number         0  __printf_wp.o ABSOLUTE
    ../clib/printf.c                         0x00000000   Number         0  __printf_flags_wp.o ABSOLUTE
    ../clib/printf.c                         0x00000000   Number         0  __printf_ss_wp.o ABSOLUTE
    ../clib/printf.c                         0x00000000   Number         0  __printf_flags_ss_wp.o ABSOLUTE
    ../clib/printf.c                         0x00000000   Number         0  _printf_char_file_locked.o ABSOLUTE
    ../clib/printf.c                         0x00000000   Number         0  _printf_intcommon.o ABSOLUTE
    ../clib/printf.c                         0x00000000   Number         0  _printf_fp_dec.o ABSOLUTE
    ../clib/printf.c                         0x00000000   Number         0  _printf_char_common.o ABSOLUTE
    ../clib/printf.c                         0x00000000   Number         0  _sputc.o ABSOLUTE
    ../clib/printf.c                         0x00000000   Number         0  _printf_char_file.o ABSOLUTE
    ../clib/printf.c                         0x00000000   Number         0  __printf_nopercent.o ABSOLUTE
    ../clib/printf.c                         0x00000000   Number         0  _printf_fp_infnan.o ABSOLUTE
    ../clib/printf_percent.s                 0x00000000   Number         0  _printf_d.o ABSOLUTE
    ../clib/printf_percent.s                 0x00000000   Number         0  _printf_f.o ABSOLUTE
    ../clib/printf_percent.s                 0x00000000   Number         0  _printf_percent_end.o ABSOLUTE
    ../clib/printf_percent.s                 0x00000000   Number         0  _printf_percent.o ABSOLUTE
    ../clib/signal.c                         0x00000000   Number         0  defsig_general.o ABSOLUTE
    ../clib/signal.c                         0x00000000   Number         0  __raise.o ABSOLUTE
    ../clib/signal.c                         0x00000000   Number         0  defsig_rtmem_formal.o ABSOLUTE
    ../clib/signal.c                         0x00000000   Number         0  defsig_pvfn_inner.o ABSOLUTE
    ../clib/signal.c                         0x00000000   Number         0  defsig_rtmem_outer.o ABSOLUTE
    ../clib/signal.c                         0x00000000   Number         0  defsig_rtred_inner.o ABSOLUTE
    ../clib/signal.c                         0x00000000   Number         0  defsig_cppl_inner.o ABSOLUTE
    ../clib/signal.c                         0x00000000   Number         0  defsig_segv_inner.o ABSOLUTE
    ../clib/signal.c                         0x00000000   Number         0  defsig_exit.o ABSOLUTE
    ../clib/signal.c                         0x00000000   Number         0  defsig_other.o ABSOLUTE
    ../clib/signal.c                         0x00000000   Number         0  defsig_rtred_outer.o ABSOLUTE
    ../clib/signal.c                         0x00000000   Number         0  defsig_rtred_formal.o ABSOLUTE
    ../clib/signal.c                         0x00000000   Number         0  defsig_abrt_inner.o ABSOLUTE
    ../clib/signal.c                         0x00000000   Number         0  defsig_rtmem_inner.o ABSOLUTE
    ../clib/signal.c                         0x00000000   Number         0  defsig_fpe_inner.o ABSOLUTE
    ../clib/signal.c                         0x00000000   Number         0  defsig_stak_inner.o ABSOLUTE
    ../clib/signal.s                         0x00000000   Number         0  defsig.o ABSOLUTE
    ../clib/stdio.c                          0x00000000   Number         0  fopen_locked.o ABSOLUTE
    ../clib/stdio.c                          0x00000000   Number         0  fwritefast_locked.o ABSOLUTE
    ../clib/stdio.c                          0x00000000   Number         0  fwritefast.o ABSOLUTE
    ../clib/stdio.c                          0x00000000   Number         0  stdio.o ABSOLUTE
    ../clib/stdio.c                          0x00000000   Number         0  fseek.o ABSOLUTE
    ../clib/stdio.c                          0x00000000   Number         0  flsbuf.o ABSOLUTE
    ../clib/stdio.c                          0x00000000   Number         0  fflush_locked.o ABSOLUTE
    ../clib/stdio.c                          0x00000000   Number         0  fputs_locked.o ABSOLUTE
    ../clib/stdio.c                          0x00000000   Number         0  ftell.o ABSOLUTE
    ../clib/stdio.c                          0x00000000   Number         0  fflush.o ABSOLUTE
    ../clib/stdio.c                          0x00000000   Number         0  stdio_streams.o ABSOLUTE
    ../clib/stdio.c                          0x00000000   Number         0  fopen.o ABSOLUTE
    ../clib/stdio.c                          0x00000000   Number         0  fputc.o ABSOLUTE
    ../clib/stdio.c                          0x00000000   Number         0  initio.o ABSOLUTE
    ../clib/stdio.c                          0x00000000   Number         0  fputc_locked.o ABSOLUTE
    ../clib/stdio.c                          0x00000000   Number         0  ferror_locked.o ABSOLUTE
    ../clib/stdio.c                          0x00000000   Number         0  initio_locked.o ABSOLUTE
    ../clib/stdio.c                          0x00000000   Number         0  setvbuf_locked.o ABSOLUTE
    ../clib/stdio.c                          0x00000000   Number         0  setvbuf.o ABSOLUTE
    ../clib/stdio.c                          0x00000000   Number         0  streamlock.o ABSOLUTE
    ../clib/stdio.c                          0x00000000   Number         0  fputs.o ABSOLUTE
    ../clib/stdio.c                          0x00000000   Number         0  fclose.o ABSOLUTE
    ../clib/stdio.c                          0x00000000   Number         0  ferror.o ABSOLUTE
    ../clib/stdlib.c                         0x00000000   Number         0  rand.o ABSOLUTE
    ../clib/stdlib.c                         0x00000000   Number         0  rand.o ABSOLUTE
    ../clib/stdlib.c                         0x00000000   Number         0  exit.o ABSOLUTE
    ../clib/string.c                         0x00000000   Number         0  strlen.o ABSOLUTE
    ../clib/wchar.c                          0x00000000   Number         0  flsbuf_fwide.o ABSOLUTE
    ../fplib/daddsub.s                       0x00000000   Number         0  daddsub_clz.o ABSOLUTE
    ../fplib/dcmpi.s                         0x00000000   Number         0  dcmpi.o ABSOLUTE
    ../fplib/ddiv.s                          0x00000000   Number         0  ddiv.o ABSOLUTE
    ../fplib/deqf.s                          0x00000000   Number         0  deqf.o ABSOLUTE
    ../fplib/dfix.s                          0x00000000   Number         0  dfix.o ABSOLUTE
    ../fplib/dflt.s                          0x00000000   Number         0  dflt_clz.o ABSOLUTE
    ../fplib/dfltll.s                        0x00000000   Number         0  dfltll_clz.o ABSOLUTE
    ../fplib/dleqf.s                         0x00000000   Number         0  dleqf.o ABSOLUTE
    ../fplib/dmul.s                          0x00000000   Number         0  dmul.o ABSOLUTE
    ../fplib/dnaninf.s                       0x00000000   Number         0  dnaninf.o ABSOLUTE
    ../fplib/dretinf.s                       0x00000000   Number         0  dretinf.o ABSOLUTE
    ../fplib/dsqrt.s                         0x00000000   Number         0  dsqrt_noumaal.o ABSOLUTE
    ../fplib/fpinit.s                        0x00000000   Number         0  fpinit.o ABSOLUTE
    ../fplib/istatus.s                       0x00000000   Number         0  istatus.o ABSOLUTE
    ../fplib/printf1.s                       0x00000000   Number         0  printf1.o ABSOLUTE
    ../fplib/usenofp.s                       0x00000000   Number         0  usenofp.o ABSOLUTE
    ../mathlib/fpclassify.c                  0x00000000   Number         0  fpclassify.o ABSOLUTE
    ../mathlib/sqrt.c                        0x00000000   Number         0  sqrt.o ABSOLUTE
    ../mathlib/sqrt.c                        0x00000000   Number         0  sqrt_x.o ABSOLUTE
    GLCD_SPI_LPC1700.c                       0x00000000   Number         0  glcd_spi_lpc1700.o ABSOLUTE
    GLCD_SPI_LPC1700.c                       0x00000000   Number         0  glcd_spi_lpc1700.o ABSOLUTE
    dc.s                                     0x00000000   Number         0  dc.o ABSOLUTE
    fault_injection.c                        0x00000000   Number         0  fault_injection.o ABSOLUTE
    heterogeneous.c                          0x00000000   Number         0  heterogeneous.o ABSOLUTE
    inputs.c                                 0x00000000   Number         0  inputs.o ABSOLUTE
    inputs.c                                 0x00000000   Number         0  inputs.o ABSOLUTE
    main.c                                   0x00000000   Number         0  main.o ABSOLUTE
    main.c                                   0x00000000   Number         0  main.o ABSOLUTE
    redundancy.c                             0x00000000   Number         0  redundancy.o ABSOLUTE
    startup_LPC17xx.s                        0x00000000   Number         0  startup_lpc17xx.o ABSOLUTE
    system_LPC17xx.c                         0x00000000   Number         0  system_lpc17xx.o ABSOLUTE
    system_LPC17xx.c                         0x00000000   Number         0  system_lpc17xx.o ABSOLUTE
    verification.c                           0x00000000   Number         0  verification.o ABSOLUTE
    voting.c                                 0x00000000   Number         0  voting.o ABSOLUTE
    !!!main                                  0x000000cc   Section        8  __main.o(!!!main)
    !!!scatter                               0x000000d4   Section       52  __scatter.o(!!!scatter)
    !!handler_copy                           0x00000108   Section       26  __scatter_copy.o(!!handler_copy)
    !!handler_zi                             0x00000124   Section       28  __scatter_zi.o(!!handler_zi)
    .ARM.Collect$$_printf_percent$$00000000  0x00000140   Section        0  _printf_percent.o(.ARM.Collect$$_printf_percent$$00000000)
    .ARM.Collect$$_printf_percent$$00000003  0x00000140   Section        6  _printf_f.o(.ARM.Collect$$_printf_percent$$00000003)
    .ARM.Collect$$_printf_percent$$00000009  0x00000146   Section        6  _printf_d.o(.ARM.Collect$$_printf_percent$$00000009)
    .ARM.Collect$$_printf_percent$$00000017  0x0000014c   Section        4  _printf_percent_end.o(.ARM.Collect$$_printf_percent$$00000017)
    .ARM.Collect$$libinit$$00000000          0x00000150   Section        2  libinit.o(.ARM.Collect$$libinit$$00000000)
    .ARM.Collect$$libinit$$00000002          0x00000152   Section        0  libinit2.o(.ARM.Collect$$libinit$$00000002)
    .ARM.Collect$$libinit$$00000003          0x00000152   Section        8  libinit2.o(.ARM.Collect$$libinit$$00000003)
    .ARM.Collect$$libinit$$00000008          0x0000015a   Section        0  libinit2.o(.ARM.Collect$$libinit$$00000008)
    .ARM.Collect$$libinit$$0000000A          0x0000015a   Section        0  libinit2.o(.ARM.Collect$$libinit$$0000000A)
    .ARM.Collect$$libinit$$0000000B          0x0000015a   Section        4  libinit2.o(.ARM.Collect$$libinit$$0000000B)
    .ARM.Collect$$libinit$$0000000C          0x0000015e   Section        0  libinit2.o(.ARM.Collect$$libinit$$0000000C)
    .ARM.Collect$$libinit$$0000000D          0x0000015e   Section        6  libinit2.o(.ARM.Collect$$libinit$$0000000D)
    .ARM.Collect$$libinit$$0000000F          0x00000164   Section        0  libinit2.o(.ARM.Collect$$libinit$$0000000F)
    .ARM.Collect$$libinit$$00000011          0x00000164   Section        0  libinit2.o(.ARM.Collect$$libinit$$00000011)
    .ARM.Collect$$libinit$$00000013          0x00000164   Section        0  libinit2.o(.ARM.Collect$$libinit$$00000013)
    .ARM.Collect$$libinit$$00000014          0x00000164   Section       10  libinit2.o(.ARM.Collect$$libinit$$00000014)
    .ARM.Collect$$libinit$$00000015          0x0000016e   Section        0  libinit2.o(.ARM.Collect$$libinit$$00000015)
    .ARM.Collect$$libinit$$00000017          0x0000016e   Section        0  libinit2.o(.ARM.Collect$$libinit$$00000017)
    .ARM.Collect$$libinit$$00000019          0x0000016e   Section        0  libinit2.o(.ARM.Collect$$libinit$$00000019)
    .ARM.Collect$$libinit$$0000001B          0x0000016e   Section        0  libinit2.o(.ARM.Collect$$libinit$$0000001B)
    .ARM.Collect$$libinit$$0000001D          0x0000016e   Section        0  libinit2.o(.ARM.Collect$$libinit$$0000001D)
    .ARM.Collect$$libinit$$0000001F          0x0000016e   Section        0  libinit2.o(.ARM.Collect$$libinit$$0000001F)
    .ARM.Collect$$libinit$$00000021          0x0000016e   Section        0  libinit2.o(.ARM.Collect$$libinit$$00000021)
    .ARM.Collect$$libinit$$00000022          0x0000016e   Section        4  libinit2.o(.ARM.Collect$$libinit$$00000022)
    .ARM.Collect$$libinit$$00000023          0x00000172   Section        0  libinit2.o(.ARM.Collect$$libinit$$00000023)
    .ARM.Collect$$libinit$$0000002A          0x00000172   Section        0  libinit2.o(.ARM.Collect$$libinit$$0000002A)
    .ARM.Collect$$libinit$$0000002C          0x00000172   Section        0  libinit2.o(.ARM.Collect$$libinit$$0000002C)
    .ARM.Collect$$libinit$$0000002E          0x00000172   Section        0  libinit2.o(.ARM.Collect$$libinit$$0000002E)
    .ARM.Collect$$libinit$$00000030          0x00000172   Section        0  libinit2.o(.ARM.Collect$$libinit$$00000030)
    .ARM.Collect$$libinit$$00000031          0x00000172   Section        2  libinit2.o(.ARM.Collect$$libinit$$00000031)
    .ARM.Collect$$libshutdown$$00000000      0x00000174   Section        2  libshutdown.o(.ARM.Collect$$libshutdown$$00000000)
    .ARM.Collect$$libshutdown$$00000002      0x00000176   Section        4  libshutdown2.o(.ARM.Collect$$libshutdown$$00000002)
    .ARM.Collect$$libshutdown$$00000003      0x0000017a   Section        0  libshutdown2.o(.ARM.Collect$$libshutdown$$00000003)
    .ARM.Collect$$libshutdown$$00000006      0x0000017a   Section        0  libshutdown2.o(.ARM.Collect$$libshutdown$$00000006)
    .ARM.Collect$$libshutdown$$00000009      0x0000017a   Section        0  libshutdown2.o(.ARM.Collect$$libshutdown$$00000009)
    .ARM.Collect$$libshutdown$$0000000B      0x0000017a   Section        0  libshutdown2.o(.ARM.Collect$$libshutdown$$0000000B)
    .ARM.Collect$$libshutdown$$0000000E      0x0000017a   Section        0  libshutdown2.o(.ARM.Collect$$libshutdown$$0000000E)
    .ARM.Collect$$libshutdown$$0000000F      0x0000017a   Section        2  libshutdown2.o(.ARM.Collect$$libshutdown$$0000000F)
    .ARM.Collect$$rtentry$$00000000          0x0000017c   Section        0  rtentry.o(.ARM.Collect$$rtentry$$00000000)
    .ARM.Collect$$rtentry$$00000002          0x0000017c   Section        0  rtentry2.o(.ARM.Collect$$rtentry$$00000002)
    .ARM.Collect$$rtentry$$00000004          0x0000017c   Section        6  rtentry4.o(.ARM.Collect$$rtentry$$00000004)
    .ARM.Collect$$rtentry$$00000009          0x00000182   Section        0  rtentry2.o(.ARM.Collect$$rtentry$$00000009)
    .ARM.Collect$$rtentry$$0000000A          0x00000182   Section        4  rtentry2.o(.ARM.Collect$$rtentry$$0000000A)
    .ARM.Collect$$rtentry$$0000000C          0x00000186   Section        0  rtentry2.o(.ARM.Collect$$rtentry$$0000000C)
    .ARM.Collect$$rtentry$$0000000D          0x00000186   Section        8  rtentry2.o(.ARM.Collect$$rtentry$$0000000D)
    .ARM.Collect$$rtexit$$00000000           0x0000018e   Section        2  rtexit.o(.ARM.Collect$$rtexit$$00000000)
    .ARM.Collect$$rtexit$$00000002           0x00000190   Section        0  rtexit2.o(.ARM.Collect$$rtexit$$00000002)
    .ARM.Collect$$rtexit$$00000003           0x00000190   Section        4  rtexit2.o(.ARM.Collect$$rtexit$$00000003)
    .ARM.Collect$$rtexit$$00000004           0x00000194   Section        6  rtexit2.o(.ARM.Collect$$rtexit$$00000004)
    .emb_text                                0x0000019c   Section       52  rand.o(.emb_text)
    .emb_text                                0x000001d0   Section        0  maybetermalloc1.o(.emb_text)
    .text                                    0x000001d0   Section       60  startup_lpc17xx.o(.text)
    .text                                    0x0000020c   Section        0  redundancy.o(.text)
    .text                                    0x000002f0   Section        0  heapauxi.o(.text)
    .text                                    0x000002f6   Section        2  use_no_semi.o(.text)
    .text                                    0x000002f8   Section        0  indicate_semi.o(.text)
    .text                                    0x000002f8   Section        0  hguard.o(.text)
    .ARM.__at_0x02FC                         0x000002fc   Section        4  startup_lpc17xx.o(.ARM.__at_0x02FC)
    .text                                    0x00000300   Section        0  fault_injection.o(.text)
    faulty_int_random                        0x00000311   Thumb Code    66  fault_injection.o(.text)
    faulty_double_random                     0x00000353   Thumb Code    96  fault_injection.o(.text)
    faulty_int_stuck_at                      0x000003b3   Thumb Code    74  fault_injection.o(.text)
    faulty_double_stuck_at                   0x000003fd   Thumb Code   112  fault_injection.o(.text)
    .text                                    0x000004d0   Section        0  system_lpc17xx.o(.text)
    .text                                    0x000006ec   Section        0  glcd_spi_lpc1700.o(.text)
    delay                                    0x000006ed   Thumb Code    14  glcd_spi_lpc1700.o(.text)
    wr_cmd                                   0x000006fb   Thumb Code    36  glcd_spi_lpc1700.o(.text)
    wr_dat                                   0x0000071f   Thumb Code    36  glcd_spi_lpc1700.o(.text)
    rd_reg                                   0x00000743   Thumb Code    66  glcd_spi_lpc1700.o(.text)
    spi_send                                 0x00000e79   Thumb Code    26  glcd_spi_lpc1700.o(.text)
    wr_dat_start                             0x00000e93   Thumb Code    16  glcd_spi_lpc1700.o(.text)
    wr_dat_stop                              0x00000ea3   Thumb Code     8  glcd_spi_lpc1700.o(.text)
    wr_dat_only                              0x00000eab   Thumb Code    18  glcd_spi_lpc1700.o(.text)
    wr_reg                                   0x00000ebd   Thumb Code    20  glcd_spi_lpc1700.o(.text)
    .text                                    0x00000ee8   Section        0  inputs.o(.text)
    .text                                    0x00000fe4   Section        0  main.o(.text)
    .text                                    0x0000125c   Section        0  heterogeneous.o(.text)
    .text                                    0x00001408   Section        0  verification.o(.text)
    .text                                    0x00001484   Section        0  voting.o(.text)
    .text                                    0x000015c4   Section       38  llshl.o(.text)
    .text                                    0x000015ec   Section        0  noretval__2printf.o(.text)
    .text                                    0x00001604   Section        0  noretval__2sprintf.o(.text)
    .text                                    0x0000162c   Section        0  __printf.o(.text)
    .text                                    0x00001698   Section        0  _printf_dec.o(.text)
    .text                                    0x00001710   Section        0  rand.o(.text)
    .text                                    0x0000174c   Section        0  _rserrno.o(.text)
    .text                                    0x00001762   Section        0  _printf_intcommon.o(.text)
    .text                                    0x0000181a   Section        0  _printf_fp_dec.o(.text)
    _fp_digits                               0x0000181d   Thumb Code   426  _printf_fp_dec.o(.text)
    .text                                    0x00001c3c   Section        0  _printf_char_common.o(.text)
    _printf_input_char                       0x00001c3d   Thumb Code    10  _printf_char_common.o(.text)
    .text                                    0x00001c6c   Section        0  _sputc.o(.text)
    .text                                    0x00001c78   Section        0  _printf_char_file.o(.text)
    .text                                    0x00001c9c   Section        8  rt_locale_intlibspace.o(.text)
    .text                                    0x00001ca4   Section        8  rt_errno_addr_intlibspace.o(.text)
    .text                                    0x00001cac   Section      138  lludiv10.o(.text)
    .text                                    0x00001d38   Section        0  _printf_fp_infnan.o(.text)
    .text                                    0x00001db8   Section        0  bigflt0.o(.text)
    .text                                    0x00001e9c   Section        0  ferror.o(.text)
    .text                                    0x00001ea4   Section        0  initio.o(.text)
    .text                                    0x00001fdc   Section        0  sys_io.o(.text)
    .text                                    0x00002044   Section        8  libspace.o(.text)
    .text                                    0x0000204c   Section       74  sys_stackheap_outer.o(.text)
    .text                                    0x00002096   Section        0  h1_free.o(.text)
    .text                                    0x000020e4   Section        0  flsbuf.o(.text)
    .text                                    0x000022c2   Section        0  setvbuf.o(.text)
    .text                                    0x00002308   Section        0  fopen.o(.text)
    _freopen_locked                          0x00002309   Thumb Code     0  fopen.o(.text)
    .text                                    0x000023f4   Section        0  fclose.o(.text)
    .text                                    0x00002440   Section        0  exit.o(.text)
    .text                                    0x0000244c   Section        0  defsig_rtred_outer.o(.text)
    .text                                    0x0000245a   Section       78  rt_memclr_w.o(.text)
    .text                                    0x000024a8   Section      128  strcmpv7m.o(.text)
    .text                                    0x00002528   Section        8  rt_heap_descriptor_intlibspace.o(.text)
    .text                                    0x00002530   Section        0  init_alloc.o(.text)
    .text                                    0x000025ba   Section        0  h1_alloc.o(.text)
    .text                                    0x00002618   Section        0  fseek.o(.text)
    .text                                    0x00002710   Section        0  stdio.o(.text)
    .text                                    0x00002800   Section        0  defsig_exit.o(.text)
    .text                                    0x0000280c   Section        0  defsig_rtred_inner.o(.text)
    .text                                    0x00002840   Section        0  defsig_rtmem_outer.o(.text)
    .text                                    0x0000284e   Section        0  strlen.o(.text)
    .text                                    0x0000288c   Section        0  sys_exit.o(.text)
    .text                                    0x00002898   Section        0  h1_init.o(.text)
    .text                                    0x000028a6   Section        0  h1_extend.o(.text)
    .text                                    0x000028da   Section        0  ftell.o(.text)
    .text                                    0x00002920   Section        0  defsig_general.o(.text)
    .text                                    0x00002954   Section        0  defsig_rtmem_inner.o(.text)
    .text                                    0x000029a4   Section        0  sys_wrch.o(.text)
    CL$$btod_d2e                             0x000029b2   Section       62  btod.o(CL$$btod_d2e)
    CL$$btod_d2e_denorm_low                  0x000029f0   Section       70  btod.o(CL$$btod_d2e_denorm_low)
    CL$$btod_d2e_norm_op1                    0x00002a36   Section       96  btod.o(CL$$btod_d2e_norm_op1)
    CL$$btod_div_common                      0x00002a96   Section      824  btod.o(CL$$btod_div_common)
    CL$$btod_e2e                             0x00002dce   Section      198  btod.o(CL$$btod_e2e)
    CL$$btod_ediv                            0x00002e94   Section       40  btod.o(CL$$btod_ediv)
    CL$$btod_emul                            0x00002ebc   Section       40  btod.o(CL$$btod_emul)
    CL$$btod_mult_common                     0x00002ee4   Section      580  btod.o(CL$$btod_mult_common)
    i.__ARM_fpclassify                       0x00003128   Section        0  fpclassify.o(i.__ARM_fpclassify)
    i.fputc                                  0x00003150   Section        0  fputc.o(i.fputc)
    i.sqrt                                   0x0000316a   Section        0  sqrt.o(i.sqrt)
    locale$$code                             0x000031b8   Section       44  lc_numeric_c.o(locale$$code)
    x$fpl$dadd                               0x000031e4   Section      336  daddsub_clz.o(x$fpl$dadd)
    _dadd1                                   0x000031f5   Thumb Code     0  daddsub_clz.o(x$fpl$dadd)
    x$fpl$dcmpinf                            0x00003334   Section       24  dcmpi.o(x$fpl$dcmpinf)
    x$fpl$ddiv                               0x0000334c   Section      688  ddiv.o(x$fpl$ddiv)
    ddiv_entry                               0x00003353   Thumb Code     0  ddiv.o(x$fpl$ddiv)
    x$fpl$deqf                               0x000035fc   Section      120  deqf.o(x$fpl$deqf)
    x$fpl$dfix                               0x00003674   Section       94  dfix.o(x$fpl$dfix)
    x$fpl$dflt                               0x000036d2   Section       46  dflt_clz.o(x$fpl$dflt)
    x$fpl$dfltu                              0x00003700   Section       38  dflt_clz.o(x$fpl$dfltu)
    x$fpl$dfltull                            0x00003728   Section      138  dfltll_clz.o(x$fpl$dfltull)
    x$fpl$dleqf                              0x000037b4   Section      120  dleqf.o(x$fpl$dleqf)
    x$fpl$dmul                               0x0000382c   Section      340  dmul.o(x$fpl$dmul)
    x$fpl$dnaninf                            0x00003980   Section      156  dnaninf.o(x$fpl$dnaninf)
    x$fpl$dretinf                            0x00003a1c   Section       12  dretinf.o(x$fpl$dretinf)
    x$fpl$dsqrt                              0x00003a28   Section      460  dsqrt_noumaal.o(x$fpl$dsqrt)
    x$fpl$dsub                               0x00003bf4   Section      468  daddsub_clz.o(x$fpl$dsub)
    _dsub1                                   0x00003c05   Thumb Code     0  daddsub_clz.o(x$fpl$dsub)
    x$fpl$printf1                            0x00003dc8   Section        4  printf1.o(x$fpl$printf1)
    .constdata                               0x00003dcc   Section     6272  glcd_spi_lpc1700.o(.constdata)
    x$fpl$usenofp                            0x00003dcc   Section        0  usenofp.o(x$fpl$usenofp)
    .constdata                               0x0000564c   Section      148  bigflt0.o(.constdata)
    tenpwrs_x                                0x0000564c   Data          60  bigflt0.o(.constdata)
    tenpwrs_i                                0x00005688   Data          64  bigflt0.o(.constdata)
    .constdata                               0x000056e0   Section        4  sys_io.o(.constdata)
    .constdata                               0x000056e4   Section        4  sys_io.o(.constdata)
    .constdata                               0x000056e8   Section        4  sys_io.o(.constdata)
    locale$$data                             0x0000570c   Section       28  lc_numeric_c.o(locale$$data)
    __lcnum_c_name                           0x00005710   Data           2  lc_numeric_c.o(locale$$data)
    __lcnum_c_start                          0x00005718   Data           0  lc_numeric_c.o(locale$$data)
    __lcnum_c_point                          0x00005724   Data           0  lc_numeric_c.o(locale$$data)
    __lcnum_c_thousands                      0x00005726   Data           0  lc_numeric_c.o(locale$$data)
    __lcnum_c_grouping                       0x00005727   Data           0  lc_numeric_c.o(locale$$data)
    __lcnum_c_end                            0x00005728   Data           0  lc_numeric_c.o(locale$$data)
    .data                                    0x10000000   Section       28  fault_injection.o(.data)
    .data                                    0x1000001c   Section        4  system_lpc17xx.o(.data)
    .data                                    0x10000020   Section        6  glcd_spi_lpc1700.o(.data)
    TextColor                                0x10000020   Data           2  glcd_spi_lpc1700.o(.data)
    BackColor                                0x10000022   Data           2  glcd_spi_lpc1700.o(.data)
    driverCode                               0x10000024   Data           2  glcd_spi_lpc1700.o(.data)
    .data                                    0x10000028   Section       76  main.o(.data)
    .data                                    0x10000074   Section        4  stdio_streams.o(.data)
    .data                                    0x10000078   Section        4  stdio_streams.o(.data)
    .data                                    0x1000007c   Section        4  stdio_streams.o(.data)
    .bss                                     0x10000080   Section       16  main.o(.bss)
    .bss                                     0x10000090   Section      228  rand.o(.bss)
    .bss                                     0x10000174   Section       84  stdio_streams.o(.bss)
    .bss                                     0x100001c8   Section       84  stdio_streams.o(.bss)
    .bss                                     0x1000021c   Section       84  stdio_streams.o(.bss)
    .bss                                     0x10000270   Section       96  libspace.o(.bss)
    HEAP                                     0x100002d0   Section        0  startup_lpc17xx.o(HEAP)
    STACK                                    0x100002d0   Section      512  startup_lpc17xx.o(STACK)
    Heap_Mem                                 0x100002d0   Data           0  startup_lpc17xx.o(HEAP)
    Stack_Mem                                0x100002d0   Data         512  startup_lpc17xx.o(STACK)
    __initial_sp                             0x100004d0   Data           0  startup_lpc17xx.o(STACK)

    Global Symbols

    Symbol Name                              Value     Ov Type        Size  Object(Section)

    BuildAttributes$$THM_ISAv4$P$D$K$B$S$PE$A:L22UL41UL21$X:L11$S22US41US21$IEEE1$IW$USESV6$~STKCKD$USESV7$~SHL$OTIME$ROPI$IEEEJ$EBA8$UX$STANDARDLIB$REQ8$PRES8$EABIv2 0x00000000   Number         0  anon$$obj.o ABSOLUTE
    __ARM_use_no_argv                        0x00000000   Number         0  main.o ABSOLUTE
    __Vectors                                0x00000000   Data           4  startup_lpc17xx.o(RESET)
    __ARM_exceptions_init                     - Undefined Weak Reference
    __alloca_initialize                       - Undefined Weak Reference
    __cpp_initialize__aeabi_                  - Undefined Weak Reference
    __cxa_finalize                            - Undefined Weak Reference
    __sigvec_lookup                           - Undefined Weak Reference
    __user_heap_extent                        - Undefined Weak Reference
    _atexit_init                              - Undefined Weak Reference
    _call_atexit_fns                          - Undefined Weak Reference
    _clock_init                               - Undefined Weak Reference
    _fp_trap_init                             - Undefined Weak Reference
    _fp_trap_shutdown                         - Undefined Weak Reference
    _get_lc_collate                           - Undefined Weak Reference
    _get_lc_ctype                             - Undefined Weak Reference
    _get_lc_monetary                          - Undefined Weak Reference
    _get_lc_time                              - Undefined Weak Reference
    _getenv_init                              - Undefined Weak Reference
    _handle_redirection                       - Undefined Weak Reference
    _mutex_acquire                            - Undefined Weak Reference
    _mutex_free                               - Undefined Weak Reference
    _mutex_release                            - Undefined Weak Reference
    _printf_post_padding                      - Undefined Weak Reference
    _printf_pre_padding                       - Undefined Weak Reference
    _printf_truncate_signed                   - Undefined Weak Reference
    _printf_truncate_unsigned                 - Undefined Weak Reference
    _signal_finish                            - Undefined Weak Reference
    _signal_init                              - Undefined Weak Reference
    __main                                   0x000000cd   Thumb Code     8  __main.o(!!!main)
    __scatterload                            0x000000d5   Thumb Code     0  __scatter.o(!!!scatter)
    __scatterload_rt2                        0x000000d5   Thumb Code    44  __scatter.o(!!!scatter)
    __scatterload_rt2_thumb_only             0x000000d5   Thumb Code     0  __scatter.o(!!!scatter)
    __scatterload_null                       0x000000e3   Thumb Code     0  __scatter.o(!!!scatter)
    __scatterload_copy                       0x00000109   Thumb Code    26  __scatter_copy.o(!!handler_copy)
    __scatterload_zeroinit                   0x00000125   Thumb Code    28  __scatter_zi.o(!!handler_zi)
    _printf_f                                0x00000141   Thumb Code     0  _printf_f.o(.ARM.Collect$$_printf_percent$$00000003)
    _printf_percent                          0x00000141   Thumb Code     0  _printf_percent.o(.ARM.Collect$$_printf_percent$$00000000)
    _printf_d                                0x00000147   Thumb Code     0  _printf_d.o(.ARM.Collect$$_printf_percent$$00000009)
    _printf_percent_end                      0x0000014d   Thumb Code     0  _printf_percent_end.o(.ARM.Collect$$_printf_percent$$00000017)
    __rt_lib_init                            0x00000151   Thumb Code     0  libinit.o(.ARM.Collect$$libinit$$00000000)
    __rt_lib_init_fp_1                       0x00000153   Thumb Code     0  libinit2.o(.ARM.Collect$$libinit$$00000002)
    __rt_lib_init_heap_2                     0x00000153   Thumb Code     0  libinit2.o(.ARM.Collect$$libinit$$00000003)
    __rt_lib_init_heap_1                     0x0000015b   Thumb Code     0  libinit2.o(.ARM.Collect$$libinit$$00000008)
    __rt_lib_init_rand_2                     0x0000015b   Thumb Code     0  libinit2.o(.ARM.Collect$$libinit$$0000000B)
    __rt_lib_init_user_alloc_1               0x0000015b   Thumb Code     0  libinit2.o(.ARM.Collect$$libinit$$0000000A)
    __rt_lib_init_lc_common                  0x0000015f   Thumb Code     0  libinit2.o(.ARM.Collect$$libinit$$0000000D)
    __rt_lib_init_rand_1                     0x0000015f   Thumb Code     0  libinit2.o(.ARM.Collect$$libinit$$0000000C)
    __rt_lib_init_lc_collate_1               0x00000165   Thumb Code     0  libinit2.o(.ARM.Collect$$libinit$$0000000F)
    __rt_lib_init_lc_ctype_1                 0x00000165   Thumb Code     0  libinit2.o(.ARM.Collect$$libinit$$00000011)
    __rt_lib_init_lc_monetary_1              0x00000165   Thumb Code     0  libinit2.o(.ARM.Collect$$libinit$$00000013)
    __rt_lib_init_lc_numeric_2               0x00000165   Thumb Code     0  libinit2.o(.ARM.Collect$$libinit$$00000014)
    __rt_lib_init_atexit_1                   0x0000016f   Thumb Code     0  libinit2.o(.ARM.Collect$$libinit$$00000019)
    __rt_lib_init_clock_1                    0x0000016f   Thumb Code     0  libinit2.o(.ARM.Collect$$libinit$$0000001F)
    __rt_lib_init_fp_trap_1                  0x0000016f   Thumb Code     0  libinit2.o(.ARM.Collect$$libinit$$0000001D)
    __rt_lib_init_getenv_1                   0x0000016f   Thumb Code     0  libinit2.o(.ARM.Collect$$libinit$$00000021)
    __rt_lib_init_lc_numeric_1               0x0000016f   Thumb Code     0  libinit2.o(.ARM.Collect$$libinit$$00000015)
    __rt_lib_init_lc_time_1                  0x0000016f   Thumb Code     0  libinit2.o(.ARM.Collect$$libinit$$00000017)
    __rt_lib_init_signal_1                   0x0000016f   Thumb Code     0  libinit2.o(.ARM.Collect$$libinit$$0000001B)
    __rt_lib_init_stdio_2                    0x0000016f   Thumb Code     0  libinit2.o(.ARM.Collect$$libinit$$00000022)
    __rt_lib_init_alloca_1                   0x00000173   Thumb Code     0  libinit2.o(.ARM.Collect$$libinit$$0000002C)
    __rt_lib_init_argv_1                     0x00000173   Thumb Code     0  libinit2.o(.ARM.Collect$$libinit$$0000002A)
    __rt_lib_init_cpp_1                      0x00000173   Thumb Code     0  libinit2.o(.ARM.Collect$$libinit$$00000030)
    __rt_lib_init_exceptions_1               0x00000173   Thumb Code     0  libinit2.o(.ARM.Collect$$libinit$$0000002E)
    __rt_lib_init_return                     0x00000173   Thumb Code     0  libinit2.o(.ARM.Collect$$libinit$$00000031)
    __rt_lib_init_stdio_1                    0x00000173   Thumb Code     0  libinit2.o(.ARM.Collect$$libinit$$00000023)
    __rt_lib_shutdown                        0x00000175   Thumb Code     0  libshutdown.o(.ARM.Collect$$libshutdown$$00000000)
    __rt_lib_shutdown_stdio_2                0x00000177   Thumb Code     0  libshutdown2.o(.ARM.Collect$$libshutdown$$00000002)
    __rt_lib_shutdown_fp_trap_1              0x0000017b   Thumb Code     0  libshutdown2.o(.ARM.Collect$$libshutdown$$00000006)
    __rt_lib_shutdown_heap_1                 0x0000017b   Thumb Code     0  libshutdown2.o(.ARM.Collect$$libshutdown$$0000000E)
    __rt_lib_shutdown_return                 0x0000017b   Thumb Code     0  libshutdown2.o(.ARM.Collect$$libshutdown$$0000000F)
    __rt_lib_shutdown_signal_1               0x0000017b   Thumb Code     0  libshutdown2.o(.ARM.Collect$$libshutdown$$00000009)
    __rt_lib_shutdown_stdio_1                0x0000017b   Thumb Code     0  libshutdown2.o(.ARM.Collect$$libshutdown$$00000003)
    __rt_lib_shutdown_user_alloc_1           0x0000017b   Thumb Code     0  libshutdown2.o(.ARM.Collect$$libshutdown$$0000000B)
    __rt_entry                               0x0000017d   Thumb Code     0  rtentry.o(.ARM.Collect$$rtentry$$00000000)
    __rt_entry_presh_1                       0x0000017d   Thumb Code     0  rtentry2.o(.ARM.Collect$$rtentry$$00000002)
    __rt_entry_sh                            0x0000017d   Thumb Code     0  rtentry4.o(.ARM.Collect$$rtentry$$00000004)
    __rt_entry_li                            0x00000183   Thumb Code     0  rtentry2.o(.ARM.Collect$$rtentry$$0000000A)
    __rt_entry_postsh_1                      0x00000183   Thumb Code     0  rtentry2.o(.ARM.Collect$$rtentry$$00000009)
    __rt_entry_main                          0x00000187   Thumb Code     0  rtentry2.o(.ARM.Collect$$rtentry$$0000000D)
    __rt_entry_postli_1                      0x00000187   Thumb Code     0  rtentry2.o(.ARM.Collect$$rtentry$$0000000C)
    __rt_exit                                0x0000018f   Thumb Code     0  rtexit.o(.ARM.Collect$$rtexit$$00000000)
    __rt_exit_ls                             0x00000191   Thumb Code     0  rtexit2.o(.ARM.Collect$$rtexit$$00000003)
    __rt_exit_prels_1                        0x00000191   Thumb Code     0  rtexit2.o(.ARM.Collect$$rtexit$$00000002)
    __rt_exit_exit                           0x00000195   Thumb Code     0  rtexit2.o(.ARM.Collect$$rtexit$$00000004)
    rand                                     0x0000019d   Thumb Code    48  rand.o(.emb_text)
    Reset_Handler                            0x000001d1   Thumb Code     8  startup_lpc17xx.o(.text)
    _maybe_terminate_alloc                   0x000001d1   Thumb Code     0  maybetermalloc1.o(.emb_text)
    NMI_Handler                              0x000001d9   Thumb Code     2  startup_lpc17xx.o(.text)
    HardFault_Handler                        0x000001db   Thumb Code     2  startup_lpc17xx.o(.text)
    MemManage_Handler                        0x000001dd   Thumb Code     2  startup_lpc17xx.o(.text)
    BusFault_Handler                         0x000001df   Thumb Code     2  startup_lpc17xx.o(.text)
    UsageFault_Handler                       0x000001e1   Thumb Code     2  startup_lpc17xx.o(.text)
    SVC_Handler                              0x000001e3   Thumb Code     2  startup_lpc17xx.o(.text)
    DebugMon_Handler                         0x000001e5   Thumb Code     2  startup_lpc17xx.o(.text)
    PendSV_Handler                           0x000001e7   Thumb Code     2  startup_lpc17xx.o(.text)
    SysTick_Handler                          0x000001e9   Thumb Code     2  startup_lpc17xx.o(.text)
    ADC_IRQHandler                           0x000001eb   Thumb Code     0  startup_lpc17xx.o(.text)
    BOD_IRQHandler                           0x000001eb   Thumb Code     0  startup_lpc17xx.o(.text)
    CANActivity_IRQHandler                   0x000001eb   Thumb Code     0  startup_lpc17xx.o(.text)
    CAN_IRQHandler                           0x000001eb   Thumb Code     0  startup_lpc17xx.o(.text)
    DMA_IRQHandler                           0x000001eb   Thumb Code     0  startup_lpc17xx.o(.text)
    EINT0_IRQHandler                         0x000001eb   Thumb Code     0  startup_lpc17xx.o(.text)
    EINT1_IRQHandler                         0x000001eb   Thumb Code     0  startup_lpc17xx.o(.text)
    EINT2_IRQHandler                         0x000001eb   Thumb Code     0  startup_lpc17xx.o(.text)
    EINT3_IRQHandler                         0x000001eb   Thumb Code     0  startup_lpc17xx.o(.text)
    ENET_IRQHandler                          0x000001eb   Thumb Code     0  startup_lpc17xx.o(.text)
    I2C0_IRQHandler                          0x000001eb   Thumb Code     0  startup_lpc17xx.o(.text)
    I2C1_IRQHandler                          0x000001eb   Thumb Code     0  startup_lpc17xx.o(.text)
    I2C2_IRQHandler                          0x000001eb   Thumb Code     0  startup_lpc17xx.o(.text)
    I2S_IRQHandler                           0x000001eb   Thumb Code     0  startup_lpc17xx.o(.text)
    MCPWM_IRQHandler                         0x000001eb   Thumb Code     0  startup_lpc17xx.o(.text)
    PLL0_IRQHandler                          0x000001eb   Thumb Code     0  startup_lpc17xx.o(.text)
    PLL1_IRQHandler                          0x000001eb   Thumb Code     0  startup_lpc17xx.o(.text)
    PWM1_IRQHandler                          0x000001eb   Thumb Code     0  startup_lpc17xx.o(.text)
    QEI_IRQHandler                           0x000001eb   Thumb Code     0  startup_lpc17xx.o(.text)
    RIT_IRQHandler                           0x000001eb   Thumb Code     0  startup_lpc17xx.o(.text)
    RTC_IRQHandler                           0x000001eb   Thumb Code     0  startup_lpc17xx.o(.text)
    SPI_IRQHandler                           0x000001eb   Thumb Code     0  startup_lpc17xx.o(.text)
    SSP0_IRQHandler                          0x000001eb   Thumb Code     0  startup_lpc17xx.o(.text)
    SSP1_IRQHandler                          0x000001eb   Thumb Code     0  startup_lpc17xx.o(.text)
    TIMER1_IRQHandler                        0x000001eb   Thumb Code     0  startup_lpc17xx.o(.text)
    TIMER2_IRQHandler                        0x000001eb   Thumb Code     0  startup_lpc17xx.o(.text)
    TIMER3_IRQHandler                        0x000001eb   Thumb Code     0  startup_lpc17xx.o(.text)
    UART0_IRQHandler                         0x000001eb   Thumb Code     0  startup_lpc17xx.o(.text)
    UART1_IRQHandler                         0x000001eb   Thumb Code     0  startup_lpc17xx.o(.text)
    UART2_IRQHandler                         0x000001eb   Thumb Code     0  startup_lpc17xx.o(.text)
    UART3_IRQHandler                         0x000001eb   Thumb Code     0  startup_lpc17xx.o(.text)
    USBActivity_IRQHandler                   0x000001eb   Thumb Code     0  startup_lpc17xx.o(.text)
    USB_IRQHandler                           0x000001eb   Thumb Code     0  startup_lpc17xx.o(.text)
    WDT_IRQHandler                           0x000001eb   Thumb Code     0  startup_lpc17xx.o(.text)
    __user_initial_stackheap                 0x000001ed   Thumb Code     0  startup_lpc17xx.o(.text)
    read_integer                             0x0000020d   Thumb Code    40  redundancy.o(.text)
    write_integer                            0x00000235   Thumb Code     8  redundancy.o(.text)
    read_double                              0x0000023d   Thumb Code    98  redundancy.o(.text)
    write_double                             0x0000029f   Thumb Code    42  redundancy.o(.text)
    __use_two_region_memory                  0x000002f1   Thumb Code     2  heapauxi.o(.text)
    __rt_heap_escrow                         0x000002f3   Thumb Code     2  heapauxi.o(.text)
    __rt_heap_expand                         0x000002f5   Thumb Code     2  heapauxi.o(.text)
    __I$use$semihosting                      0x000002f7   Thumb Code     0  use_no_semi.o(.text)
    __use_no_semihosting_swi                 0x000002f7   Thumb Code     2  use_no_semi.o(.text)
    __semihosting_library_function           0x000002f9   Thumb Code     0  indicate_semi.o(.text)
    __use_no_heap                            0x000002f9   Thumb Code     2  hguard.o(.text)
    __heap$guard                             0x000002fb   Thumb Code     2  hguard.o(.text)
    fault_injection_reset                    0x00000301   Thumb Code    16  fault_injection.o(.text)
    faulty_int                               0x0000046d   Thumb Code    32  fault_injection.o(.text)
    faulty_double                            0x0000048d   Thumb Code    40  fault_injection.o(.text)
    SystemInit                               0x000004d1   Thumb Code   476  system_lpc17xx.o(.text)
    GLCD_Init                                0x00000785   Thumb Code   814  glcd_spi_lpc1700.o(.text)
    GLCD_SetWindow                           0x00000ab3   Thumb Code   106  glcd_spi_lpc1700.o(.text)
    GLCD_WindowMax                           0x00000b1d   Thumb Code    18  glcd_spi_lpc1700.o(.text)
    GLCD_PutPixel                            0x00000b2f   Thumb Code    44  glcd_spi_lpc1700.o(.text)
    GLCD_SetTextColor                        0x00000b5b   Thumb Code     6  glcd_spi_lpc1700.o(.text)
    GLCD_SetBackColor                        0x00000b61   Thumb Code     6  glcd_spi_lpc1700.o(.text)
    GLCD_Clear                               0x00000b67   Thumb Code    42  glcd_spi_lpc1700.o(.text)
    GLCD_DrawChar_U8                         0x00000b91   Thumb Code   112  glcd_spi_lpc1700.o(.text)
    GLCD_DrawChar_U16                        0x00000c01   Thumb Code   112  glcd_spi_lpc1700.o(.text)
    GLCD_DisplayChar                         0x00000c71   Thumb Code    84  glcd_spi_lpc1700.o(.text)
    GLCD_DisplayString                       0x00000cc5   Thumb Code    44  glcd_spi_lpc1700.o(.text)
    GLCD_ClearLn                             0x00000cf1   Thumb Code    94  glcd_spi_lpc1700.o(.text)
    GLCD_Bargraph                            0x00000d4f   Thumb Code   106  glcd_spi_lpc1700.o(.text)
    GLCD_Bitmap                              0x00000db9   Thumb Code    90  glcd_spi_lpc1700.o(.text)
    GLCD_Bmp                                 0x00000e13   Thumb Code   100  glcd_spi_lpc1700.o(.text)
    GLCD_ScrollVertical                      0x00000e77   Thumb Code     2  glcd_spi_lpc1700.o(.text)
    input_init                               0x00000ee9   Thumb Code    26  inputs.o(.text)
    joystick_init                            0x00000f03   Thumb Code    26  inputs.o(.text)
    read_joystick                            0x00000f1d   Thumb Code    12  inputs.o(.text)
    led_init                                 0x00000f29   Thumb Code    24  inputs.o(.text)
    potentiometer_init                       0x00000f41   Thumb Code    50  inputs.o(.text)
    debounce                                 0x00000f73   Thumb Code    86  inputs.o(.text)
    timer0_init                              0x00000fe5   Thumb Code    50  main.o(.text)
    TIMER0_IRQHandler                        0x00001017   Thumb Code    30  main.o(.text)
    init_setup                               0x00001035   Thumb Code    52  main.o(.text)
    poll_potentiometer                       0x00001069   Thumb Code    42  main.o(.text)
    main                                     0x00001093   Thumb Code   378  main.o(.text)
    c_sqrt                                   0x0000125d   Thumb Code    16  heterogeneous.o(.text)
    binary_search                            0x0000126d   Thumb Code   168  heterogeneous.o(.text)
    heterogeneous                            0x00001315   Thumb Code   214  heterogeneous.o(.text)
    inverse                                  0x00001409   Thumb Code   108  verification.o(.text)
    newton_raphson                           0x00001485   Thumb Code    74  voting.o(.text)
    voting_system                            0x000014cf   Thumb Code   218  voting.o(.text)
    __aeabi_llsl                             0x000015c5   Thumb Code     0  llshl.o(.text)
    _ll_shift_l                              0x000015c5   Thumb Code    38  llshl.o(.text)
    __2printf                                0x000015ed   Thumb Code    20  noretval__2printf.o(.text)
    __2sprintf                               0x00001605   Thumb Code    34  noretval__2sprintf.o(.text)
    __printf                                 0x0000162d   Thumb Code   106  __printf.o(.text)
    _printf_int_dec                          0x00001699   Thumb Code   102  _printf_dec.o(.text)
    srand                                    0x00001711   Thumb Code    42  rand.o(.text)
    _rand_init                               0x0000173b   Thumb Code     4  rand.o(.text)
    __read_errno                             0x0000174d   Thumb Code    10  _rserrno.o(.text)
    __set_errno                              0x00001757   Thumb Code    12  _rserrno.o(.text)
    _printf_int_common                       0x00001763   Thumb Code   184  _printf_intcommon.o(.text)
    __lib_sel_fp_printf                      0x0000181b   Thumb Code     2  _printf_fp_dec.o(.text)
    _printf_fp_dec_real                      0x000019c7   Thumb Code   628  _printf_fp_dec.o(.text)
    _printf_char_common                      0x00001c47   Thumb Code    32  _printf_char_common.o(.text)
    _sputc                                   0x00001c6d   Thumb Code    10  _sputc.o(.text)
    _printf_char_file                        0x00001c79   Thumb Code    32  _printf_char_file.o(.text)
    __rt_locale                              0x00001c9d   Thumb Code     8  rt_locale_intlibspace.o(.text)
    __aeabi_errno_addr                       0x00001ca5   Thumb Code     8  rt_errno_addr_intlibspace.o(.text)
    __errno$intlibspace                      0x00001ca5   Thumb Code     0  rt_errno_addr_intlibspace.o(.text)
    __rt_errno_addr$intlibspace              0x00001ca5   Thumb Code     0  rt_errno_addr_intlibspace.o(.text)
    _ll_udiv10                               0x00001cad   Thumb Code   138  lludiv10.o(.text)
    _printf_fp_infnan                        0x00001d39   Thumb Code   112  _printf_fp_infnan.o(.text)
    _btod_etento                             0x00001db9   Thumb Code   222  bigflt0.o(.text)
    ferror                                   0x00001e9d   Thumb Code     8  ferror.o(.text)
    _initio                                  0x00001ea5   Thumb Code   210  initio.o(.text)
    _terminateio                             0x00001f77   Thumb Code    56  initio.o(.text)
    _sys_open                                0x00001fdd   Thumb Code    20  sys_io.o(.text)
    _sys_close                               0x00001ff1   Thumb Code    12  sys_io.o(.text)
    _sys_write                               0x00001ffd   Thumb Code    16  sys_io.o(.text)
    _sys_read                                0x0000200d   Thumb Code    14  sys_io.o(.text)
    _sys_istty                               0x0000201b   Thumb Code    12  sys_io.o(.text)
    _sys_seek                                0x00002027   Thumb Code    14  sys_io.o(.text)
    _sys_ensure                              0x00002035   Thumb Code     2  sys_io.o(.text)
    _sys_flen                                0x00002037   Thumb Code    12  sys_io.o(.text)
    __user_libspace                          0x00002045   Thumb Code     8  libspace.o(.text)
    __user_perproc_libspace                  0x00002045   Thumb Code     0  libspace.o(.text)
    __user_perthread_libspace                0x00002045   Thumb Code     0  libspace.o(.text)
    __user_setup_stackheap                   0x0000204d   Thumb Code    74  sys_stackheap_outer.o(.text)
    free                                     0x00002097   Thumb Code    78  h1_free.o(.text)
    __flsbuf                                 0x000020e5   Thumb Code   478  flsbuf.o(.text)
    __flsbuf_byte                            0x000020e5   Thumb Code     0  flsbuf.o(.text)
    __flsbuf_wide                            0x000020e5   Thumb Code     0  flsbuf.o(.text)
    setvbuf                                  0x000022c3   Thumb Code    70  setvbuf.o(.text)
    freopen                                  0x00002309   Thumb Code   158  fopen.o(.text)
    fopen                                    0x000023a7   Thumb Code    74  fopen.o(.text)
    _fclose_internal                         0x000023f5   Thumb Code    76  fclose.o(.text)
    fclose                                   0x000023f5   Thumb Code     0  fclose.o(.text)
    exit                                     0x00002441   Thumb Code    12  exit.o(.text)
    __rt_SIGRTRED                            0x0000244d   Thumb Code    14  defsig_rtred_outer.o(.text)
    __aeabi_memclr4                          0x0000245b   Thumb Code     0  rt_memclr_w.o(.text)
    __aeabi_memclr8                          0x0000245b   Thumb Code     0  rt_memclr_w.o(.text)
    __rt_memclr_w                            0x0000245b   Thumb Code    78  rt_memclr_w.o(.text)
    _memset_w                                0x0000245f   Thumb Code     0  rt_memclr_w.o(.text)
    strcmp                                   0x000024a9   Thumb Code   128  strcmpv7m.o(.text)
    __rt_heap_descriptor                     0x00002529   Thumb Code     8  rt_heap_descriptor_intlibspace.o(.text)
    _terminate_user_alloc                    0x00002531   Thumb Code     2  init_alloc.o(.text)
    _init_user_alloc                         0x00002533   Thumb Code     2  init_alloc.o(.text)
    __Heap_Full                              0x00002535   Thumb Code    34  init_alloc.o(.text)
    __Heap_Broken                            0x00002557   Thumb Code     6  init_alloc.o(.text)
    _init_alloc                              0x0000255d   Thumb Code    94  init_alloc.o(.text)
    malloc                                   0x000025bb   Thumb Code    94  h1_alloc.o(.text)
    _fseek                                   0x00002619   Thumb Code   242  fseek.o(.text)
    fseek                                    0x00002619   Thumb Code     0  fseek.o(.text)
    _seterr                                  0x00002711   Thumb Code    20  stdio.o(.text)
    _writebuf                                0x00002725   Thumb Code    84  stdio.o(.text)
    _fflush                                  0x00002779   Thumb Code    70  stdio.o(.text)
    _deferredlazyseek                        0x000027bf   Thumb Code    60  stdio.o(.text)
    __sig_exit                               0x00002801   Thumb Code    10  defsig_exit.o(.text)
    __rt_SIGRTRED_inner                      0x0000280d   Thumb Code    14  defsig_rtred_inner.o(.text)
    __rt_SIGRTMEM                            0x00002841   Thumb Code    14  defsig_rtmem_outer.o(.text)
    strlen                                   0x0000284f   Thumb Code    62  strlen.o(.text)
    _sys_exit                                0x0000288d   Thumb Code     8  sys_exit.o(.text)
    __Heap_Initialize                        0x00002899   Thumb Code    10  h1_init.o(.text)
    __Heap_DescSize                          0x000028a3   Thumb Code     4  h1_init.o(.text)
    __Heap_ProvideMemory                     0x000028a7   Thumb Code    52  h1_extend.o(.text)
    _ftell_internal                          0x000028db   Thumb Code    70  ftell.o(.text)
    ftell                                    0x000028db   Thumb Code     0  ftell.o(.text)
    __default_signal_display                 0x00002921   Thumb Code    50  defsig_general.o(.text)
    __rt_SIGRTMEM_inner                      0x00002955   Thumb Code    22  defsig_rtmem_inner.o(.text)
    _ttywrch                                 0x000029a5   Thumb Code    14  sys_wrch.o(.text)
    _btod_d2e                                0x000029b3   Thumb Code    62  btod.o(CL$$btod_d2e)
    _d2e_denorm_low                          0x000029f1   Thumb Code    70  btod.o(CL$$btod_d2e_denorm_low)
    _d2e_norm_op1                            0x00002a37   Thumb Code    96  btod.o(CL$$btod_d2e_norm_op1)
    __btod_div_common                        0x00002a97   Thumb Code   696  btod.o(CL$$btod_div_common)
    _e2e                                     0x00002dcf   Thumb Code   198  btod.o(CL$$btod_e2e)
    _btod_ediv                               0x00002e95   Thumb Code    40  btod.o(CL$$btod_ediv)
    _btod_emul                               0x00002ebd   Thumb Code    40  btod.o(CL$$btod_emul)
    __btod_mult_common                       0x00002ee5   Thumb Code   580  btod.o(CL$$btod_mult_common)
    __ARM_fpclassify                         0x00003129   Thumb Code    40  fpclassify.o(i.__ARM_fpclassify)
    fputc                                    0x00003151   Thumb Code    26  fputc.o(i.fputc)
    sqrt                                     0x0000316b   Thumb Code    78  sqrt.o(i.sqrt)
    _get_lc_numeric                          0x000031b9   Thumb Code    44  lc_numeric_c.o(locale$$code)
    __aeabi_dadd                             0x000031e5   Thumb Code     0  daddsub_clz.o(x$fpl$dadd)
    _dadd                                    0x000031e5   Thumb Code   332  daddsub_clz.o(x$fpl$dadd)
    __fpl_dcmp_Inf                           0x00003335   Thumb Code    24  dcmpi.o(x$fpl$dcmpinf)
    __aeabi_ddiv                             0x0000334d   Thumb Code     0  ddiv.o(x$fpl$ddiv)
    _ddiv                                    0x0000334d   Thumb Code   552  ddiv.o(x$fpl$ddiv)
    __aeabi_cdcmpeq                          0x000035fd   Thumb Code     0  deqf.o(x$fpl$deqf)
    _dcmpeq                                  0x000035fd   Thumb Code   120  deqf.o(x$fpl$deqf)
    __aeabi_d2iz                             0x00003675   Thumb Code     0  dfix.o(x$fpl$dfix)
    _dfix                                    0x00003675   Thumb Code    94  dfix.o(x$fpl$dfix)
    __aeabi_i2d                              0x000036d3   Thumb Code     0  dflt_clz.o(x$fpl$dflt)
    _dflt                                    0x000036d3   Thumb Code    46  dflt_clz.o(x$fpl$dflt)
    __aeabi_ui2d                             0x00003701   Thumb Code     0  dflt_clz.o(x$fpl$dfltu)
    _dfltu                                   0x00003701   Thumb Code    38  dflt_clz.o(x$fpl$dfltu)
    __aeabi_ul2d                             0x00003729   Thumb Code     0  dfltll_clz.o(x$fpl$dfltull)
    _ll_uto_d                                0x00003729   Thumb Code   138  dfltll_clz.o(x$fpl$dfltull)
    __aeabi_cdcmple                          0x000037b5   Thumb Code     0  dleqf.o(x$fpl$dleqf)
    _dcmple                                  0x000037b5   Thumb Code   120  dleqf.o(x$fpl$dleqf)
    __fpl_dcmple_InfNaN                      0x00003817   Thumb Code     0  dleqf.o(x$fpl$dleqf)
    __aeabi_dmul                             0x0000382d   Thumb Code     0  dmul.o(x$fpl$dmul)
    _dmul                                    0x0000382d   Thumb Code   332  dmul.o(x$fpl$dmul)
    __fpl_dnaninf                            0x00003981   Thumb Code   156  dnaninf.o(x$fpl$dnaninf)
    __fpl_dretinf                            0x00003a1d   Thumb Code    12  dretinf.o(x$fpl$dretinf)
    _dsqrt                                   0x00003a29   Thumb Code   456  dsqrt_noumaal.o(x$fpl$dsqrt)
    __aeabi_dsub                             0x00003bf5   Thumb Code     0  daddsub_clz.o(x$fpl$dsub)
    _dsub                                    0x00003bf5   Thumb Code   464  daddsub_clz.o(x$fpl$dsub)
    _printf_fp_dec                           0x00003dc9   Thumb Code     4  printf1.o(x$fpl$printf1)
    Font_6x8_h                               0x00003dcc   Data         896  glcd_spi_lpc1700.o(.constdata)
    __I$use$fp                               0x00003dcc   Number         0  usenofp.o(x$fpl$usenofp)
    Font_16x24_h                             0x0000414c   Data        5376  glcd_spi_lpc1700.o(.constdata)
    __stdin_name                             0x000056e0   Data           4  sys_io.o(.constdata)
    __stdout_name                            0x000056e4   Data           4  sys_io.o(.constdata)
    __stderr_name                            0x000056e8   Data           4  sys_io.o(.constdata)
    Region$$Table$$Base                      0x000056ec   Number         0  anon$$obj.o(Region$$Table)
    Region$$Table$$Limit                     0x0000570c   Number         0  anon$$obj.o(Region$$Table)
    random_fault_injected                    0x10000000   Data           4  fault_injection.o(.data)
    stuck_at_fault_int_injected              0x10000004   Data           4  fault_injection.o(.data)
    stuck_at_fault_double_injected           0x10000008   Data           4  fault_injection.o(.data)
    stuck_at_bit_int                         0x1000000c   Data           4  fault_injection.o(.data)
    stuck_at_bit_double                      0x10000010   Data           4  fault_injection.o(.data)
    stuck_at_value_int                       0x10000014   Data           4  fault_injection.o(.data)
    stuck_at_value_double                    0x10000018   Data           4  fault_injection.o(.data)
    SystemFrequency                          0x1000001c   Data           4  system_lpc17xx.o(.data)
    mode                                     0x10000028   Data           4  main.o(.data)
    fault_type                               0x1000002c   Data           4  main.o(.data)
    data_type                                0x10000030   Data           4  main.o(.data)
    first                                    0x10000038   Data           8  main.o(.data)
    second                                   0x10000040   Data           8  main.o(.data)
    third                                    0x10000048   Data           8  main.o(.data)
    answer                                   0x10000050   Data           8  main.o(.data)
    joystick_val                             0x10000058   Data           4  main.o(.data)
    d_test_val                               0x10000060   Data           8  main.o(.data)
    i_test_val                               0x10000068   Data           4  main.o(.data)
    original_int                             0x1000006c   Data           8  main.o(.data)
    __aeabi_stdin                            0x10000074   Data           4  stdio_streams.o(.data)
    __aeabi_stdout                           0x10000078   Data           4  stdio_streams.o(.data)
    __aeabi_stderr                           0x1000007c   Data           4  stdio_streams.o(.data)
    original_double                          0x10000080   Data          16  main.o(.bss)
    _random_number_data                      0x10000090   Data         228  rand.o(.bss)
    __stdin                                  0x10000174   Data          84  stdio_streams.o(.bss)
    __stdout                                 0x100001c8   Data          84  stdio_streams.o(.bss)
    __stderr                                 0x1000021c   Data          84  stdio_streams.o(.bss)
    __libspace_start                         0x10000270   Data          96  libspace.o(.bss)
    __temporary_stack_top$libspace           0x100002d0   Data           0  libspace.o(.bss)



==============================================================================

Memory Map of the image

  Image Entry point : 0x000000cd

  Load Region LR_IROM1 (Base: 0x00000000, Size: 0x000057a8, Max: 0x00080000, ABSOLUTE)

    Execution Region ER_IROM1 (Base: 0x00000000, Size: 0x00005728, Max: 0x00080000, ABSOLUTE)

    Base Addr    Size         Type   Attr      Idx    E Section Name        Object

    0x00000000   0x000000cc   Data   RO            3    RESET               startup_lpc17xx.o
    0x000000cc   0x00000008   Code   RO          292  * !!!main             c_w.l(__main.o)
    0x000000d4   0x00000034   Code   RO          741    !!!scatter          c_w.l(__scatter.o)
    0x00000108   0x0000001a   Code   RO          743    !!handler_copy      c_w.l(__scatter_copy.o)
    0x00000122   0x00000002   PAD
    0x00000124   0x0000001c   Code   RO          745    !!handler_zi        c_w.l(__scatter_zi.o)
    0x00000140   0x00000000   Code   RO          284    .ARM.Collect$$_printf_percent$$00000000  c_w.l(_printf_percent.o)
    0x00000140   0x00000006   Code   RO          283    .ARM.Collect$$_printf_percent$$00000003  c_w.l(_printf_f.o)
    0x00000146   0x00000006   Code   RO          282    .ARM.Collect$$_printf_percent$$00000009  c_w.l(_printf_d.o)
    0x0000014c   0x00000004   Code   RO          347    .ARM.Collect$$_printf_percent$$00000017  c_w.l(_printf_percent_end.o)
    0x00000150   0x00000002   Code   RO          590    .ARM.Collect$$libinit$$00000000  c_w.l(libinit.o)
    0x00000152   0x00000000   Code   RO          355    .ARM.Collect$$libinit$$00000002  c_w.l(libinit2.o)
    0x00000152   0x00000008   Code   RO          356    .ARM.Collect$$libinit$$00000003  c_w.l(libinit2.o)
    0x0000015a   0x00000000   Code   RO          358    .ARM.Collect$$libinit$$00000008  c_w.l(libinit2.o)
    0x0000015a   0x00000000   Code   RO          360    .ARM.Collect$$libinit$$0000000A  c_w.l(libinit2.o)
    0x0000015a   0x00000004   Code   RO          361    .ARM.Collect$$libinit$$0000000B  c_w.l(libinit2.o)
    0x0000015e   0x00000000   Code   RO          362    .ARM.Collect$$libinit$$0000000C  c_w.l(libinit2.o)
    0x0000015e   0x00000006   Code   RO          363    .ARM.Collect$$libinit$$0000000D  c_w.l(libinit2.o)
    0x00000164   0x00000000   Code   RO          365    .ARM.Collect$$libinit$$0000000F  c_w.l(libinit2.o)
    0x00000164   0x00000000   Code   RO          367    .ARM.Collect$$libinit$$00000011  c_w.l(libinit2.o)
    0x00000164   0x00000000   Code   RO          369    .ARM.Collect$$libinit$$00000013  c_w.l(libinit2.o)
    0x00000164   0x0000000a   Code   RO          370    .ARM.Collect$$libinit$$00000014  c_w.l(libinit2.o)
    0x0000016e   0x00000000   Code   RO          371    .ARM.Collect$$libinit$$00000015  c_w.l(libinit2.o)
    0x0000016e   0x00000000   Code   RO          373    .ARM.Collect$$libinit$$00000017  c_w.l(libinit2.o)
    0x0000016e   0x00000000   Code   RO          375    .ARM.Collect$$libinit$$00000019  c_w.l(libinit2.o)
    0x0000016e   0x00000000   Code   RO          377    .ARM.Collect$$libinit$$0000001B  c_w.l(libinit2.o)
    0x0000016e   0x00000000   Code   RO          379    .ARM.Collect$$libinit$$0000001D  c_w.l(libinit2.o)
    0x0000016e   0x00000000   Code   RO          381    .ARM.Collect$$libinit$$0000001F  c_w.l(libinit2.o)
    0x0000016e   0x00000000   Code   RO          383    .ARM.Collect$$libinit$$00000021  c_w.l(libinit2.o)
    0x0000016e   0x00000004   Code   RO          384    .ARM.Collect$$libinit$$00000022  c_w.l(libinit2.o)
    0x00000172   0x00000000   Code   RO          385    .ARM.Collect$$libinit$$00000023  c_w.l(libinit2.o)
    0x00000172   0x00000000   Code   RO          389    .ARM.Collect$$libinit$$0000002A  c_w.l(libinit2.o)
    0x00000172   0x00000000   Code   RO          391    .ARM.Collect$$libinit$$0000002C  c_w.l(libinit2.o)
    0x00000172   0x00000000   Code   RO          393    .ARM.Collect$$libinit$$0000002E  c_w.l(libinit2.o)
    0x00000172   0x00000000   Code   RO          395    .ARM.Collect$$libinit$$00000030  c_w.l(libinit2.o)
    0x00000172   0x00000002   Code   RO          396    .ARM.Collect$$libinit$$00000031  c_w.l(libinit2.o)
    0x00000174   0x00000002   Code   RO          720    .ARM.Collect$$libshutdown$$00000000  c_w.l(libshutdown.o)
    0x00000176   0x00000004   Code   RO          592    .ARM.Collect$$libshutdown$$00000002  c_w.l(libshutdown2.o)
    0x0000017a   0x00000000   Code   RO          593    .ARM.Collect$$libshutdown$$00000003  c_w.l(libshutdown2.o)
    0x0000017a   0x00000000   Code   RO          596    .ARM.Collect$$libshutdown$$00000006  c_w.l(libshutdown2.o)
    0x0000017a   0x00000000   Code   RO          599    .ARM.Collect$$libshutdown$$00000009  c_w.l(libshutdown2.o)
    0x0000017a   0x00000000   Code   RO          601    .ARM.Collect$$libshutdown$$0000000B  c_w.l(libshutdown2.o)
    0x0000017a   0x00000000   Code   RO          604    .ARM.Collect$$libshutdown$$0000000E  c_w.l(libshutdown2.o)
    0x0000017a   0x00000002   Code   RO          605    .ARM.Collect$$libshutdown$$0000000F  c_w.l(libshutdown2.o)
    0x0000017c   0x00000000   Code   RO          334    .ARM.Collect$$rtentry$$00000000  c_w.l(rtentry.o)
    0x0000017c   0x00000000   Code   RO          407    .ARM.Collect$$rtentry$$00000002  c_w.l(rtentry2.o)
    0x0000017c   0x00000006   Code   RO          419    .ARM.Collect$$rtentry$$00000004  c_w.l(rtentry4.o)
    0x00000182   0x00000000   Code   RO          409    .ARM.Collect$$rtentry$$00000009  c_w.l(rtentry2.o)
    0x00000182   0x00000004   Code   RO          410    .ARM.Collect$$rtentry$$0000000A  c_w.l(rtentry2.o)
    0x00000186   0x00000000   Code   RO          412    .ARM.Collect$$rtentry$$0000000C  c_w.l(rtentry2.o)
    0x00000186   0x00000008   Code   RO          413    .ARM.Collect$$rtentry$$0000000D  c_w.l(rtentry2.o)
    0x0000018e   0x00000002   Code   RO          613    .ARM.Collect$$rtexit$$00000000  c_w.l(rtexit.o)
    0x00000190   0x00000000   Code   RO          673    .ARM.Collect$$rtexit$$00000002  c_w.l(rtexit2.o)
    0x00000190   0x00000004   Code   RO          674    .ARM.Collect$$rtexit$$00000003  c_w.l(rtexit2.o)
    0x00000194   0x00000006   Code   RO          675    .ARM.Collect$$rtexit$$00000004  c_w.l(rtexit2.o)
    0x0000019a   0x00000002   PAD
    0x0000019c   0x00000034   Code   RO          285    .emb_text           c_w.l(rand.o)
    0x000001d0   0x00000000   Code   RO          679    .emb_text           c_w.l(maybetermalloc1.o)
    0x000001d0   0x0000003c   Code   RO            5    .text               startup_lpc17xx.o
    0x0000020c   0x000000e4   Code   RO          210    .text               redundancy.o
    0x000002f0   0x00000006   Code   RO          290    .text               c_w.l(heapauxi.o)
    0x000002f6   0x00000002   Code   RO          610    .text               c_w.l(use_no_semi.o)
    0x000002f8   0x00000000   Code   RO          612    .text               c_w.l(indicate_semi.o)
    0x000002f8   0x00000004   Code   RO          622    .text               c_w.l(hguard.o)
    0x000002fc   0x00000004   Code   RO            4    .ARM.__at_0x02FC    startup_lpc17xx.o
    0x00000300   0x000001d0   Code   RO           13    .text               fault_injection.o
    0x000004d0   0x0000021c   Code   RO           43    .text               system_lpc17xx.o
    0x000006ec   0x000007fc   Code   RO           83    .text               glcd_spi_lpc1700.o
    0x00000ee8   0x000000fc   Code   RO          123    .text               inputs.o
    0x00000fe4   0x00000278   Code   RO          146    .text               main.o
    0x0000125c   0x000001ac   Code   RO          194    .text               heterogeneous.o
    0x00001408   0x0000007c   Code   RO          222    .text               verification.o
    0x00001484   0x00000140   Code   RO          234    .text               voting.o
    0x000015c4   0x00000026   Code   RO          248    .text               c_w.l(llshl.o)
    0x000015ea   0x00000002   PAD
    0x000015ec   0x00000018   Code   RO          254    .text               c_w.l(noretval__2printf.o)
    0x00001604   0x00000028   Code   RO          256    .text               c_w.l(noretval__2sprintf.o)
    0x0000162c   0x0000006a   Code   RO          258    .text               c_w.l(__printf.o)
    0x00001696   0x00000002   PAD
    0x00001698   0x00000078   Code   RO          260    .text               c_w.l(_printf_dec.o)
    0x00001710   0x0000003c   Code   RO          286    .text               c_w.l(rand.o)
    0x0000174c   0x00000016   Code   RO          335    .text               c_w.l(_rserrno.o)
    0x00001762   0x000000b8   Code   RO          337    .text               c_w.l(_printf_intcommon.o)
    0x0000181a   0x00000420   Code   RO          339    .text               c_w.l(_printf_fp_dec.o)
    0x00001c3a   0x00000002   PAD
    0x00001c3c   0x00000030   Code   RO          341    .text               c_w.l(_printf_char_common.o)
    0x00001c6c   0x0000000a   Code   RO          343    .text               c_w.l(_sputc.o)
    0x00001c76   0x00000002   PAD
    0x00001c78   0x00000024   Code   RO          345    .text               c_w.l(_printf_char_file.o)
    0x00001c9c   0x00000008   Code   RO          424    .text               c_w.l(rt_locale_intlibspace.o)
    0x00001ca4   0x00000008   Code   RO          429    .text               c_w.l(rt_errno_addr_intlibspace.o)
    0x00001cac   0x0000008a   Code   RO          431    .text               c_w.l(lludiv10.o)
    0x00001d36   0x00000002   PAD
    0x00001d38   0x00000080   Code   RO          433    .text               c_w.l(_printf_fp_infnan.o)
    0x00001db8   0x000000e4   Code   RO          437    .text               c_w.l(bigflt0.o)
    0x00001e9c   0x00000008   Code   RO          462    .text               c_w.l(ferror.o)
    0x00001ea4   0x00000138   Code   RO          468    .text               c_w.l(initio.o)
    0x00001fdc   0x00000066   Code   RO          490    .text               c_w.l(sys_io.o)
    0x00002042   0x00000002   PAD
    0x00002044   0x00000008   Code   RO          495    .text               c_w.l(libspace.o)
    0x0000204c   0x0000004a   Code   RO          500    .text               c_w.l(sys_stackheap_outer.o)
    0x00002096   0x0000004e   Code   RO          504    .text               c_w.l(h1_free.o)
    0x000020e4   0x000001de   Code   RO          558    .text               c_w.l(flsbuf.o)
    0x000022c2   0x00000046   Code   RO          560    .text               c_w.l(setvbuf.o)
    0x00002308   0x000000ec   Code   RO          563    .text               c_w.l(fopen.o)
    0x000023f4   0x0000004c   Code   RO          565    .text               c_w.l(fclose.o)
    0x00002440   0x0000000c   Code   RO          571    .text               c_w.l(exit.o)
    0x0000244c   0x0000000e   Code   RO          573    .text               c_w.l(defsig_rtred_outer.o)
    0x0000245a   0x0000004e   Code   RO          577    .text               c_w.l(rt_memclr_w.o)
    0x000024a8   0x00000080   Code   RO          579    .text               c_w.l(strcmpv7m.o)
    0x00002528   0x00000008   Code   RO          620    .text               c_w.l(rt_heap_descriptor_intlibspace.o)
    0x00002530   0x0000008a   Code   RO          626    .text               c_w.l(init_alloc.o)
    0x000025ba   0x0000005e   Code   RO          632    .text               c_w.l(h1_alloc.o)
    0x00002618   0x000000f8   Code   RO          648    .text               c_w.l(fseek.o)
    0x00002710   0x000000f0   Code   RO          650    .text               c_w.l(stdio.o)
    0x00002800   0x0000000a   Code   RO          656    .text               c_w.l(defsig_exit.o)
    0x0000280a   0x00000002   PAD
    0x0000280c   0x00000034   Code   RO          658    .text               c_w.l(defsig_rtred_inner.o)
    0x00002840   0x0000000e   Code   RO          660    .text               c_w.l(defsig_rtmem_outer.o)
    0x0000284e   0x0000003e   Code   RO          666    .text               c_w.l(strlen.o)
    0x0000288c   0x0000000c   Code   RO          670    .text               c_w.l(sys_exit.o)
    0x00002898   0x0000000e   Code   RO          681    .text               c_w.l(h1_init.o)
    0x000028a6   0x00000034   Code   RO          683    .text               c_w.l(h1_extend.o)
    0x000028da   0x00000046   Code   RO          693    .text               c_w.l(ftell.o)
    0x00002920   0x00000032   Code   RO          701    .text               c_w.l(defsig_general.o)
    0x00002952   0x00000002   PAD
    0x00002954   0x00000050   Code   RO          703    .text               c_w.l(defsig_rtmem_inner.o)
    0x000029a4   0x0000000e   Code   RO          712    .text               c_w.l(sys_wrch.o)
    0x000029b2   0x0000003e   Code   RO          440    CL$$btod_d2e        c_w.l(btod.o)
    0x000029f0   0x00000046   Code   RO          442    CL$$btod_d2e_denorm_low  c_w.l(btod.o)
    0x00002a36   0x00000060   Code   RO          441    CL$$btod_d2e_norm_op1  c_w.l(btod.o)
    0x00002a96   0x00000338   Code   RO          450    CL$$btod_div_common  c_w.l(btod.o)
    0x00002dce   0x000000c6   Code   RO          447    CL$$btod_e2e        c_w.l(btod.o)
    0x00002e94   0x00000028   Code   RO          444    CL$$btod_ediv       c_w.l(btod.o)
    0x00002ebc   0x00000028   Code   RO          443    CL$$btod_emul       c_w.l(btod.o)
    0x00002ee4   0x00000244   Code   RO          449    CL$$btod_mult_common  c_w.l(btod.o)
    0x00003128   0x00000028   Code   RO          488    i.__ARM_fpclassify  m_ws.l(fpclassify.o)
    0x00003150   0x0000001a   Code   RO          465    i.fputc             c_w.l(fputc.o)
    0x0000316a   0x0000004e   Code   RO          327    i.sqrt              m_ws.l(sqrt.o)
    0x000031b8   0x0000002c   Code   RO          477    locale$$code        c_w.l(lc_numeric_c.o)
    0x000031e4   0x00000150   Code   RO          294    x$fpl$dadd          fz_ws.l(daddsub_clz.o)
    0x00003334   0x00000018   Code   RO          397    x$fpl$dcmpinf       fz_ws.l(dcmpi.o)
    0x0000334c   0x000002b0   Code   RO          301    x$fpl$ddiv          fz_ws.l(ddiv.o)
    0x000035fc   0x00000078   Code   RO          304    x$fpl$deqf          fz_ws.l(deqf.o)
    0x00003674   0x0000005e   Code   RO          306    x$fpl$dfix          fz_ws.l(dfix.o)
    0x000036d2   0x0000002e   Code   RO          311    x$fpl$dflt          fz_ws.l(dflt_clz.o)
    0x00003700   0x00000026   Code   RO          310    x$fpl$dfltu         fz_ws.l(dflt_clz.o)
    0x00003726   0x00000002   PAD
    0x00003728   0x0000008a   Code   RO          317    x$fpl$dfltull       fz_ws.l(dfltll_clz.o)
    0x000037b2   0x00000002   PAD
    0x000037b4   0x00000078   Code   RO          320    x$fpl$dleqf         fz_ws.l(dleqf.o)
    0x0000382c   0x00000154   Code   RO          322    x$fpl$dmul          fz_ws.l(dmul.o)
    0x00003980   0x0000009c   Code   RO          399    x$fpl$dnaninf       fz_ws.l(dnaninf.o)
    0x00003a1c   0x0000000c   Code   RO          401    x$fpl$dretinf       fz_ws.l(dretinf.o)
    0x00003a28   0x000001cc   Code   RO          403    x$fpl$dsqrt         fz_ws.l(dsqrt_noumaal.o)
    0x00003bf4   0x000001d4   Code   RO          296    x$fpl$dsub          fz_ws.l(daddsub_clz.o)
    0x00003dc8   0x00000004   Code   RO          324    x$fpl$printf1       fz_ws.l(printf1.o)
    0x00003dcc   0x00000000   Code   RO          405    x$fpl$usenofp       fz_ws.l(usenofp.o)
    0x00003dcc   0x00001880   Data   RO           84    .constdata          glcd_spi_lpc1700.o
    0x0000564c   0x00000094   Data   RO          438    .constdata          c_w.l(bigflt0.o)
    0x000056e0   0x00000004   Data   RO          491    .constdata          c_w.l(sys_io.o)
    0x000056e4   0x00000004   Data   RO          492    .constdata          c_w.l(sys_io.o)
    0x000056e8   0x00000004   Data   RO          493    .constdata          c_w.l(sys_io.o)
    0x000056ec   0x00000020   Data   RO          739    Region$$Table       anon$$obj.o
    0x0000570c   0x0000001c   Data   RO          476    locale$$data        c_w.l(lc_numeric_c.o)


    Execution Region RW_IRAM1 (Base: 0x10000000, Size: 0x000004d0, Max: 0x00008000, ABSOLUTE)

    Base Addr    Size         Type   Attr      Idx    E Section Name        Object

    0x10000000   0x0000001c   Data   RW           14    .data               fault_injection.o
    0x1000001c   0x00000004   Data   RW           44    .data               system_lpc17xx.o
    0x10000020   0x00000006   Data   RW           85    .data               glcd_spi_lpc1700.o
    0x10000026   0x00000002   PAD
    0x10000028   0x0000004c   Data   RW          148    .data               main.o
    0x10000074   0x00000004   Data   RW          351    .data               c_w.l(stdio_streams.o)
    0x10000078   0x00000004   Data   RW          352    .data               c_w.l(stdio_streams.o)
    0x1000007c   0x00000004   Data   RW          353    .data               c_w.l(stdio_streams.o)
    0x10000080   0x00000010   Zero   RW          147    .bss                main.o
    0x10000090   0x000000e4   Zero   RW          287    .bss                c_w.l(rand.o)
    0x10000174   0x00000054   Zero   RW          348    .bss                c_w.l(stdio_streams.o)
    0x100001c8   0x00000054   Zero   RW          349    .bss                c_w.l(stdio_streams.o)
    0x1000021c   0x00000054   Zero   RW          350    .bss                c_w.l(stdio_streams.o)
    0x10000270   0x00000060   Zero   RW          496    .bss                c_w.l(libspace.o)
    0x100002d0   0x00000000   Zero   RW            2    HEAP                startup_lpc17xx.o
    0x100002d0   0x00000200   Zero   RW            1    STACK               startup_lpc17xx.o


==============================================================================

Image component sizes


      Code (inc. data)   RO Data    RW Data    ZI Data      Debug   Object Name

       464         28          0         28          0       7406   fault_injection.o
      2044         58       6272          6          0      24612   glcd_spi_lpc1700.o
       428         30          0          0          0       1313   heterogeneous.o
       252         28          0          0          0       1166   inputs.o
       632         80          0         76         16      26032   main.o
       228         40          0          0          0       1842   redundancy.o
        64         26        204          0        512        936   startup_lpc17xx.o
       540         64          0          4          0        719   system_lpc17xx.o
       124         16          0          0          0        630   verification.o
       320         28          0          0          0        959   voting.o

    ----------------------------------------------------------------------
      5096        398       6508        116        528      65615   Object Totals
         0          0         32          0          0          0   (incl. Generated)
         0          0          0          2          0          0   (incl. Padding)

    ----------------------------------------------------------------------

      Code (inc. data)   RO Data    RW Data    ZI Data      Debug   Library Member Name

         8          0          0          0          0         68   __main.o
       106          0          0          0          0         84   __printf.o
        52          8          0          0          0          0   __scatter.o
        26          0          0          0          0          0   __scatter_copy.o
        28          0          0          0          0          0   __scatter_zi.o
        48          6          0          0          0         96   _printf_char_common.o
        36          4          0          0          0         80   _printf_char_file.o
         6          0          0          0          0          0   _printf_d.o
       120         18          0          0          0         92   _printf_dec.o
         6          0          0          0          0          0   _printf_f.o
      1056          0          0          0          0        212   _printf_fp_dec.o
       128         16          0          0          0         84   _printf_fp_infnan.o
       184          0          0          0          0         88   _printf_intcommon.o
         0          0          0          0          0          0   _printf_percent.o
         4          0          0          0          0          0   _printf_percent_end.o
        22          0          0          0          0        100   _rserrno.o
        10          0          0          0          0         68   _sputc.o
       228          6        148          0          0         96   bigflt0.o
      1910        128          0          0          0        672   btod.o
        10          0          0          0          0         68   defsig_exit.o
        50          0          0          0          0         88   defsig_general.o
        80         58          0          0          0         76   defsig_rtmem_inner.o
        14          0          0          0          0         80   defsig_rtmem_outer.o
        52         38          0          0          0         76   defsig_rtred_inner.o
        14          0          0          0          0         80   defsig_rtred_outer.o
        12          0          0          0          0         72   exit.o
        76          0          0          0          0         88   fclose.o
         8          0          0          0          0         68   ferror.o
       478          0          0          0          0         88   flsbuf.o
       236          4          0          0          0        128   fopen.o
        26          0          0          0          0         68   fputc.o
       248          6          0          0          0         84   fseek.o
        70          0          0          0          0         76   ftell.o
        94          0          0          0          0         80   h1_alloc.o
        52          0          0          0          0         68   h1_extend.o
        78          0          0          0          0         80   h1_free.o
        14          0          0          0          0         84   h1_init.o
         6          0          0          0          0        152   heapauxi.o
         4          0          0          0          0        136   hguard.o
         0          0          0          0          0          0   indicate_semi.o
       138          0          0          0          0        168   init_alloc.o
       312         46          0          0          0        112   initio.o
        44         10         28          0          0         76   lc_numeric_c.o
         2          0          0          0          0          0   libinit.o
        34          0          0          0          0          0   libinit2.o
         2          0          0          0          0          0   libshutdown.o
         6          0          0          0          0          0   libshutdown2.o
         8          4          0          0         96         68   libspace.o
        38          0          0          0          0         68   llshl.o
       138          0          0          0          0         80   lludiv10.o
         0          0          0          0          0          0   maybetermalloc1.o
        24          4          0          0          0         84   noretval__2printf.o
        40          6          0          0          0         84   noretval__2sprintf.o
       112         18          0          0        228        160   rand.o
         8          4          0          0          0         68   rt_errno_addr_intlibspace.o
         8          4          0          0          0         68   rt_heap_descriptor_intlibspace.o
         8          4          0          0          0         68   rt_locale_intlibspace.o
        78          0          0          0          0         80   rt_memclr_w.o
         0          0          0          0          0          0   rtentry.o
        12          0          0          0          0          0   rtentry2.o
         6          0          0          0          0          0   rtentry4.o
         2          0          0          0          0          0   rtexit.o
        10          0          0          0          0          0   rtexit2.o
        70          0          0          0          0         80   setvbuf.o
       240          6          0          0          0        156   stdio.o
         0          0          0         12        252          0   stdio_streams.o
       128          0          0          0          0         68   strcmpv7m.o
        62          0          0          0          0         76   strlen.o
        12          4          0          0          0         68   sys_exit.o
       102          0         12          0          0        240   sys_io.o
        74          0          0          0          0         80   sys_stackheap_outer.o
        14          0          0          0          0         76   sys_wrch.o
         2          0          0          0          0         68   use_no_semi.o
       804         16          0          0          0        280   daddsub_clz.o
        24          0          0          0          0         68   dcmpi.o
       688        140          0          0          0        212   ddiv.o
       120          4          0          0          0         92   deqf.o
        94          4          0          0          0         92   dfix.o
        84          0          0          0          0        136   dflt_clz.o
       138          0          0          0          0         84   dfltll_clz.o
       120          4          0          0          0         92   dleqf.o
       340         12          0          0          0        104   dmul.o
       156          4          0          0          0         92   dnaninf.o
        12          0          0          0          0         68   dretinf.o
       460         56          0          0          0        120   dsqrt_noumaal.o
         4          0          0          0          0         68   printf1.o
         0          0          0          0          0          0   usenofp.o
        40          0          0          0          0         68   fpclassify.o
        78          0          0          0          0         84   sqrt.o

    ----------------------------------------------------------------------
     10520        642        188         12        576       7236   Library Totals
        24          0          0          0          0          0   (incl. Padding)

    ----------------------------------------------------------------------

      Code (inc. data)   RO Data    RW Data    ZI Data      Debug   Library Name

      7334        402        188         12        576       5576   c_w.l
      3044        240          0          0          0       1508   fz_ws.l
       118          0          0          0          0        152   m_ws.l

    ----------------------------------------------------------------------
     10520        642        188         12        576       7236   Library Totals

    ----------------------------------------------------------------------

==============================================================================


      Code (inc. data)   RO Data    RW Data    ZI Data      Debug   

     15616       1040       6696        128       1104      68067   Grand Totals
     15616       1040       6696        128       1104      68067   ELF Image Totals
     15616       1040       6696        128          0          0   ROM Totals

==============================================================================

    Total RO  Size (Code + RO Data)                22312 (  21.79kB)
    Total RW  Size (RW Data + ZI Data)              1232 (   1.20kB)
    Total ROM Size (Code + RO Data + RW Data)      22440 (  21.91kB)

==============================================================================

