<html>
<body>
<pre>
<h1>µVision Build Log</h1>
<h2>Project:</h2>
C:\Users\yb4kim\OneDrive - University of Waterloo\ECE455\Lab2\lab2.uvproj
Project File Date:  06/23/2017

<h2>Output:</h2>
Rebuild target 'Lab2'
assembling startup_LPC17xx.s...
compiling fault_injection.c...
compiling system_LPC17xx.c...
compiling GLCD_SPI_LPC1700.c...
compiling inputs.c...
compiling main.c...
main.c(95): warning:  #177-D: variable "str_joystick" was declared but never referenced
compiling heterogeneous.c...
compiling redundancy.c...
compiling verification.c...
compiling voting.c...
linking...
Program Size: Code=8468 RO-data=6684 RW-data=92 ZI-data=612  
"lab2.axf" - 0 Error(s), 1 Warning(s).
Load "C:\\Users\\yb4kim\\OneDrive - University of Waterloo\\ECE455\\Lab2\\lab2.AXF" 
Erase Done.
Programming Done.
Verify OK.
Rebuild target 'Lab2'
assembling startup_LPC17xx.s...
compiling fault_injection.c...
compiling system_LPC17xx.c...
compiling GLCD_SPI_LPC1700.c...
compiling inputs.c...
compiling main.c...
main.c(95): warning:  #177-D: variable "str_joystick" was declared but never referenced
compiling heterogeneous.c...
compiling redundancy.c...
compiling verification.c...
compiling voting.c...
linking...
Program Size: Code=8468 RO-data=6684 RW-data=92 ZI-data=612  
"lab2.axf" - 0 Error(s), 1 Warning(s).
Load "C:\\Users\\yb4kim\\OneDrive - University of Waterloo\\ECE455\\Lab2\\lab2.AXF" 
Erase Done.
Programming Done.
Verify OK.
Rebuild target 'Lab2'
assembling startup_LPC17xx.s...
compiling fault_injection.c...
compiling system_LPC17xx.c...
compiling GLCD_SPI_LPC1700.c...
compiling inputs.c...
compiling main.c...
main.c(95): warning:  #177-D: variable "str_joystick" was declared but never referenced
compiling heterogeneous.c...
compiling redundancy.c...
compiling verification.c...
compiling voting.c...
linking...
Program Size: Code=8444 RO-data=6684 RW-data=92 ZI-data=612  
"lab2.axf" - 0 Error(s), 1 Warning(s).
Rebuild target 'Lab2'
assembling startup_LPC17xx.s...
compiling fault_injection.c...
compiling system_LPC17xx.c...
compiling GLCD_SPI_LPC1700.c...
compiling inputs.c...
compiling main.c...
compiling heterogeneous.c...
compiling redundancy.c...
compiling verification.c...
compiling voting.c...
linking...
Program Size: Code=8444 RO-data=6684 RW-data=92 ZI-data=612  
"lab2.axf" - 0 Error(s), 0 Warning(s).
Load "C:\\Users\\yb4kim\\OneDrive - University of Waterloo\\ECE455\\Lab2\\lab2.AXF" 
Erase Done.
Programming Done.
Verify OK.
Rebuild target 'Lab2'
assembling startup_LPC17xx.s...
compiling fault_injection.c...
compiling system_LPC17xx.c...
compiling GLCD_SPI_LPC1700.c...
compiling inputs.c...
compiling main.c...
compiling heterogeneous.c...
compiling redundancy.c...
compiling verification.c...
compiling voting.c...
linking...
Program Size: Code=15988 RO-data=6696 RW-data=128 ZI-data=1104  
"lab2.axf" - 0 Error(s), 0 Warning(s).
Load "C:\\Users\\yb4kim\\OneDrive - University of Waterloo\\ECE455\\Lab2\\lab2.AXF" 
Erase Done.
Programming Done.
Verify OK.
Load "C:\\Users\\yb4kim\\OneDrive - University of Waterloo\\ECE455\\Lab2\\lab2.AXF" 
Erase Done.
Programming Done.
Verify OK.
Rebuild target 'Lab2'
assembling startup_LPC17xx.s...
compiling fault_injection.c...
compiling system_LPC17xx.c...
compiling GLCD_SPI_LPC1700.c...
compiling inputs.c...
compiling main.c...
compiling heterogeneous.c...
compiling redundancy.c...
compiling verification.c...
compiling voting.c...
linking...
Program Size: Code=15512 RO-data=6696 RW-data=128 ZI-data=1088  
"lab2.axf" - 0 Error(s), 0 Warning(s).
Load "C:\\Users\\yb4kim\\OneDrive - University of Waterloo\\ECE455\\Lab2\\lab2.AXF" 
Erase Done.
Programming Done.
Verify OK.
Rebuild target 'Lab2'
assembling startup_LPC17xx.s...
compiling fault_injection.c...
compiling system_LPC17xx.c...
compiling GLCD_SPI_LPC1700.c...
compiling inputs.c...
compiling main.c...
compiling heterogeneous.c...
compiling redundancy.c...
compiling verification.c...
compiling voting.c...
linking...
Program Size: Code=8460 RO-data=6684 RW-data=92 ZI-data=612  
"lab2.axf" - 0 Error(s), 0 Warning(s).
Load "C:\\Users\\yb4kim\\OneDrive - University of Waterloo\\ECE455\\Lab2\\lab2.AXF" 
Erase Done.
Programming Done.
Verify OK.
Rebuild target 'Lab2'
assembling startup_LPC17xx.s...
compiling fault_injection.c...
compiling system_LPC17xx.c...
compiling GLCD_SPI_LPC1700.c...
compiling inputs.c...
compiling main.c...
compiling heterogeneous.c...
compiling redundancy.c...
compiling verification.c...
compiling voting.c...
linking...
Program Size: Code=12592 RO-data=6696 RW-data=128 ZI-data=1104  
"lab2.axf" - 0 Error(s), 0 Warning(s).
Load "C:\\Users\\yb4kim\\OneDrive - University of Waterloo\\ECE455\\Lab2\\lab2.AXF" 
Erase Done.
Programming Done.
Verify OK.
Rebuild target 'Lab2'
assembling startup_LPC17xx.s...
compiling fault_injection.c...
compiling system_LPC17xx.c...
compiling GLCD_SPI_LPC1700.c...
compiling inputs.c...
compiling main.c...
compiling heterogeneous.c...
compiling redundancy.c...
compiling verification.c...
compiling voting.c...
linking...
Program Size: Code=12592 RO-data=6696 RW-data=128 ZI-data=1104  
"lab2.axf" - 0 Error(s), 0 Warning(s).
Rebuild target 'Lab2'
assembling startup_LPC17xx.s...
compiling fault_injection.c...
compiling system_LPC17xx.c...
compiling GLCD_SPI_LPC1700.c...
compiling inputs.c...
compiling main.c...
compiling heterogeneous.c...
compiling redundancy.c...
compiling verification.c...
compiling voting.c...
linking...
Program Size: Code=12556 RO-data=6696 RW-data=128 ZI-data=1104  
"lab2.axf" - 0 Error(s), 0 Warning(s).
Load "C:\\Users\\yb4kim\\OneDrive - University of Waterloo\\ECE455\\Lab2\\lab2.AXF" 
Erase Done.
Programming Done.
Verify OK.
Rebuild target 'Lab2'
assembling startup_LPC17xx.s...
compiling fault_injection.c...
compiling system_LPC17xx.c...
compiling GLCD_SPI_LPC1700.c...
compiling inputs.c...
compiling main.c...
compiling heterogeneous.c...
compiling redundancy.c...
compiling verification.c...
compiling voting.c...
linking...
Program Size: Code=8460 RO-data=6684 RW-data=92 ZI-data=612  
"lab2.axf" - 0 Error(s), 0 Warning(s).
Load "C:\\Users\\yb4kim\\OneDrive - University of Waterloo\\ECE455\\Lab2\\lab2.AXF" 
Erase Done.
Programming Done.
Verify OK.
Rebuild target 'Lab2'
assembling startup_LPC17xx.s...
compiling fault_injection.c...
compiling system_LPC17xx.c...
compiling GLCD_SPI_LPC1700.c...
compiling inputs.c...
compiling main.c...
compiling heterogeneous.c...
compiling redundancy.c...
compiling verification.c...
compiling voting.c...
linking...
Program Size: Code=12500 RO-data=6696 RW-data=128 ZI-data=1088  
"lab2.axf" - 0 Error(s), 0 Warning(s).
Load "C:\\Users\\yb4kim\\OneDrive - University of Waterloo\\ECE455\\Lab2\\lab2.AXF" 
Erase Done.
Programming Done.
Verify OK.
Rebuild target 'Lab2'
assembling startup_LPC17xx.s...
compiling fault_injection.c...
compiling system_LPC17xx.c...
compiling GLCD_SPI_LPC1700.c...
compiling inputs.c...
compiling main.c...
compiling heterogeneous.c...
compiling redundancy.c...
compiling verification.c...
compiling voting.c...
linking...
Program Size: Code=9716 RO-data=6684 RW-data=116 ZI-data=836  
"lab2.axf" - 0 Error(s), 0 Warning(s).
Rebuild target 'Lab2'
assembling startup_LPC17xx.s...
compiling fault_injection.c...
compiling system_LPC17xx.c...
compiling GLCD_SPI_LPC1700.c...
compiling inputs.c...
compiling main.c...
compiling heterogeneous.c...
compiling redundancy.c...
compiling verification.c...
compiling voting.c...
linking...
Program Size: Code=9736 RO-data=6684 RW-data=116 ZI-data=836  
"lab2.axf" - 0 Error(s), 0 Warning(s).
Load "C:\\Users\\yb4kim\\OneDrive - University of Waterloo\\ECE455\\Lab2\\lab2.AXF" 
Erase Done.
Programming Done.
Verify OK.
Rebuild target 'Lab2'
assembling startup_LPC17xx.s...
compiling fault_injection.c...
compiling system_LPC17xx.c...
compiling GLCD_SPI_LPC1700.c...
compiling inputs.c...
compiling main.c...
compiling heterogeneous.c...
compiling redundancy.c...
compiling verification.c...
compiling voting.c...
linking...
Program Size: Code=9764 RO-data=6684 RW-data=116 ZI-data=836  
"lab2.axf" - 0 Error(s), 0 Warning(s).
Load "C:\\Users\\yb4kim\\OneDrive - University of Waterloo\\ECE455\\Lab2\\lab2.AXF" 
Erase Done.
Programming Done.
Verify OK.
Rebuild target 'Lab2'
assembling startup_LPC17xx.s...
compiling fault_injection.c...
compiling system_LPC17xx.c...
compiling GLCD_SPI_LPC1700.c...
compiling inputs.c...
compiling main.c...
compiling heterogeneous.c...
compiling redundancy.c...
compiling verification.c...
compiling voting.c...
linking...
Program Size: Code=9828 RO-data=6684 RW-data=116 ZI-data=860  
"lab2.axf" - 0 Error(s), 0 Warning(s).
Load "C:\\Users\\yb4kim\\OneDrive - University of Waterloo\\ECE455\\Lab2\\lab2.AXF" 
Erase Done.
Programming Done.
Verify OK.
Rebuild target 'Lab2'
assembling startup_LPC17xx.s...
compiling fault_injection.c...
compiling system_LPC17xx.c...
compiling GLCD_SPI_LPC1700.c...
compiling inputs.c...
compiling main.c...
compiling heterogeneous.c...
compiling redundancy.c...
compiling verification.c...
compiling voting.c...
linking...
Program Size: Code=9816 RO-data=6684 RW-data=116 ZI-data=860  
"lab2.axf" - 0 Error(s), 0 Warning(s).
Load "C:\\Users\\yb4kim\\OneDrive - University of Waterloo\\ECE455\\Lab2\\lab2.AXF" 
Erase Done.
Programming Done.
Verify OK.
Rebuild target 'Lab2'
assembling startup_LPC17xx.s...
compiling fault_injection.c...
compiling system_LPC17xx.c...
compiling GLCD_SPI_LPC1700.c...
compiling inputs.c...
compiling main.c...
compiling heterogeneous.c...
compiling redundancy.c...
compiling verification.c...
compiling voting.c...
linking...
Program Size: Code=15916 RO-data=6696 RW-data=128 ZI-data=1104  
"lab2.axf" - 0 Error(s), 0 Warning(s).
Load "C:\\Users\\yb4kim\\OneDrive - University of Waterloo\\ECE455\\Lab2\\lab2.AXF" 
Erase Done.
Programming Done.
Verify OK.
Rebuild target 'Lab2'
assembling startup_LPC17xx.s...
compiling fault_injection.c...
compiling system_LPC17xx.c...
compiling GLCD_SPI_LPC1700.c...
compiling inputs.c...
compiling main.c...
compiling heterogeneous.c...
compiling redundancy.c...
compiling verification.c...
compiling voting.c...
linking...
Program Size: Code=9808 RO-data=6684 RW-data=116 ZI-data=860  
"lab2.axf" - 0 Error(s), 0 Warning(s).
Load "C:\\Users\\yb4kim\\OneDrive - University of Waterloo\\ECE455\\Lab2\\lab2.AXF" 
Erase Done.
Programming Done.
Verify OK.
Rebuild target 'Lab2'
assembling startup_LPC17xx.s...
compiling fault_injection.c...
compiling system_LPC17xx.c...
compiling GLCD_SPI_LPC1700.c...
compiling inputs.c...
compiling main.c...
compiling heterogeneous.c...
compiling redundancy.c...
compiling verification.c...
compiling voting.c...
linking...
Program Size: Code=14840 RO-data=6696 RW-data=128 ZI-data=1104  
"lab2.axf" - 0 Error(s), 0 Warning(s).
Load "C:\\Users\\yb4kim\\OneDrive - University of Waterloo\\ECE455\\Lab2\\lab2.AXF" 
Erase Done.
Programming Done.
Verify Failed!
Rebuild target 'Lab2'
assembling startup_LPC17xx.s...
compiling fault_injection.c...
compiling system_LPC17xx.c...
compiling GLCD_SPI_LPC1700.c...
compiling inputs.c...
compiling main.c...
compiling heterogeneous.c...
compiling redundancy.c...
compiling verification.c...
compiling voting.c...
linking...
Program Size: Code=12052 RO-data=6684 RW-data=116 ZI-data=860  
"lab2.axf" - 0 Error(s), 0 Warning(s).
Load "C:\\Users\\yb4kim\\OneDrive - University of Waterloo\\ECE455\\Lab2\\lab2.AXF" 
Erase Done.
Programming Done.
Verify OK.
Rebuild target 'Lab2'
assembling startup_LPC17xx.s...
compiling fault_injection.c...
compiling system_LPC17xx.c...
compiling GLCD_SPI_LPC1700.c...
compiling inputs.c...
compiling main.c...
compiling heterogeneous.c...
compiling redundancy.c...
compiling verification.c...
compiling voting.c...
linking...
Program Size: Code=13100 RO-data=6684 RW-data=116 ZI-data=860  
"lab2.axf" - 0 Error(s), 0 Warning(s).
Load "C:\\Users\\yb4kim\\OneDrive - University of Waterloo\\ECE455\\Lab2\\lab2.AXF" 
Erase Done.
Programming Done.
Verify OK.
Rebuild target 'Lab2'
assembling startup_LPC17xx.s...
compiling fault_injection.c...
compiling system_LPC17xx.c...
compiling GLCD_SPI_LPC1700.c...
compiling inputs.c...
compiling main.c...
main.c(165): error:  #20: identifier "answer" is undefined
compiling heterogeneous.c...
compiling redundancy.c...
compiling verification.c...
compiling voting.c...
Target not created
Build target 'Lab2'
compiling main.c...
linking...
Program Size: Code=13092 RO-data=6684 RW-data=76 ZI-data=860  
"lab2.axf" - 0 Error(s), 0 Warning(s).
Load "C:\\Users\\yb4kim\\OneDrive - University of Waterloo\\ECE455\\Lab2\\lab2.AXF" 
Erase Done.
Programming Done.
Verify OK.
Rebuild target 'Lab2'
assembling startup_LPC17xx.s...
compiling fault_injection.c...
compiling system_LPC17xx.c...
compiling GLCD_SPI_LPC1700.c...
compiling inputs.c...
compiling main.c...
compiling heterogeneous.c...
compiling redundancy.c...
compiling verification.c...
compiling voting.c...
linking...
Program Size: Code=13092 RO-data=6684 RW-data=76 ZI-data=860  
"lab2.axf" - 0 Error(s), 0 Warning(s).
Load "C:\\Users\\yb4kim\\OneDrive - University of Waterloo\\ECE455\\Lab2\\lab2.AXF" 
Erase Done.
Programming Done.
Verify OK.
Rebuild target 'Lab2'
assembling startup_LPC17xx.s...
compiling fault_injection.c...
compiling system_LPC17xx.c...
compiling GLCD_SPI_LPC1700.c...
compiling inputs.c...
compiling main.c...
compiling heterogeneous.c...
compiling redundancy.c...
compiling verification.c...
compiling voting.c...
linking...
Program Size: Code=13172 RO-data=6684 RW-data=84 ZI-data=860  
"lab2.axf" - 0 Error(s), 0 Warning(s).
Load "C:\\Users\\yb4kim\\OneDrive - University of Waterloo\\ECE455\\Lab2\\lab2.AXF" 
Erase Done.
Programming Done.
Verify OK.
Rebuild target 'Lab2'
assembling startup_LPC17xx.s...
compiling fault_injection.c...
compiling system_LPC17xx.c...
compiling GLCD_SPI_LPC1700.c...
compiling inputs.c...
compiling main.c...
compiling heterogeneous.c...
compiling redundancy.c...
compiling verification.c...
compiling voting.c...
linking...
Program Size: Code=13176 RO-data=6684 RW-data=84 ZI-data=860  
"lab2.axf" - 0 Error(s), 0 Warning(s).
Load "C:\\Users\\yb4kim\\OneDrive - University of Waterloo\\ECE455\\Lab2\\lab2.AXF" 
Erase Done.
Programming Done.
Verify OK.
Rebuild target 'Lab2'
assembling startup_LPC17xx.s...
compiling fault_injection.c...
compiling system_LPC17xx.c...
compiling GLCD_SPI_LPC1700.c...
compiling inputs.c...
compiling main.c...
compiling heterogeneous.c...
compiling redundancy.c...
compiling verification.c...
compiling voting.c...
linking...
Program Size: Code=13176 RO-data=6684 RW-data=84 ZI-data=860  
"lab2.axf" - 0 Error(s), 0 Warning(s).
Load "C:\\Users\\yb4kim\\OneDrive - University of Waterloo\\ECE455\\Lab2\\lab2.AXF" 
Erase Done.
Programming Done.
Verify OK.
Rebuild target 'Lab2'
assembling startup_LPC17xx.s...
compiling fault_injection.c...
compiling system_LPC17xx.c...
compiling GLCD_SPI_LPC1700.c...
compiling inputs.c...
compiling main.c...
compiling heterogeneous.c...
compiling redundancy.c...
compiling verification.c...
compiling voting.c...
linking...
Program Size: Code=13176 RO-data=6684 RW-data=84 ZI-data=860  
"lab2.axf" - 0 Error(s), 0 Warning(s).
Load "C:\\Users\\yb4kim\\OneDrive - University of Waterloo\\ECE455\\Lab2\\lab2.AXF" 
Erase Done.
Programming Done.
Verify OK.
Rebuild target 'Lab2'
assembling startup_LPC17xx.s...
compiling fault_injection.c...
compiling system_LPC17xx.c...
compiling GLCD_SPI_LPC1700.c...
compiling inputs.c...
compiling main.c...
compiling heterogeneous.c...
compiling redundancy.c...
compiling verification.c...
compiling voting.c...
linking...
Program Size: Code=13176 RO-data=6684 RW-data=84 ZI-data=860  
"lab2.axf" - 0 Error(s), 0 Warning(s).
Load "C:\\Users\\yb4kim\\OneDrive - University of Waterloo\\ECE455\\Lab2\\lab2.AXF" 
Erase Done.
Programming Done.
Verify OK.
Rebuild target 'Lab2'
assembling startup_LPC17xx.s...
compiling fault_injection.c...
compiling system_LPC17xx.c...
compiling GLCD_SPI_LPC1700.c...
compiling inputs.c...
compiling main.c...
compiling heterogeneous.c...
compiling redundancy.c...
compiling verification.c...
compiling voting.c...
linking...
Program Size: Code=13172 RO-data=6684 RW-data=84 ZI-data=860  
"lab2.axf" - 0 Error(s), 0 Warning(s).
Load "C:\\Users\\yb4kim\\OneDrive - University of Waterloo\\ECE455\\Lab2\\lab2.AXF" 
Erase Done.
Programming Done.
Verify OK.
Rebuild target 'Lab2'
assembling startup_LPC17xx.s...
compiling fault_injection.c...
compiling system_LPC17xx.c...
compiling GLCD_SPI_LPC1700.c...
compiling inputs.c...
compiling main.c...
compiling heterogeneous.c...
compiling redundancy.c...
compiling verification.c...
compiling voting.c...
linking...
Program Size: Code=13176 RO-data=6684 RW-data=84 ZI-data=860  
"lab2.axf" - 0 Error(s), 0 Warning(s).
Load "C:\\Users\\yb4kim\\OneDrive - University of Waterloo\\ECE455\\Lab2\\lab2.AXF" 
Erase Done.
Programming Done.
Verify OK.
Rebuild target 'Lab2'
assembling startup_LPC17xx.s...
compiling fault_injection.c...
compiling system_LPC17xx.c...
compiling GLCD_SPI_LPC1700.c...
compiling inputs.c...
compiling main.c...
compiling heterogeneous.c...
compiling redundancy.c...
compiling verification.c...
compiling voting.c...
linking...
Program Size: Code=13176 RO-data=6684 RW-data=84 ZI-data=860  
"lab2.axf" - 0 Error(s), 0 Warning(s).
Load "C:\\Users\\yb4kim\\OneDrive - University of Waterloo\\ECE455\\Lab2\\lab2.AXF" 
Erase Done.
Programming Done.
Verify OK.
Rebuild target 'Lab2'
assembling startup_LPC17xx.s...
compiling fault_injection.c...
compiling system_LPC17xx.c...
compiling GLCD_SPI_LPC1700.c...
compiling inputs.c...
compiling main.c...
compiling heterogeneous.c...
compiling redundancy.c...
compiling verification.c...
compiling voting.c...
linking...
Program Size: Code=13176 RO-data=6684 RW-data=84 ZI-data=860  
"lab2.axf" - 0 Error(s), 0 Warning(s).
Load "C:\\Users\\yb4kim\\OneDrive - University of Waterloo\\ECE455\\Lab2\\lab2.AXF" 
Erase Done.
Programming Done.
Verify OK.
Rebuild target 'Lab2'
assembling startup_LPC17xx.s...
compiling fault_injection.c...
compiling system_LPC17xx.c...
compiling GLCD_SPI_LPC1700.c...
compiling inputs.c...
compiling main.c...
compiling heterogeneous.c...
compiling redundancy.c...
compiling verification.c...
compiling voting.c...
linking...
Program Size: Code=13176 RO-data=6684 RW-data=84 ZI-data=860  
"lab2.axf" - 0 Error(s), 0 Warning(s).
Load "C:\\Users\\yb4kim\\OneDrive - University of Waterloo\\ECE455\\Lab2\\lab2.AXF" 
Erase Done.
Programming Done.
Verify Failed!
Rebuild target 'Lab2'
assembling startup_LPC17xx.s...
compiling fault_injection.c...
compiling system_LPC17xx.c...
compiling GLCD_SPI_LPC1700.c...
compiling inputs.c...
compiling main.c...
compiling heterogeneous.c...
compiling redundancy.c...
compiling verification.c...
compiling voting.c...
linking...
Program Size: Code=13276 RO-data=6684 RW-data=84 ZI-data=868  
"lab2.axf" - 0 Error(s), 0 Warning(s).
Rebuild target 'Lab2'
assembling startup_LPC17xx.s...
compiling fault_injection.c...
compiling system_LPC17xx.c...
compiling GLCD_SPI_LPC1700.c...
compiling inputs.c...
compiling main.c...
compiling heterogeneous.c...
compiling redundancy.c...
compiling verification.c...
compiling voting.c...
linking...
Program Size: Code=13272 RO-data=6684 RW-data=84 ZI-data=868  
"lab2.axf" - 0 Error(s), 0 Warning(s).
Load "C:\\Users\\yb4kim\\OneDrive - University of Waterloo\\ECE455\\Lab2\\lab2.AXF" 
Erase Done.
Programming Done.
Verify OK.
Rebuild target 'Lab2'
assembling startup_LPC17xx.s...
compiling fault_injection.c...
compiling system_LPC17xx.c...
compiling GLCD_SPI_LPC1700.c...
compiling inputs.c...
compiling main.c...
compiling heterogeneous.c...
compiling redundancy.c...
compiling verification.c...
compiling voting.c...
linking...
Program Size: Code=13264 RO-data=6684 RW-data=84 ZI-data=868  
"lab2.axf" - 0 Error(s), 0 Warning(s).
Load "C:\\Users\\yb4kim\\OneDrive - University of Waterloo\\ECE455\\Lab2\\lab2.AXF" 
Erase Done.
Programming Done.
Verify OK.
Load "C:\\Users\\yb4kim\\OneDrive - University of Waterloo\\ECE455\\Lab2\\lab2.AXF" 
Erase Done.
Programming Done.
Verify OK.
Rebuild target 'Lab2'
assembling startup_LPC17xx.s...
compiling fault_injection.c...
compiling system_LPC17xx.c...
compiling GLCD_SPI_LPC1700.c...
compiling inputs.c...
compiling main.c...
compiling heterogeneous.c...
compiling redundancy.c...
compiling verification.c...
compiling voting.c...
linking...
Program Size: Code=13264 RO-data=6684 RW-data=84 ZI-data=868  
"lab2.axf" - 0 Error(s), 0 Warning(s).
Load "C:\\Users\\yb4kim\\OneDrive - University of Waterloo\\ECE455\\Lab2\\lab2.AXF" 
Erase Done.
Programming Done.
Verify OK.
Rebuild target 'Lab2'
assembling startup_LPC17xx.s...
compiling fault_injection.c...
compiling system_LPC17xx.c...
compiling GLCD_SPI_LPC1700.c...
compiling inputs.c...
compiling main.c...
compiling heterogeneous.c...
compiling redundancy.c...
compiling verification.c...
compiling voting.c...
linking...
Program Size: Code=13264 RO-data=6684 RW-data=84 ZI-data=868  
"lab2.axf" - 0 Error(s), 0 Warning(s).
Load "C:\\Users\\yb4kim\\OneDrive - University of Waterloo\\ECE455\\Lab2\\lab2.AXF" 
Erase Done.
Programming Done.
Verify OK.
Rebuild target 'Lab2'
assembling startup_LPC17xx.s...
compiling fault_injection.c...
compiling system_LPC17xx.c...
compiling GLCD_SPI_LPC1700.c...
compiling inputs.c...
compiling main.c...
compiling heterogeneous.c...
compiling redundancy.c...
compiling verification.c...
compiling voting.c...
linking...
Program Size: Code=13256 RO-data=6684 RW-data=84 ZI-data=868  
"lab2.axf" - 0 Error(s), 0 Warning(s).
Load "C:\\Users\\yb4kim\\OneDrive - University of Waterloo\\ECE455\\Lab2\\lab2.AXF" 
Erase Done.
Programming Done.
Verify OK.
Rebuild target 'Lab2'
assembling startup_LPC17xx.s...
compiling fault_injection.c...
compiling system_LPC17xx.c...
compiling GLCD_SPI_LPC1700.c...
compiling inputs.c...
compiling main.c...
compiling heterogeneous.c...
compiling redundancy.c...
compiling verification.c...
compiling voting.c...
linking...
Program Size: Code=13256 RO-data=6684 RW-data=84 ZI-data=868  
"lab2.axf" - 0 Error(s), 0 Warning(s).
Load "C:\\Users\\yb4kim\\OneDrive - University of Waterloo\\ECE455\\Lab2\\lab2.AXF" 
Erase Done.
Programming Done.
Verify OK.
Rebuild target 'Lab2'
assembling startup_LPC17xx.s...
compiling fault_injection.c...
compiling system_LPC17xx.c...
compiling GLCD_SPI_LPC1700.c...
compiling inputs.c...
compiling main.c...
compiling heterogeneous.c...
compiling redundancy.c...
compiling verification.c...
compiling voting.c...
linking...
Program Size: Code=13252 RO-data=6684 RW-data=84 ZI-data=868  
"lab2.axf" - 0 Error(s), 0 Warning(s).
Rebuild target 'Lab2'
assembling startup_LPC17xx.s...
compiling fault_injection.c...
compiling system_LPC17xx.c...
compiling GLCD_SPI_LPC1700.c...
compiling inputs.c...
compiling main.c...
compiling heterogeneous.c...
compiling redundancy.c...
compiling verification.c...
compiling voting.c...
linking...
Program Size: Code=13264 RO-data=6684 RW-data=84 ZI-data=868  
"lab2.axf" - 0 Error(s), 0 Warning(s).
Rebuild target 'Lab2'
assembling startup_LPC17xx.s...
compiling fault_injection.c...
compiling system_LPC17xx.c...
compiling GLCD_SPI_LPC1700.c...
compiling inputs.c...
compiling main.c...
compiling heterogeneous.c...
compiling redundancy.c...
compiling verification.c...
compiling voting.c...
linking...
Program Size: Code=13264 RO-data=6684 RW-data=84 ZI-data=868  
"lab2.axf" - 0 Error(s), 0 Warning(s).
Load "C:\\Users\\yb4kim\\OneDrive - University of Waterloo\\ECE455\\Lab2\\lab2.AXF" 
Erase Done.
Programming Done.
Verify OK.
Rebuild target 'Lab2'
assembling startup_LPC17xx.s...
compiling fault_injection.c...
compiling system_LPC17xx.c...
compiling GLCD_SPI_LPC1700.c...
compiling inputs.c...
compiling main.c...
main.c(219): error:  #20: identifier "str_fault_types" is undefined
compiling heterogeneous.c...
compiling redundancy.c...
compiling verification.c...
compiling voting.c...
Target not created
Load "C:\\Users\\yb4kim\\OneDrive - University of Waterloo\\ECE455\\Lab2\\lab2.AXF" 
_____^
*** error 56: cannot open file
Rebuild target 'Lab2'
assembling startup_LPC17xx.s...
compiling fault_injection.c...
compiling system_LPC17xx.c...
compiling GLCD_SPI_LPC1700.c...
compiling inputs.c...
compiling main.c...
main.c(219): error:  #20: identifier "str_fault_types" is undefined
compiling heterogeneous.c...
compiling redundancy.c...
compiling verification.c...
compiling voting.c...
Target not created
Rebuild target 'Lab2'
assembling startup_LPC17xx.s...
compiling fault_injection.c...
compiling system_LPC17xx.c...
compiling GLCD_SPI_LPC1700.c...
compiling inputs.c...
compiling main.c...
compiling heterogeneous.c...
compiling redundancy.c...
compiling verification.c...
compiling voting.c...
linking...
Program Size: Code=13264 RO-data=6684 RW-data=84 ZI-data=868  
"lab2.axf" - 0 Error(s), 0 Warning(s).
Load "C:\\Users\\yb4kim\\OneDrive - University of Waterloo\\ECE455\\Lab2\\lab2.AXF" 
Erase Done.
Programming Done.
Verify OK.
Rebuild target 'Lab2'
assembling startup_LPC17xx.s...
compiling fault_injection.c...
compiling system_LPC17xx.c...
compiling GLCD_SPI_LPC1700.c...
compiling inputs.c...
compiling main.c...
main.c(96): warning:  #177-D: variable "str_faulty_int" was declared but never referenced
main.c(98): warning:  #177-D: variable "faulty_int_var" was declared but never referenced
compiling heterogeneous.c...
compiling redundancy.c...
compiling verification.c...
compiling voting.c...
linking...
Program Size: Code=13260 RO-data=6684 RW-data=84 ZI-data=868  
"lab2.axf" - 0 Error(s), 2 Warning(s).
Rebuild target 'Lab2'
assembling startup_LPC17xx.s...
compiling fault_injection.c...
compiling system_LPC17xx.c...
compiling GLCD_SPI_LPC1700.c...
compiling inputs.c...
compiling main.c...
compiling heterogeneous.c...
compiling redundancy.c...
compiling verification.c...
compiling voting.c...
linking...
Program Size: Code=13260 RO-data=6684 RW-data=84 ZI-data=868  
"lab2.axf" - 0 Error(s), 0 Warning(s).
Load "C:\\Users\\yb4kim\\OneDrive - University of Waterloo\\ECE455\\Lab2\\lab2.AXF" 
Erase Done.
Programming Done.
Verify OK.
Rebuild target 'Lab2'
assembling startup_LPC17xx.s...
compiling fault_injection.c...
compiling system_LPC17xx.c...
compiling GLCD_SPI_LPC1700.c...
compiling inputs.c...
compiling main.c...
compiling heterogeneous.c...
compiling redundancy.c...
compiling verification.c...
compiling voting.c...
linking...
Program Size: Code=13260 RO-data=6684 RW-data=84 ZI-data=868  
"lab2.axf" - 0 Error(s), 0 Warning(s).
Load "C:\\Users\\yb4kim\\OneDrive - University of Waterloo\\ECE455\\Lab2\\lab2.AXF" 
Erase Done.
Programming Done.
Verify OK.
Rebuild target 'Lab2'
assembling startup_LPC17xx.s...
compiling fault_injection.c...
compiling system_LPC17xx.c...
compiling GLCD_SPI_LPC1700.c...
compiling inputs.c...
compiling main.c...
compiling heterogeneous.c...
compiling redundancy.c...
compiling verification.c...
compiling voting.c...
linking...
Program Size: Code=13264 RO-data=6684 RW-data=84 ZI-data=868  
"lab2.axf" - 0 Error(s), 0 Warning(s).
Load "C:\\Users\\yb4kim\\OneDrive - University of Waterloo\\ECE455\\Lab2\\lab2.AXF" 
Erase Done.
Programming Done.
Verify OK.
Rebuild target 'Lab2'
assembling startup_LPC17xx.s...
compiling fault_injection.c...
compiling system_LPC17xx.c...
compiling GLCD_SPI_LPC1700.c...
compiling inputs.c...
compiling main.c...
compiling heterogeneous.c...
compiling redundancy.c...
compiling verification.c...
compiling voting.c...
linking...
Program Size: Code=13256 RO-data=6684 RW-data=84 ZI-data=868  
"lab2.axf" - 0 Error(s), 0 Warning(s).
Load "C:\\Users\\yb4kim\\OneDrive - University of Waterloo\\ECE455\\Lab2\\lab2.AXF" 
Erase Done.
Programming Done.
Verify OK.
Rebuild target 'Lab2'
assembling startup_LPC17xx.s...
compiling fault_injection.c...
compiling system_LPC17xx.c...
compiling GLCD_SPI_LPC1700.c...
compiling inputs.c...
compiling main.c...
compiling heterogeneous.c...
compiling redundancy.c...
compiling verification.c...
compiling voting.c...
linking...
Program Size: Code=13280 RO-data=6684 RW-data=84 ZI-data=868  
"lab2.axf" - 0 Error(s), 0 Warning(s).
Load "C:\\Users\\yb4kim\\OneDrive - University of Waterloo\\ECE455\\Lab2\\lab2.AXF" 
Erase Done.
Programming Done.
Verify OK.
Rebuild target 'Lab2'
assembling startup_LPC17xx.s...
compiling fault_injection.c...
compiling system_LPC17xx.c...
compiling GLCD_SPI_LPC1700.c...
compiling inputs.c...
compiling main.c...
compiling heterogeneous.c...
compiling redundancy.c...
compiling verification.c...
compiling voting.c...
linking...
Program Size: Code=13280 RO-data=6684 RW-data=84 ZI-data=868  
"lab2.axf" - 0 Error(s), 0 Warning(s).
Load "C:\\Users\\yb4kim\\OneDrive - University of Waterloo\\ECE455\\Lab2\\lab2.AXF" 
Erase Done.
Programming Done.
Verify OK.
Rebuild target 'Lab2'
assembling startup_LPC17xx.s...
compiling fault_injection.c...
compiling system_LPC17xx.c...
compiling GLCD_SPI_LPC1700.c...
compiling inputs.c...
compiling main.c...
compiling heterogeneous.c...
compiling redundancy.c...
compiling verification.c...
compiling voting.c...
linking...
Program Size: Code=13280 RO-data=6684 RW-data=84 ZI-data=868  
"lab2.axf" - 0 Error(s), 0 Warning(s).
Load "C:\\Users\\yb4kim\\OneDrive - University of Waterloo\\ECE455\\Lab2\\lab2.AXF" 
Erase Done.
Programming Done.
Verify OK.
Rebuild target 'Lab2'
assembling startup_LPC17xx.s...
compiling fault_injection.c...
compiling system_LPC17xx.c...
compiling GLCD_SPI_LPC1700.c...
compiling inputs.c...
compiling main.c...
compiling heterogeneous.c...
compiling redundancy.c...
compiling verification.c...
compiling voting.c...
linking...
Program Size: Code=13280 RO-data=6684 RW-data=84 ZI-data=868  
"lab2.axf" - 0 Error(s), 0 Warning(s).
Load "C:\\Users\\yb4kim\\OneDrive - University of Waterloo\\ECE455\\Lab2\\lab2.AXF" 
Erase Done.
Programming Done.
Verify OK.
Rebuild target 'Lab2'
assembling startup_LPC17xx.s...
compiling fault_injection.c...
compiling system_LPC17xx.c...
compiling GLCD_SPI_LPC1700.c...
compiling inputs.c...
compiling main.c...
compiling heterogeneous.c...
compiling redundancy.c...
compiling verification.c...
compiling voting.c...
linking...
Program Size: Code=13276 RO-data=6684 RW-data=84 ZI-data=868  
"lab2.axf" - 0 Error(s), 0 Warning(s).
Load "C:\\Users\\yb4kim\\OneDrive - University of Waterloo\\ECE455\\Lab2\\lab2.AXF" 
Erase Done.
Programming Done.
Verify OK.
Rebuild target 'Lab2'
assembling startup_LPC17xx.s...
compiling fault_injection.c...
compiling system_LPC17xx.c...
compiling GLCD_SPI_LPC1700.c...
compiling inputs.c...
compiling main.c...
compiling heterogeneous.c...
compiling redundancy.c...
compiling verification.c...
compiling voting.c...
linking...
lab2.axf: Error: L6200E: Symbol str_error multiply defined (by voting.o and redundancy.o).
Target not created
Load "C:\\Users\\yb4kim\\OneDrive - University of Waterloo\\ECE455\\Lab2\\lab2.AXF" 
_____^
*** error 56: cannot open file
Rebuild target 'Lab2'
assembling startup_LPC17xx.s...
compiling fault_injection.c...
compiling system_LPC17xx.c...
compiling GLCD_SPI_LPC1700.c...
compiling inputs.c...
compiling main.c...
compiling heterogeneous.c...
compiling redundancy.c...
compiling verification.c...
compiling voting.c...
linking...
lab2.axf: Error: L6200E: Symbol str_error multiply defined (by voting.o and redundancy.o).
Target not created
Build target 'Lab2'
linking...
lab2.axf: Error: L6200E: Symbol str_error multiply defined (by voting.o and redundancy.o).
Target not created
Rebuild target 'Lab2'
assembling startup_LPC17xx.s...
compiling fault_injection.c...
compiling system_LPC17xx.c...
compiling GLCD_SPI_LPC1700.c...
compiling inputs.c...
compiling main.c...
compiling heterogeneous.c...
compiling redundancy.c...
compiling verification.c...
compiling voting.c...
linking...
lab2.axf: Error: L6200E: Symbol str_error multiply defined (by voting.o and redundancy.o).
Target not created
Rebuild target 'Lab2'
assembling startup_LPC17xx.s...
compiling fault_injection.c...
compiling system_LPC17xx.c...
compiling GLCD_SPI_LPC1700.c...
compiling inputs.c...
compiling main.c...
compiling heterogeneous.c...
compiling redundancy.c...
compiling verification.c...
compiling voting.c...
linking...
lab2.axf: Error: L6200E: Symbol str_error multiply defined (by voting.o and redundancy.o).
Target not created
Load "C:\\Users\\yb4kim\\OneDrive - University of Waterloo\\ECE455\\Lab2\\lab2.AXF" 
_____^
*** error 56: cannot open file
Rebuild target 'Lab2'
assembling startup_LPC17xx.s...
compiling fault_injection.c...
compiling system_LPC17xx.c...
compiling GLCD_SPI_LPC1700.c...
compiling inputs.c...
compiling main.c...
compiling heterogeneous.c...
compiling redundancy.c...
compiling verification.c...
compiling voting.c...
linking...
lab2.axf: Error: L6200E: Symbol str_error multiply defined (by voting.o and redundancy.o).
Target not created
Rebuild target 'Lab2'
assembling startup_LPC17xx.s...
compiling fault_injection.c...
compiling system_LPC17xx.c...
compiling GLCD_SPI_LPC1700.c...
compiling inputs.c...
compiling main.c...
compiling heterogeneous.c...
compiling redundancy.c...
compiling verification.c...
compiling voting.c...
linking...
Program Size: Code=13260 RO-data=6684 RW-data=84 ZI-data=876  
"lab2.axf" - 0 Error(s), 0 Warning(s).
Rebuild target 'Lab2'
assembling startup_LPC17xx.s...
compiling fault_injection.c...
compiling system_LPC17xx.c...
compiling GLCD_SPI_LPC1700.c...
compiling inputs.c...
compiling main.c...
compiling heterogeneous.c...
compiling redundancy.c...
compiling verification.c...
compiling voting.c...
linking...
lab2.axf: Error: L6200E: Symbol str_error multiply defined (by voting.o and redundancy.o).
Target not created
Rebuild target 'Lab2'
assembling startup_LPC17xx.s...
compiling fault_injection.c...
compiling system_LPC17xx.c...
compiling GLCD_SPI_LPC1700.c...
compiling inputs.c...
compiling main.c...
compiling heterogeneous.c...
compiling redundancy.c...
compiling verification.c...
compiling voting.c...
linking...
Program Size: Code=13260 RO-data=6684 RW-data=84 ZI-data=876  
"lab2.axf" - 0 Error(s), 0 Warning(s).
Rebuild target 'Lab2'
assembling startup_LPC17xx.s...
compiling fault_injection.c...
compiling system_LPC17xx.c...
compiling GLCD_SPI_LPC1700.c...
compiling inputs.c...
compiling main.c...
compiling heterogeneous.c...
heterogeneous.c(72): warning:  #223-D: function "GLCD_DisplayString" declared implicitly
compiling redundancy.c...
compiling verification.c...
verification.c(21): warning:  #223-D: function "GLCD_DisplayString" declared implicitly
compiling voting.c...
linking...
Program Size: Code=13424 RO-data=6684 RW-data=84 ZI-data=940  
"lab2.axf" - 0 Error(s), 2 Warning(s).
Rebuild target 'Lab2'
assembling startup_LPC17xx.s...
compiling fault_injection.c...
compiling system_LPC17xx.c...
compiling GLCD_SPI_LPC1700.c...
compiling inputs.c...
compiling main.c...
compiling heterogeneous.c...
compiling redundancy.c...
compiling verification.c...
compiling voting.c...
linking...
Program Size: Code=13424 RO-data=6684 RW-data=84 ZI-data=940  
"lab2.axf" - 0 Error(s), 0 Warning(s).
Load "C:\\Users\\yb4kim\\OneDrive - University of Waterloo\\ECE455\\Lab2\\lab2.AXF" 
Erase Done.
Programming Done.
Verify OK.
Load "C:\\Users\\yb4kim\\OneDrive - University of Waterloo\\ECE455\\Lab2\\lab2.AXF" 
Erase Done.
Programming Done.
Verify OK.
Rebuild target 'Lab2'
assembling startup_LPC17xx.s...
compiling fault_injection.c...
compiling system_LPC17xx.c...
compiling GLCD_SPI_LPC1700.c...
compiling inputs.c...
compiling main.c...
compiling heterogeneous.c...
compiling redundancy.c...
compiling verification.c...
compiling voting.c...
linking...
Program Size: Code=13428 RO-data=6684 RW-data=84 ZI-data=940  
"lab2.axf" - 0 Error(s), 0 Warning(s).
Load "C:\\Users\\yb4kim\\OneDrive - University of Waterloo\\ECE455\\Lab2\\lab2.AXF" 
Erase Done.
Programming Done.
Verify OK.
Rebuild target 'Lab2'
assembling startup_LPC17xx.s...
compiling fault_injection.c...
compiling system_LPC17xx.c...
compiling GLCD_SPI_LPC1700.c...
compiling inputs.c...
compiling main.c...
compiling heterogeneous.c...
heterogeneous.c(75): error:  #65: expected a ";"
compiling redundancy.c...
compiling verification.c...
compiling voting.c...
voting.c(37): error:  #20: identifier "str_error31" is undefined
voting.c(38): error:  #20: identifier "str_error32" is undefined
voting.c(39): error:  #65: expected a ";"
Target not created
Rebuild target 'Lab2'
assembling startup_LPC17xx.s...
compiling fault_injection.c...
compiling system_LPC17xx.c...
compiling GLCD_SPI_LPC1700.c...
compiling inputs.c...
compiling main.c...
compiling heterogeneous.c...
compiling redundancy.c...
compiling verification.c...
compiling voting.c...
voting.c(37): error:  #20: identifier "str_error31" is undefined
voting.c(38): error:  #20: identifier "str_error32" is undefined
voting.c(39): error:  #65: expected a ";"
Target not created
Load "C:\\Users\\yb4kim\\OneDrive - University of Waterloo\\ECE455\\Lab2\\lab2.AXF" 
_____^
*** error 56: cannot open file
Build target 'Lab2'
compiling voting.c...
voting.c(37): error:  #20: identifier "str_error31" is undefined
voting.c(38): error:  #20: identifier "str_error32" is undefined
voting.c(39): error:  #65: expected a ";"
Target not created
Rebuild target 'Lab2'
assembling startup_LPC17xx.s...
compiling fault_injection.c...
compiling system_LPC17xx.c...
compiling GLCD_SPI_LPC1700.c...
compiling inputs.c...
compiling main.c...
compiling heterogeneous.c...
compiling redundancy.c...
compiling verification.c...
compiling voting.c...
voting.c(37): error:  #20: identifier "str_error31" is undefined
voting.c(38): error:  #20: identifier "str_error32" is undefined
voting.c(39): error:  #20: identifier "str_error33" is undefined
Target not created
Rebuild target 'Lab2'
assembling startup_LPC17xx.s...
compiling fault_injection.c...
compiling system_LPC17xx.c...
compiling GLCD_SPI_LPC1700.c...
compiling inputs.c...
compiling main.c...
compiling heterogeneous.c...
compiling redundancy.c...
compiling verification.c...
compiling voting.c...
linking...
Program Size: Code=13520 RO-data=6684 RW-data=84 ZI-data=1020  
"lab2.axf" - 0 Error(s), 0 Warning(s).
Load "C:\\Users\\yb4kim\\OneDrive - University of Waterloo\\ECE455\\Lab2\\lab2.AXF" 
Erase Done.
Programming Done.
Verify OK.
Rebuild target 'Lab2'
assembling startup_LPC17xx.s...
compiling fault_injection.c...
compiling system_LPC17xx.c...
compiling GLCD_SPI_LPC1700.c...
compiling inputs.c...
compiling main.c...
compiling heterogeneous.c...
compiling redundancy.c...
compiling verification.c...
compiling voting.c...
linking...
Program Size: Code=13504 RO-data=6684 RW-data=84 ZI-data=1020  
"lab2.axf" - 0 Error(s), 0 Warning(s).
Load "C:\\Users\\yb4kim\\OneDrive - University of Waterloo\\ECE455\\Lab2\\lab2.AXF" 
Erase Done.
Programming Done.
Verify OK.
Rebuild target 'Lab2'
assembling startup_LPC17xx.s...
compiling fault_injection.c...
compiling system_LPC17xx.c...
compiling GLCD_SPI_LPC1700.c...
compiling inputs.c...
compiling main.c...
compiling heterogeneous.c...
compiling redundancy.c...
compiling verification.c...
compiling voting.c...
linking...
Program Size: Code=13516 RO-data=6684 RW-data=84 ZI-data=1020  
"lab2.axf" - 0 Error(s), 0 Warning(s).
Rebuild target 'Lab2'
assembling startup_LPC17xx.s...
compiling fault_injection.c...
compiling system_LPC17xx.c...
compiling GLCD_SPI_LPC1700.c...
compiling inputs.c...
compiling main.c...
compiling heterogeneous.c...
compiling redundancy.c...
compiling verification.c...
compiling voting.c...
linking...
Program Size: Code=13516 RO-data=6684 RW-data=84 ZI-data=1020  
"lab2.axf" - 0 Error(s), 0 Warning(s).
Load "C:\\Users\\yb4kim\\OneDrive - University of Waterloo\\ECE455\\Lab2\\lab2.AXF" 
Erase Done.
Programming Done.
Verify OK.
Rebuild target 'Lab2'
assembling startup_LPC17xx.s...
compiling fault_injection.c...
compiling system_LPC17xx.c...
compiling GLCD_SPI_LPC1700.c...
compiling inputs.c...
compiling main.c...
compiling heterogeneous.c...
compiling redundancy.c...
compiling verification.c...
compiling voting.c...
linking...
Program Size: Code=13516 RO-data=6684 RW-data=84 ZI-data=1020  
"lab2.axf" - 0 Error(s), 0 Warning(s).
Rebuild target 'Lab2'
assembling startup_LPC17xx.s...
compiling fault_injection.c...
compiling system_LPC17xx.c...
compiling GLCD_SPI_LPC1700.c...
compiling inputs.c...
compiling main.c...
compiling heterogeneous.c...
compiling redundancy.c...
compiling verification.c...
compiling voting.c...
linking...
Program Size: Code=13516 RO-data=6684 RW-data=84 ZI-data=1020  
"lab2.axf" - 0 Error(s), 0 Warning(s).
Load "C:\\Users\\yb4kim\\OneDrive - University of Waterloo\\ECE455\\Lab2\\lab2.AXF" 
Erase Done.
Programming Done.
Verify OK.
Rebuild target 'Lab2'
assembling startup_LPC17xx.s...
compiling fault_injection.c...
compiling system_LPC17xx.c...
compiling GLCD_SPI_LPC1700.c...
compiling inputs.c...
compiling main.c...
compiling heterogeneous.c...
compiling redundancy.c...
compiling verification.c...
compiling voting.c...
linking...
Program Size: Code=13492 RO-data=6684 RW-data=84 ZI-data=1020  
"lab2.axf" - 0 Error(s), 0 Warning(s).
Load "C:\\Users\\yb4kim\\OneDrive - University of Waterloo\\ECE455\\Lab2\\lab2.AXF" 
Erase Done.
Programming Done.
Verify OK.
Rebuild target 'Lab2'
assembling startup_LPC17xx.s...
compiling fault_injection.c...
compiling system_LPC17xx.c...
compiling GLCD_SPI_LPC1700.c...
compiling inputs.c...
compiling main.c...
compiling heterogeneous.c...
compiling redundancy.c...
compiling verification.c...
compiling voting.c...
linking...
Program Size: Code=13488 RO-data=6684 RW-data=84 ZI-data=1020  
"lab2.axf" - 0 Error(s), 0 Warning(s).
Load "C:\\Users\\yb4kim\\OneDrive - University of Waterloo\\ECE455\\Lab2\\lab2.AXF" 
Erase Done.
Programming Done.
Verify OK.
Rebuild target 'Lab2'
assembling startup_LPC17xx.s...
compiling fault_injection.c...
compiling system_LPC17xx.c...
compiling GLCD_SPI_LPC1700.c...
compiling inputs.c...
compiling main.c...
compiling heterogeneous.c...
compiling redundancy.c...
compiling verification.c...
compiling voting.c...
linking...
Program Size: Code=13440 RO-data=6684 RW-data=84 ZI-data=1020  
"lab2.axf" - 0 Error(s), 0 Warning(s).
Load "C:\\Users\\yb4kim\\OneDrive - University of Waterloo\\ECE455\\Lab2\\lab2.AXF" 
Erase Done.
Programming Done.
Verify OK.
Rebuild target 'Lab2'
assembling startup_LPC17xx.s...
compiling fault_injection.c...
compiling system_LPC17xx.c...
compiling GLCD_SPI_LPC1700.c...
compiling inputs.c...
compiling main.c...
compiling heterogeneous.c...
compiling redundancy.c...
compiling verification.c...
compiling voting.c...
linking...
Program Size: Code=13436 RO-data=6684 RW-data=84 ZI-data=1020  
"lab2.axf" - 0 Error(s), 0 Warning(s).
Load "C:\\Users\\yb4kim\\OneDrive - University of Waterloo\\ECE455\\Lab2\\lab2.AXF" 
Erase Done.
Programming Done.
Verify OK.
Rebuild target 'Lab2'
assembling startup_LPC17xx.s...
compiling fault_injection.c...
compiling system_LPC17xx.c...
compiling GLCD_SPI_LPC1700.c...
compiling inputs.c...
compiling main.c...
compiling heterogeneous.c...
compiling redundancy.c...
compiling verification.c...
compiling voting.c...
linking...
Program Size: Code=13432 RO-data=6684 RW-data=84 ZI-data=1020  
"lab2.axf" - 0 Error(s), 0 Warning(s).
Load "C:\\Users\\yb4kim\\OneDrive - University of Waterloo\\ECE455\\Lab2\\lab2.AXF" 
Erase Done.
Programming Done.
Verify OK.
Rebuild target 'Lab2'
assembling startup_LPC17xx.s...
compiling fault_injection.c...
compiling system_LPC17xx.c...
compiling GLCD_SPI_LPC1700.c...
compiling inputs.c...
compiling main.c...
compiling heterogeneous.c...
compiling redundancy.c...
compiling verification.c...
compiling voting.c...
linking...
Program Size: Code=13432 RO-data=6684 RW-data=84 ZI-data=1020  
"lab2.axf" - 0 Error(s), 0 Warning(s).
Rebuild target 'Lab2'
assembling startup_LPC17xx.s...
compiling fault_injection.c...
compiling system_LPC17xx.c...
compiling GLCD_SPI_LPC1700.c...
compiling inputs.c...
compiling main.c...
compiling heterogeneous.c...
compiling redundancy.c...
compiling verification.c...
compiling voting.c...
linking...
Program Size: Code=13428 RO-data=6684 RW-data=84 ZI-data=1020  
"lab2.axf" - 0 Error(s), 0 Warning(s).
Load "C:\\Users\\yb4kim\\OneDrive - University of Waterloo\\ECE455\\Lab2\\lab2.AXF" 
Erase Done.
Programming Done.
Verify OK.
Rebuild target 'Lab2'
assembling startup_LPC17xx.s...
compiling fault_injection.c...
compiling system_LPC17xx.c...
compiling GLCD_SPI_LPC1700.c...
compiling inputs.c...
compiling main.c...
compiling heterogeneous.c...
compiling redundancy.c...
compiling verification.c...
compiling voting.c...
linking...
Program Size: Code=13428 RO-data=6684 RW-data=84 ZI-data=1020  
"lab2.axf" - 0 Error(s), 0 Warning(s).
Load "C:\\Users\\yb4kim\\OneDrive - University of Waterloo\\ECE455\\Lab2\\lab2.AXF" 
Erase Done.
Programming Done.
Verify OK.
Rebuild target 'Lab2'
assembling startup_LPC17xx.s...
compiling fault_injection.c...
compiling system_LPC17xx.c...
compiling GLCD_SPI_LPC1700.c...
compiling inputs.c...
compiling main.c...
compiling heterogeneous.c...
compiling redundancy.c...
compiling verification.c...
compiling voting.c...
linking...
Program Size: Code=13440 RO-data=6684 RW-data=84 ZI-data=1020  
"lab2.axf" - 0 Error(s), 0 Warning(s).
Load "C:\\Users\\yb4kim\\OneDrive - University of Waterloo\\ECE455\\Lab2\\lab2.AXF" 
Erase Done.
Programming Done.
Verify OK.
Rebuild target 'Lab2'
assembling startup_LPC17xx.s...
compiling fault_injection.c...
compiling system_LPC17xx.c...
compiling GLCD_SPI_LPC1700.c...
compiling inputs.c...
compiling main.c...
compiling heterogeneous.c...
compiling redundancy.c...
compiling verification.c...
compiling voting.c...
linking...
Program Size: Code=13444 RO-data=6684 RW-data=84 ZI-data=1020  
"lab2.axf" - 0 Error(s), 0 Warning(s).
Load "C:\\Users\\yb4kim\\OneDrive - University of Waterloo\\ECE455\\Lab2\\lab2.AXF" 
Erase Done.
Programming Done.
Verify OK.
Rebuild target 'Lab2'
assembling startup_LPC17xx.s...
compiling fault_injection.c...
compiling system_LPC17xx.c...
compiling GLCD_SPI_LPC1700.c...
compiling inputs.c...
compiling main.c...
compiling heterogeneous.c...
compiling redundancy.c...
compiling verification.c...
compiling voting.c...
linking...
Program Size: Code=13432 RO-data=6684 RW-data=84 ZI-data=996  
"lab2.axf" - 0 Error(s), 0 Warning(s).
Load "C:\\Users\\yb4kim\\OneDrive - University of Waterloo\\ECE455\\Lab2\\lab2.AXF" 
Erase Done.
Programming Done.
Verify OK.
Rebuild target 'Lab2'
assembling startup_LPC17xx.s...
compiling fault_injection.c...
compiling system_LPC17xx.c...
compiling GLCD_SPI_LPC1700.c...
compiling inputs.c...
compiling main.c...
compiling heterogeneous.c...
compiling redundancy.c...
compiling verification.c...
compiling voting.c...
linking...
Program Size: Code=13432 RO-data=6684 RW-data=84 ZI-data=1108  
"lab2.axf" - 0 Error(s), 0 Warning(s).
Load "C:\\Users\\yb4kim\\OneDrive - University of Waterloo\\ECE455\\Lab2\\lab2.AXF" 
Erase Done.
Programming Done.
Verify OK.
Rebuild target 'Lab2'
assembling startup_LPC17xx.s...
compiling fault_injection.c...
compiling system_LPC17xx.c...
compiling GLCD_SPI_LPC1700.c...
compiling inputs.c...
compiling main.c...
compiling heterogeneous.c...
compiling redundancy.c...
compiling verification.c...
compiling voting.c...
linking...
Program Size: Code=13432 RO-data=6684 RW-data=84 ZI-data=1020  
"lab2.axf" - 0 Error(s), 0 Warning(s).
Load "C:\\Users\\yb4kim\\OneDrive - University of Waterloo\\ECE455\\Lab2\\lab2.AXF" 
Erase Done.
Programming Done.
Verify OK.
Rebuild target 'Lab2'
assembling startup_LPC17xx.s...
compiling fault_injection.c...
compiling system_LPC17xx.c...
compiling GLCD_SPI_LPC1700.c...
compiling inputs.c...
compiling main.c...
compiling heterogeneous.c...
compiling redundancy.c...
compiling verification.c...
compiling voting.c...
linking...
Program Size: Code=13404 RO-data=6684 RW-data=84 ZI-data=1020  
"lab2.axf" - 0 Error(s), 0 Warning(s).
Load "C:\\Users\\yb4kim\\OneDrive - University of Waterloo\\ECE455\\Lab2\\lab2.AXF" 
Erase Done.
Programming Done.
Verify OK.
Rebuild target 'Lab2'
assembling startup_LPC17xx.s...
compiling fault_injection.c...
compiling system_LPC17xx.c...
compiling GLCD_SPI_LPC1700.c...
compiling inputs.c...
compiling main.c...
compiling heterogeneous.c...
compiling redundancy.c...
compiling verification.c...
compiling voting.c...
linking...
Program Size: Code=13388 RO-data=6684 RW-data=84 ZI-data=1020  
"lab2.axf" - 0 Error(s), 0 Warning(s).
Load "C:\\Users\\yb4kim\\OneDrive - University of Waterloo\\ECE455\\Lab2\\lab2.AXF" 
Erase Done.
Programming Done.
Verify OK.
Rebuild target 'Lab2'
assembling startup_LPC17xx.s...
compiling fault_injection.c...
compiling system_LPC17xx.c...
compiling GLCD_SPI_LPC1700.c...
compiling inputs.c...
compiling main.c...
compiling heterogeneous.c...
compiling redundancy.c...
compiling verification.c...
compiling voting.c...
linking...
Program Size: Code=13372 RO-data=6684 RW-data=84 ZI-data=1020  
"lab2.axf" - 0 Error(s), 0 Warning(s).
Load "C:\\Users\\yb4kim\\OneDrive - University of Waterloo\\ECE455\\Lab2\\lab2.AXF" 
Erase Done.
Programming Done.
Verify OK.
Rebuild target 'Lab2'
assembling startup_LPC17xx.s...
compiling fault_injection.c...
compiling system_LPC17xx.c...
compiling GLCD_SPI_LPC1700.c...
compiling inputs.c...
compiling main.c...
compiling heterogeneous.c...
compiling redundancy.c...
compiling verification.c...
compiling voting.c...
linking...
Program Size: Code=13392 RO-data=6684 RW-data=84 ZI-data=1020  
"lab2.axf" - 0 Error(s), 0 Warning(s).
Load "C:\\Users\\yb4kim\\OneDrive - University of Waterloo\\ECE455\\Lab2\\lab2.AXF" 
Erase Done.
Programming Done.
Verify OK.
Build target 'Lab2'
compiling main.c...
linking...
Program Size: Code=13392 RO-data=6684 RW-data=84 ZI-data=1020  
"lab2.axf" - 0 Error(s), 0 Warning(s).
Load "C:\\Users\\yb4kim\\OneDrive - University of Waterloo\\ECE455\\Lab2\\lab2.AXF" 
Erase Done.
Programming Done.
Verify OK.
Rebuild target 'Lab2'
assembling startup_LPC17xx.s...
compiling fault_injection.c...
compiling system_LPC17xx.c...
compiling GLCD_SPI_LPC1700.c...
compiling inputs.c...
compiling main.c...
compiling heterogeneous.c...
compiling redundancy.c...
compiling verification.c...
compiling voting.c...
linking...
Program Size: Code=13364 RO-data=6684 RW-data=84 ZI-data=1020  
"lab2.axf" - 0 Error(s), 0 Warning(s).
Load "C:\\Users\\yb4kim\\OneDrive - University of Waterloo\\ECE455\\Lab2\\lab2.AXF" 
Erase Done.
Programming Done.
Verify OK.
Rebuild target 'Lab2'
assembling startup_LPC17xx.s...
compiling fault_injection.c...
compiling system_LPC17xx.c...
compiling GLCD_SPI_LPC1700.c...
compiling inputs.c...
compiling main.c...
compiling heterogeneous.c...
compiling redundancy.c...
compiling verification.c...
compiling voting.c...
linking...
Program Size: Code=13368 RO-data=6684 RW-data=84 ZI-data=1020  
"lab2.axf" - 0 Error(s), 0 Warning(s).
Load "C:\\Users\\yb4kim\\OneDrive - University of Waterloo\\ECE455\\Lab2\\lab2.AXF" 
Erase Done.
Programming Done.
Verify OK.
Load "C:\\Users\\yb4kim\\OneDrive - University of Waterloo\\ECE455\\Lab2\\lab2.AXF" 
Erase Done.
Programming Done.
Verify OK.
Build target 'Lab2'
compiling main.c...
linking...
Program Size: Code=13244 RO-data=6684 RW-data=84 ZI-data=1020  
"lab2.axf" - 0 Error(s), 0 Warning(s).
Load "C:\\Users\\yb4kim\\OneDrive - University of Waterloo\\ECE455\\Lab2\\lab2.AXF" 
Erase Done.
Programming Done.
Verify OK.
Rebuild target 'Lab2'
assembling startup_LPC17xx.s...
compiling fault_injection.c...
compiling system_LPC17xx.c...
compiling GLCD_SPI_LPC1700.c...
compiling inputs.c...
compiling main.c...
compiling heterogeneous.c...
compiling redundancy.c...
compiling verification.c...
compiling voting.c...
linking...
Program Size: Code=13244 RO-data=6684 RW-data=84 ZI-data=1020  
"lab2.axf" - 0 Error(s), 0 Warning(s).
Load "C:\\Users\\yb4kim\\OneDrive - University of Waterloo\\ECE455\\Lab2\\lab2.AXF" 
Erase Done.
Programming Done.
Verify OK.
Rebuild target 'Lab2'
assembling startup_LPC17xx.s...
compiling fault_injection.c...
compiling system_LPC17xx.c...
compiling GLCD_SPI_LPC1700.c...
compiling inputs.c...
compiling main.c...
compiling heterogeneous.c...
compiling redundancy.c...
compiling verification.c...
compiling voting.c...
linking...
Program Size: Code=13244 RO-data=6684 RW-data=84 ZI-data=1020  
"lab2.axf" - 0 Error(s), 0 Warning(s).
Load "C:\\Users\\yb4kim\\OneDrive - University of Waterloo\\ECE455\\Lab2\\lab2.AXF" 
Erase Done.
Programming Done.
Verify OK.
Rebuild target 'Lab2'
assembling startup_LPC17xx.s...
compiling fault_injection.c...
compiling system_LPC17xx.c...
compiling GLCD_SPI_LPC1700.c...
compiling inputs.c...
compiling main.c...
compiling heterogeneous.c...
compiling redundancy.c...
compiling verification.c...
compiling voting.c...
linking...
Program Size: Code=13244 RO-data=6684 RW-data=84 ZI-data=1020  
"lab2.axf" - 0 Error(s), 0 Warning(s).
Load "C:\\Users\\yb4kim\\OneDrive - University of Waterloo\\ECE455\\Lab2\\lab2.AXF" 
Erase Done.
Programming Done.
Verify OK.
Rebuild target 'Lab2'
assembling startup_LPC17xx.s...
compiling fault_injection.c...
compiling system_LPC17xx.c...
compiling GLCD_SPI_LPC1700.c...
compiling inputs.c...
compiling main.c...
compiling heterogeneous.c...
compiling redundancy.c...
compiling verification.c...
compiling voting.c...
linking...
Program Size: Code=13264 RO-data=6684 RW-data=84 ZI-data=1020  
"lab2.axf" - 0 Error(s), 0 Warning(s).
Load "C:\\Users\\yb4kim\\OneDrive - University of Waterloo\\ECE455\\Lab2\\lab2.AXF" 
Erase Done.
Programming Done.
Verify OK.
Rebuild target 'Lab2'
assembling startup_LPC17xx.s...
compiling fault_injection.c...
compiling system_LPC17xx.c...
compiling GLCD_SPI_LPC1700.c...
compiling inputs.c...
compiling main.c...
compiling heterogeneous.c...
compiling redundancy.c...
compiling verification.c...
compiling voting.c...
linking...
Program Size: Code=13264 RO-data=6684 RW-data=84 ZI-data=1020  
"lab2.axf" - 0 Error(s), 0 Warning(s).
Load "C:\\Users\\yb4kim\\OneDrive - University of Waterloo\\ECE455\\Lab2\\lab2.AXF" 
Erase Done.
Programming Done.
Verify OK.
Load "C:\\Users\\yb4kim\\OneDrive - University of Waterloo\\ECE455\\Lab2\\lab2.AXF" 
Erase Done.
Programming Done.
Verify OK.
Rebuild target 'Lab2'
assembling startup_LPC17xx.s...
compiling fault_injection.c...
compiling system_LPC17xx.c...
compiling GLCD_SPI_LPC1700.c...
compiling inputs.c...
compiling main.c...
compiling heterogeneous.c...
compiling redundancy.c...
compiling verification.c...
compiling voting.c...
linking...
Program Size: Code=13264 RO-data=6684 RW-data=84 ZI-data=1020  
"lab2.axf" - 0 Error(s), 0 Warning(s).
Load "C:\\Users\\yb4kim\\OneDrive - University of Waterloo\\ECE455\\Lab2\\lab2.AXF" 
Erase Done.
Programming Done.
Verify OK.
Rebuild target 'Lab2'
assembling startup_LPC17xx.s...
compiling fault_injection.c...
compiling system_LPC17xx.c...
compiling GLCD_SPI_LPC1700.c...
compiling inputs.c...
compiling main.c...
compiling heterogeneous.c...
compiling redundancy.c...
compiling verification.c...
compiling voting.c...
linking...
Program Size: Code=13228 RO-data=6684 RW-data=84 ZI-data=1020  
"lab2.axf" - 0 Error(s), 0 Warning(s).
Load "C:\\Users\\yb4kim\\OneDrive - University of Waterloo\\ECE455\\Lab2\\lab2.AXF" 
Erase Done.
Programming Done.
Verify OK.
Rebuild target 'Lab2'
assembling startup_LPC17xx.s...
compiling fault_injection.c...
compiling system_LPC17xx.c...
compiling GLCD_SPI_LPC1700.c...
compiling inputs.c...
compiling main.c...
compiling heterogeneous.c...
compiling redundancy.c...
compiling verification.c...
compiling voting.c...
linking...
Program Size: Code=13224 RO-data=6684 RW-data=84 ZI-data=1020  
"lab2.axf" - 0 Error(s), 0 Warning(s).
Load "C:\\Users\\yb4kim\\OneDrive - University of Waterloo\\ECE455\\Lab2\\lab2.AXF" 
Erase Done.
Programming Done.
Verify OK.
Rebuild target 'Lab2'
assembling startup_LPC17xx.s...
compiling fault_injection.c...
compiling system_LPC17xx.c...
compiling GLCD_SPI_LPC1700.c...
compiling inputs.c...
compiling main.c...
compiling heterogeneous.c...
compiling redundancy.c...
compiling verification.c...
compiling voting.c...
linking...
Program Size: Code=13224 RO-data=6684 RW-data=84 ZI-data=1020  
"lab2.axf" - 0 Error(s), 0 Warning(s).
Load "C:\\Users\\yb4kim\\OneDrive - University of Waterloo\\ECE455\\Lab2\\lab2.AXF" 
Erase Done.
Programming Done.
Verify OK.
Rebuild target 'Lab2'
assembling startup_LPC17xx.s...
compiling fault_injection.c...
compiling system_LPC17xx.c...
compiling GLCD_SPI_LPC1700.c...
compiling inputs.c...
compiling main.c...
compiling heterogeneous.c...
compiling redundancy.c...
compiling verification.c...
compiling voting.c...
linking...
Program Size: Code=13404 RO-data=6684 RW-data=84 ZI-data=1020  
"lab2.axf" - 0 Error(s), 0 Warning(s).
Load "C:\\Users\\yb4kim\\OneDrive - University of Waterloo\\ECE455\\Lab2\\lab2.AXF" 
Erase Done.
Programming Done.
Verify OK.
Rebuild target 'Lab2'
assembling startup_LPC17xx.s...
compiling fault_injection.c...
compiling system_LPC17xx.c...
compiling GLCD_SPI_LPC1700.c...
compiling inputs.c...
compiling main.c...
compiling heterogeneous.c...
compiling redundancy.c...
compiling verification.c...
compiling voting.c...
linking...
Program Size: Code=13404 RO-data=6684 RW-data=84 ZI-data=1020  
"lab2.axf" - 0 Error(s), 0 Warning(s).
Load "C:\\Users\\yb4kim\\OneDrive - University of Waterloo\\ECE455\\Lab2\\lab2.AXF" 
Erase Done.
Programming Done.
Verify OK.
Rebuild target 'Lab2'
assembling startup_LPC17xx.s...
compiling fault_injection.c...
compiling system_LPC17xx.c...
compiling GLCD_SPI_LPC1700.c...
compiling inputs.c...
compiling main.c...
compiling heterogeneous.c...
compiling redundancy.c...
compiling verification.c...
compiling voting.c...
linking...
Program Size: Code=13408 RO-data=6684 RW-data=84 ZI-data=1020  
"lab2.axf" - 0 Error(s), 0 Warning(s).
Load "C:\\Users\\yb4kim\\OneDrive - University of Waterloo\\ECE455\\Lab2\\lab2.AXF" 
Erase Done.
Programming Done.
Verify OK.
Rebuild target 'Lab2'
assembling startup_LPC17xx.s...
compiling fault_injection.c...
compiling system_LPC17xx.c...
compiling GLCD_SPI_LPC1700.c...
compiling inputs.c...
compiling main.c...
compiling heterogeneous.c...
compiling redundancy.c...
compiling verification.c...
compiling voting.c...
linking...
Program Size: Code=13444 RO-data=6684 RW-data=84 ZI-data=1020  
"lab2.axf" - 0 Error(s), 0 Warning(s).
Load "C:\\Users\\yb4kim\\OneDrive - University of Waterloo\\ECE455\\Lab2\\lab2.AXF" 
Erase Done.
Programming Done.
Verify OK.
Rebuild target 'Lab2'
assembling startup_LPC17xx.s...
compiling fault_injection.c...
compiling system_LPC17xx.c...
compiling GLCD_SPI_LPC1700.c...
compiling inputs.c...
compiling main.c...
compiling heterogeneous.c...
compiling redundancy.c...
compiling verification.c...
compiling voting.c...
linking...
Program Size: Code=13440 RO-data=6684 RW-data=84 ZI-data=1020  
"lab2.axf" - 0 Error(s), 0 Warning(s).
Load "C:\\Users\\yb4kim\\OneDrive - University of Waterloo\\ECE455\\Lab2\\lab2.AXF" 
Erase Done.
Programming Done.
Verify OK.
Rebuild target 'Lab2'
assembling startup_LPC17xx.s...
compiling fault_injection.c...
compiling system_LPC17xx.c...
compiling GLCD_SPI_LPC1700.c...
compiling inputs.c...
compiling main.c...
compiling heterogeneous.c...
compiling redundancy.c...
compiling verification.c...
compiling voting.c...
linking...
Program Size: Code=13440 RO-data=6684 RW-data=84 ZI-data=1020  
"lab2.axf" - 0 Error(s), 0 Warning(s).
Load "C:\\Users\\yb4kim\\OneDrive - University of Waterloo\\ECE455\\Lab2\\lab2.AXF" 
Erase Done.
Programming Done.
Verify OK.
Rebuild target 'Lab2'
assembling startup_LPC17xx.s...
compiling fault_injection.c...
compiling system_LPC17xx.c...
compiling GLCD_SPI_LPC1700.c...
compiling inputs.c...
compiling main.c...
compiling heterogeneous.c...
compiling redundancy.c...
compiling verification.c...
compiling voting.c...
linking...
Program Size: Code=13444 RO-data=6684 RW-data=84 ZI-data=1020  
"lab2.axf" - 0 Error(s), 0 Warning(s).
Load "C:\\Users\\yb4kim\\OneDrive - University of Waterloo\\ECE455\\Lab2\\lab2.AXF" 
Erase Done.
Programming Done.
Verify OK.
Rebuild target 'Lab2'
assembling startup_LPC17xx.s...
compiling fault_injection.c...
compiling system_LPC17xx.c...
compiling GLCD_SPI_LPC1700.c...
compiling inputs.c...
compiling main.c...
compiling heterogeneous.c...
compiling redundancy.c...
compiling verification.c...
compiling voting.c...
linking...
Program Size: Code=13444 RO-data=6684 RW-data=84 ZI-data=1020  
"lab2.axf" - 0 Error(s), 0 Warning(s).
Rebuild target 'Lab2'
assembling startup_LPC17xx.s...
compiling fault_injection.c...
compiling system_LPC17xx.c...
compiling GLCD_SPI_LPC1700.c...
compiling inputs.c...
compiling main.c...
compiling heterogeneous.c...
compiling redundancy.c...
compiling verification.c...
compiling voting.c...
linking...
Program Size: Code=13440 RO-data=6684 RW-data=84 ZI-data=1020  
"lab2.axf" - 0 Error(s), 0 Warning(s).
Load "C:\\Users\\yb4kim\\OneDrive - University of Waterloo\\ECE455\\Lab2\\lab2.AXF" 
Erase Done.
Programming Done.
Verify OK.
Rebuild target 'Lab2'
assembling startup_LPC17xx.s...
compiling fault_injection.c...
compiling system_LPC17xx.c...
compiling GLCD_SPI_LPC1700.c...
compiling inputs.c...
compiling main.c...
compiling heterogeneous.c...
compiling redundancy.c...
compiling verification.c...
compiling voting.c...
linking...
Program Size: Code=13440 RO-data=6684 RW-data=84 ZI-data=1020  
"lab2.axf" - 0 Error(s), 0 Warning(s).
Load "C:\\Users\\yb4kim\\OneDrive - University of Waterloo\\ECE455\\Lab2\\lab2.AXF" 
Erase Done.
Programming Done.
Verify OK.
Rebuild target 'Lab2'
assembling startup_LPC17xx.s...
compiling fault_injection.c...
compiling system_LPC17xx.c...
compiling GLCD_SPI_LPC1700.c...
compiling inputs.c...
compiling main.c...
compiling heterogeneous.c...
compiling redundancy.c...
compiling verification.c...
compiling voting.c...
linking...
Program Size: Code=13436 RO-data=6684 RW-data=84 ZI-data=1020  
"lab2.axf" - 0 Error(s), 0 Warning(s).
Load "C:\\Users\\yb4kim\\OneDrive - University of Waterloo\\ECE455\\Lab2\\lab2.AXF" 
Erase Done.
Programming Done.
Verify OK.
Rebuild target 'Lab2'
assembling startup_LPC17xx.s...
compiling fault_injection.c...
compiling system_LPC17xx.c...
compiling GLCD_SPI_LPC1700.c...
compiling inputs.c...
compiling main.c...
compiling heterogeneous.c...
compiling redundancy.c...
compiling verification.c...
compiling voting.c...
linking...
Program Size: Code=13436 RO-data=6684 RW-data=84 ZI-data=1020  
"lab2.axf" - 0 Error(s), 0 Warning(s).
Load "C:\\Users\\yb4kim\\OneDrive - University of Waterloo\\ECE455\\Lab2\\lab2.AXF" 
Erase Done.
Programming Done.
Verify OK.
Rebuild target 'Lab2'
assembling startup_LPC17xx.s...
compiling fault_injection.c...
compiling system_LPC17xx.c...
compiling GLCD_SPI_LPC1700.c...
compiling inputs.c...
compiling main.c...
compiling heterogeneous.c...
compiling redundancy.c...
compiling verification.c...
compiling voting.c...
linking...
Program Size: Code=13440 RO-data=6684 RW-data=84 ZI-data=1020  
"lab2.axf" - 0 Error(s), 0 Warning(s).
Load "C:\\Users\\yb4kim\\OneDrive - University of Waterloo\\ECE455\\Lab2\\lab2.AXF" 
Erase Done.
Programming Done.
Verify OK.
Rebuild target 'Lab2'
assembling startup_LPC17xx.s...
compiling fault_injection.c...
compiling system_LPC17xx.c...
compiling GLCD_SPI_LPC1700.c...
compiling inputs.c...
compiling main.c...
compiling heterogeneous.c...
compiling redundancy.c...
compiling verification.c...
compiling voting.c...
linking...
Program Size: Code=13440 RO-data=6684 RW-data=84 ZI-data=1020  
"lab2.axf" - 0 Error(s), 0 Warning(s).
Load "C:\\Users\\yb4kim\\OneDrive - University of Waterloo\\ECE455\\Lab2\\lab2.AXF" 
Erase Done.
Programming Done.
Verify OK.
Rebuild target 'Lab2'
assembling startup_LPC17xx.s...
compiling fault_injection.c...
compiling system_LPC17xx.c...
compiling GLCD_SPI_LPC1700.c...
compiling inputs.c...
compiling main.c...
compiling heterogeneous.c...
compiling redundancy.c...
compiling verification.c...
compiling voting.c...
linking...
Program Size: Code=13440 RO-data=6684 RW-data=84 ZI-data=1020  
"lab2.axf" - 0 Error(s), 0 Warning(s).
Load "C:\\Users\\yb4kim\\OneDrive - University of Waterloo\\ECE455\\Lab2\\lab2.AXF" 
Erase Done.
Programming Done.
Verify OK.
Rebuild target 'Lab2'
assembling startup_LPC17xx.s...
compiling fault_injection.c...
compiling system_LPC17xx.c...
compiling GLCD_SPI_LPC1700.c...
compiling inputs.c...
compiling main.c...
compiling heterogeneous.c...
compiling redundancy.c...
compiling verification.c...
compiling voting.c...
linking...
Program Size: Code=13440 RO-data=6684 RW-data=84 ZI-data=1020  
"lab2.axf" - 0 Error(s), 0 Warning(s).
Load "C:\\Users\\yb4kim\\OneDrive - University of Waterloo\\ECE455\\Lab2\\lab2.AXF" 
Erase Done.
Programming Done.
Verify OK.
Rebuild target 'Lab2'
assembling startup_LPC17xx.s...
compiling fault_injection.c...
compiling system_LPC17xx.c...
compiling GLCD_SPI_LPC1700.c...
compiling inputs.c...
compiling main.c...
compiling heterogeneous.c...
compiling redundancy.c...
compiling verification.c...
compiling voting.c...
linking...
Program Size: Code=13440 RO-data=6684 RW-data=84 ZI-data=1020  
"lab2.axf" - 0 Error(s), 0 Warning(s).
Load "C:\\Users\\yb4kim\\OneDrive - University of Waterloo\\ECE455\\Lab2\\lab2.AXF" 
Erase Done.
Programming Done.
Verify OK.
Rebuild target 'Lab2'
assembling startup_LPC17xx.s...
compiling fault_injection.c...
compiling system_LPC17xx.c...
compiling GLCD_SPI_LPC1700.c...
compiling inputs.c...
compiling main.c...
compiling heterogeneous.c...
compiling redundancy.c...
compiling verification.c...
compiling voting.c...
linking...
Program Size: Code=13444 RO-data=6684 RW-data=84 ZI-data=1020  
"lab2.axf" - 0 Error(s), 0 Warning(s).
Load "C:\\Users\\yb4kim\\OneDrive - University of Waterloo\\ECE455\\Lab2\\lab2.AXF" 
Erase Done.
Programming Done.
Verify OK.
Rebuild target 'Lab2'
assembling startup_LPC17xx.s...
compiling fault_injection.c...
compiling system_LPC17xx.c...
compiling GLCD_SPI_LPC1700.c...
compiling inputs.c...
compiling main.c...
compiling heterogeneous.c...
compiling redundancy.c...
compiling verification.c...
compiling voting.c...
linking...
Program Size: Code=13440 RO-data=6684 RW-data=84 ZI-data=1020  
"lab2.axf" - 0 Error(s), 0 Warning(s).
Load "C:\\Users\\yb4kim\\OneDrive - University of Waterloo\\ECE455\\Lab2\\lab2.AXF" 
Erase Done.
Programming Done.
Verify OK.
Rebuild target 'Lab2'
assembling startup_LPC17xx.s...
compiling fault_injection.c...
compiling system_LPC17xx.c...
compiling GLCD_SPI_LPC1700.c...
compiling inputs.c...
compiling main.c...
compiling heterogeneous.c...
compiling redundancy.c...
compiling verification.c...
compiling voting.c...
linking...
Program Size: Code=13436 RO-data=6684 RW-data=84 ZI-data=1020  
"lab2.axf" - 0 Error(s), 0 Warning(s).
Load "C:\\Users\\yb4kim\\OneDrive - University of Waterloo\\ECE455\\Lab2\\lab2.AXF" 
Erase Done.
Programming Done.
Verify OK.
Rebuild target 'Lab2'
assembling startup_LPC17xx.s...
compiling fault_injection.c...
compiling system_LPC17xx.c...
compiling GLCD_SPI_LPC1700.c...
compiling inputs.c...
compiling main.c...
compiling heterogeneous.c...
compiling redundancy.c...
compiling verification.c...
compiling voting.c...
linking...
Program Size: Code=13416 RO-data=6684 RW-data=84 ZI-data=1020  
"lab2.axf" - 0 Error(s), 0 Warning(s).
Load "C:\\Users\\yb4kim\\OneDrive - University of Waterloo\\ECE455\\Lab2\\lab2.AXF" 
Erase Done.
Programming Done.
Verify OK.
Rebuild target 'Lab2'
assembling startup_LPC17xx.s...
compiling fault_injection.c...
compiling system_LPC17xx.c...
compiling GLCD_SPI_LPC1700.c...
compiling inputs.c...
compiling main.c...
compiling heterogeneous.c...
compiling redundancy.c...
compiling verification.c...
compiling voting.c...
linking...
Program Size: Code=13436 RO-data=6684 RW-data=84 ZI-data=1020  
"lab2.axf" - 0 Error(s), 0 Warning(s).
Load "C:\\Users\\yb4kim\\OneDrive - University of Waterloo\\ECE455\\Lab2\\lab2.AXF" 
Erase Done.
Programming Done.
Verify OK.
Rebuild target 'Lab2'
assembling startup_LPC17xx.s...
compiling fault_injection.c...
compiling system_LPC17xx.c...
compiling GLCD_SPI_LPC1700.c...
compiling inputs.c...
compiling main.c...
compiling heterogeneous.c...
compiling redundancy.c...
compiling verification.c...
compiling voting.c...
linking...
Program Size: Code=13440 RO-data=6684 RW-data=84 ZI-data=1020  
"lab2.axf" - 0 Error(s), 0 Warning(s).
Load "C:\\Users\\yb4kim\\OneDrive - University of Waterloo\\ECE455\\Lab2\\lab2.AXF" 
Erase Done.
Programming Done.
Verify OK.
Rebuild target 'Lab2'
assembling startup_LPC17xx.s...
compiling fault_injection.c...
compiling system_LPC17xx.c...
compiling GLCD_SPI_LPC1700.c...
compiling inputs.c...
compiling main.c...
compiling heterogeneous.c...
compiling redundancy.c...
compiling verification.c...
compiling voting.c...
linking...
Program Size: Code=13452 RO-data=6684 RW-data=84 ZI-data=1020  
"lab2.axf" - 0 Error(s), 0 Warning(s).
Rebuild target 'Lab2'
assembling startup_LPC17xx.s...
compiling fault_injection.c...
compiling system_LPC17xx.c...
compiling GLCD_SPI_LPC1700.c...
compiling inputs.c...
compiling main.c...
compiling heterogeneous.c...
compiling redundancy.c...
compiling verification.c...
compiling voting.c...
linking...
Program Size: Code=13444 RO-data=6684 RW-data=84 ZI-data=1020  
"lab2.axf" - 0 Error(s), 0 Warning(s).
Load "C:\\Users\\yb4kim\\OneDrive - University of Waterloo\\ECE455\\Lab2\\lab2.AXF" 
Erase Done.
Programming Done.
Verify OK.
Rebuild target 'Lab2'
assembling startup_LPC17xx.s...
compiling fault_injection.c...
compiling system_LPC17xx.c...
compiling GLCD_SPI_LPC1700.c...
compiling inputs.c...
compiling main.c...
compiling heterogeneous.c...
compiling redundancy.c...
compiling verification.c...
compiling voting.c...
linking...
Program Size: Code=13444 RO-data=6684 RW-data=84 ZI-data=1020  
"lab2.axf" - 0 Error(s), 0 Warning(s).
Load "C:\\Users\\yb4kim\\OneDrive - University of Waterloo\\ECE455\\Lab2\\lab2.AXF" 
Erase Done.
Programming Done.
Verify OK.
Rebuild target 'Lab2'
assembling startup_LPC17xx.s...
compiling fault_injection.c...
compiling system_LPC17xx.c...
compiling GLCD_SPI_LPC1700.c...
compiling inputs.c...
compiling main.c...
compiling heterogeneous.c...
compiling redundancy.c...
compiling verification.c...
compiling voting.c...
linking...
Program Size: Code=13440 RO-data=6684 RW-data=84 ZI-data=1020  
"lab2.axf" - 0 Error(s), 0 Warning(s).
Load "C:\\Users\\yb4kim\\OneDrive - University of Waterloo\\ECE455\\Lab2\\lab2.AXF" 
Erase Done.
Programming Done.
Verify OK.
Rebuild target 'Lab2'
assembling startup_LPC17xx.s...
compiling fault_injection.c...
compiling system_LPC17xx.c...
compiling GLCD_SPI_LPC1700.c...
compiling inputs.c...
compiling main.c...
compiling heterogeneous.c...
compiling redundancy.c...
compiling verification.c...
compiling voting.c...
linking...
Program Size: Code=13440 RO-data=6684 RW-data=84 ZI-data=1020  
"lab2.axf" - 0 Error(s), 0 Warning(s).
Load "C:\\Users\\yb4kim\\OneDrive - University of Waterloo\\ECE455\\Lab2\\lab2.AXF" 
Erase Done.
Programming Done.
Verify OK.
Rebuild target 'Lab2'
assembling startup_LPC17xx.s...
compiling fault_injection.c...
compiling system_LPC17xx.c...
compiling GLCD_SPI_LPC1700.c...
compiling inputs.c...
compiling main.c...
compiling heterogeneous.c...
compiling redundancy.c...
compiling verification.c...
compiling voting.c...
linking...
Program Size: Code=13440 RO-data=6684 RW-data=84 ZI-data=1020  
"lab2.axf" - 0 Error(s), 0 Warning(s).
Load "C:\\Users\\yb4kim\\OneDrive - University of Waterloo\\ECE455\\Lab2\\lab2.AXF" 
Erase Done.
Programming Done.
Verify OK.
Rebuild target 'Lab2'
assembling startup_LPC17xx.s...
compiling fault_injection.c...
compiling system_LPC17xx.c...
compiling GLCD_SPI_LPC1700.c...
compiling inputs.c...
compiling main.c...
compiling heterogeneous.c...
compiling redundancy.c...
compiling verification.c...
compiling voting.c...
linking...
Program Size: Code=13332 RO-data=6684 RW-data=84 ZI-data=1020  
"lab2.axf" - 0 Error(s), 0 Warning(s).
Load "C:\\Users\\yb4kim\\OneDrive - University of Waterloo\\ECE455\\Lab2\\lab2.AXF" 
Erase Done.
Programming Done.
Verify OK.
Rebuild target 'Lab2'
assembling startup_LPC17xx.s...
compiling fault_injection.c...
compiling system_LPC17xx.c...
compiling GLCD_SPI_LPC1700.c...
compiling inputs.c...
compiling main.c...
compiling heterogeneous.c...
compiling redundancy.c...
compiling verification.c...
compiling voting.c...
linking...
Program Size: Code=13440 RO-data=6684 RW-data=84 ZI-data=1020  
"lab2.axf" - 0 Error(s), 0 Warning(s).
Rebuild target 'Lab2'
assembling startup_LPC17xx.s...
compiling fault_injection.c...
compiling system_LPC17xx.c...
compiling GLCD_SPI_LPC1700.c...
compiling inputs.c...
compiling main.c...
compiling heterogeneous.c...
compiling redundancy.c...
compiling verification.c...
compiling voting.c...
linking...
Program Size: Code=13444 RO-data=6684 RW-data=84 ZI-data=1020  
"lab2.axf" - 0 Error(s), 0 Warning(s).
Rebuild target 'Lab2'
assembling startup_LPC17xx.s...
compiling fault_injection.c...
compiling system_LPC17xx.c...
compiling GLCD_SPI_LPC1700.c...
compiling inputs.c...
compiling main.c...
compiling heterogeneous.c...
compiling redundancy.c...
compiling verification.c...
compiling voting.c...
linking...
Program Size: Code=13444 RO-data=6684 RW-data=84 ZI-data=1020  
"lab2.axf" - 0 Error(s), 0 Warning(s).
Load "C:\\Users\\yb4kim\\OneDrive - University of Waterloo\\ECE455\\Lab2\\lab2.AXF" 
Erase Done.
Programming Done.
Verify OK.
Rebuild target 'Lab2'
assembling startup_LPC17xx.s...
compiling fault_injection.c...
compiling system_LPC17xx.c...
compiling GLCD_SPI_LPC1700.c...
compiling inputs.c...
compiling main.c...
compiling heterogeneous.c...
compiling redundancy.c...
compiling verification.c...
compiling voting.c...
linking...
Program Size: Code=13444 RO-data=6684 RW-data=84 ZI-data=1020  
"lab2.axf" - 0 Error(s), 0 Warning(s).
Load "C:\\Users\\yb4kim\\OneDrive - University of Waterloo\\ECE455\\Lab2\\lab2.AXF" 
Erase Done.
Programming Done.
Verify OK.
Rebuild target 'Lab2'
assembling startup_LPC17xx.s...
compiling fault_injection.c...
compiling system_LPC17xx.c...
compiling GLCD_SPI_LPC1700.c...
compiling inputs.c...
compiling main.c...
compiling heterogeneous.c...
compiling redundancy.c...
compiling verification.c...
compiling voting.c...
linking...
Program Size: Code=13444 RO-data=6684 RW-data=84 ZI-data=1020  
"lab2.axf" - 0 Error(s), 0 Warning(s).
Load "C:\\Users\\yb4kim\\OneDrive - University of Waterloo\\ECE455\\Lab2\\lab2.AXF" 
Erase Done.
Programming Done.
Verify OK.
Rebuild target 'Lab2'
assembling startup_LPC17xx.s...
compiling fault_injection.c...
compiling system_LPC17xx.c...
compiling GLCD_SPI_LPC1700.c...
compiling inputs.c...
compiling main.c...
compiling heterogeneous.c...
compiling redundancy.c...
compiling verification.c...
compiling voting.c...
linking...
Program Size: Code=13444 RO-data=6684 RW-data=84 ZI-data=1020  
"lab2.axf" - 0 Error(s), 0 Warning(s).
Load "C:\\Users\\yb4kim\\OneDrive - University of Waterloo\\ECE455\\Lab2\\lab2.AXF" 
Erase Done.
Programming Done.
Verify OK.
Rebuild target 'Lab2'
assembling startup_LPC17xx.s...
compiling fault_injection.c...
compiling system_LPC17xx.c...
compiling GLCD_SPI_LPC1700.c...
compiling inputs.c...
compiling main.c...
compiling heterogeneous.c...
compiling redundancy.c...
compiling verification.c...
compiling voting.c...
linking...
Program Size: Code=13440 RO-data=6684 RW-data=84 ZI-data=1020  
"lab2.axf" - 0 Error(s), 0 Warning(s).
Load "C:\\Users\\yb4kim\\OneDrive - University of Waterloo\\ECE455\\Lab2\\lab2.AXF" 
Erase Done.
Programming Done.
Verify OK.
Rebuild target 'Lab2'
assembling startup_LPC17xx.s...
compiling fault_injection.c...
compiling system_LPC17xx.c...
compiling GLCD_SPI_LPC1700.c...
compiling inputs.c...
compiling main.c...
compiling heterogeneous.c...
compiling redundancy.c...
compiling verification.c...
compiling voting.c...
linking...
Program Size: Code=13440 RO-data=6684 RW-data=84 ZI-data=1020  
"lab2.axf" - 0 Error(s), 0 Warning(s).
Load "C:\\Users\\yb4kim\\OneDrive - University of Waterloo\\ECE455\\Lab2\\lab2.AXF" 
Erase Done.
Programming Done.
Verify OK.
Rebuild target 'Lab2'
assembling startup_LPC17xx.s...
compiling fault_injection.c...
compiling system_LPC17xx.c...
compiling GLCD_SPI_LPC1700.c...
compiling inputs.c...
compiling main.c...
compiling heterogeneous.c...
compiling redundancy.c...
compiling verification.c...
compiling voting.c...
linking...
Program Size: Code=13444 RO-data=6684 RW-data=84 ZI-data=1020  
"lab2.axf" - 0 Error(s), 0 Warning(s).
Load "C:\\Users\\yb4kim\\OneDrive - University of Waterloo\\ECE455\\Lab2\\lab2.AXF" 
Erase Done.
Programming Done.
Verify OK.
Rebuild target 'Lab2'
assembling startup_LPC17xx.s...
compiling fault_injection.c...
compiling system_LPC17xx.c...
compiling GLCD_SPI_LPC1700.c...
compiling inputs.c...
compiling main.c...
main.c(206): warning:  #187-D: use of "=" where "==" may have been intended
main.c(218): warning:  #187-D: use of "=" where "==" may have been intended
compiling heterogeneous.c...
compiling redundancy.c...
compiling verification.c...
compiling voting.c...
linking...
Program Size: Code=13460 RO-data=6684 RW-data=84 ZI-data=1020  
"lab2.axf" - 0 Error(s), 2 Warning(s).
Load "C:\\Users\\yb4kim\\OneDrive - University of Waterloo\\ECE455\\Lab2\\lab2.AXF" 
Erase Done.
Programming Done.
Verify OK.
Rebuild target 'Lab2'
assembling startup_LPC17xx.s...
compiling fault_injection.c...
compiling system_LPC17xx.c...
compiling GLCD_SPI_LPC1700.c...
compiling inputs.c...
compiling main.c...
main.c(206): warning:  #187-D: use of "=" where "==" may have been intended
main.c(218): warning:  #187-D: use of "=" where "==" may have been intended
compiling heterogeneous.c...
compiling redundancy.c...
compiling verification.c...
compiling voting.c...
linking...
Program Size: Code=13456 RO-data=6684 RW-data=84 ZI-data=1020  
"lab2.axf" - 0 Error(s), 2 Warning(s).
Load "C:\\Users\\yb4kim\\OneDrive - University of Waterloo\\ECE455\\Lab2\\lab2.AXF" 
Erase Done.
Programming Done.
Verify OK.
Rebuild target 'Lab2'
assembling startup_LPC17xx.s...
compiling fault_injection.c...
compiling system_LPC17xx.c...
compiling GLCD_SPI_LPC1700.c...
compiling inputs.c...
compiling main.c...
main.c(206): warning:  #187-D: use of "=" where "==" may have been intended
main.c(218): warning:  #187-D: use of "=" where "==" may have been intended
compiling heterogeneous.c...
compiling redundancy.c...
compiling verification.c...
compiling voting.c...
linking...
Program Size: Code=13456 RO-data=6684 RW-data=84 ZI-data=1020  
"lab2.axf" - 0 Error(s), 2 Warning(s).
Load "C:\\Users\\yb4kim\\OneDrive - University of Waterloo\\ECE455\\Lab2\\lab2.AXF" 
Erase Done.
Programming Done.
Verify OK.
Rebuild target 'Lab2'
assembling startup_LPC17xx.s...
compiling fault_injection.c...
compiling system_LPC17xx.c...
compiling GLCD_SPI_LPC1700.c...
compiling inputs.c...
compiling main.c...
main.c(206): warning:  #187-D: use of "=" where "==" may have been intended
main.c(218): warning:  #187-D: use of "=" where "==" may have been intended
compiling heterogeneous.c...
compiling redundancy.c...
compiling verification.c...
compiling voting.c...
linking...
Program Size: Code=13460 RO-data=6684 RW-data=84 ZI-data=1020  
"lab2.axf" - 0 Error(s), 2 Warning(s).
Load "C:\\Users\\yb4kim\\OneDrive - University of Waterloo\\ECE455\\Lab2\\lab2.AXF" 
Erase Done.
Programming Done.
Verify OK.
Rebuild target 'Lab2'
assembling startup_LPC17xx.s...
compiling fault_injection.c...
compiling system_LPC17xx.c...
compiling GLCD_SPI_LPC1700.c...
compiling inputs.c...
compiling main.c...
compiling heterogeneous.c...
compiling redundancy.c...
compiling verification.c...
compiling voting.c...
linking...
Program Size: Code=13456 RO-data=6684 RW-data=84 ZI-data=1020  
"lab2.axf" - 0 Error(s), 0 Warning(s).
Load "C:\\Users\\yb4kim\\OneDrive - University of Waterloo\\ECE455\\Lab2\\lab2.AXF" 
Erase Done.
Programming Done.
Verify OK.
Rebuild target 'Lab2'
assembling startup_LPC17xx.s...
compiling fault_injection.c...
compiling system_LPC17xx.c...
[...]
c:\Software\Keil\ARM\ARMCC\bin\..\include\stdio.h(786): error:  #757: variable "fpos_t" is not a type name
compiling redundancy.c...
compiling verification.c...
compiling voting.c...
Target not created
Rebuild target 'Lab2'
assembling startup_LPC17xx.s...
compiling fault_injection.c...
compiling system_LPC17xx.c...
compiling GLCD_SPI_LPC1700.c...
compiling inputs.c...
compiling main.c...
compiling heterogeneous.c...
heterogeneous.c(59): warning:  #940-D: missing return statement at end of non-void function "heterogeneous"
compiling redundancy.c...
compiling verification.c...
compiling voting.c...
linking...
Program Size: Code=14020 RO-data=6684 RW-data=84 ZI-data=1020  
"lab2.axf" - 0 Error(s), 1 Warning(s).
Load "C:\\Users\\yb4kim\\OneDrive - University of Waterloo\\ECE455\\Lab2\\lab2.AXF" 
Erase Done.
Programming Done.
Verify OK.
Rebuild target 'Lab2'
assembling startup_LPC17xx.s...
compiling fault_injection.c...
compiling system_LPC17xx.c...
compiling GLCD_SPI_LPC1700.c...
compiling inputs.c...
compiling main.c...
compiling heterogeneous.c...
heterogeneous.c(59): warning:  #940-D: missing return statement at end of non-void function "heterogeneous"
compiling redundancy.c...
compiling verification.c...
compiling voting.c...
linking...
Program Size: Code=14024 RO-data=6684 RW-data=84 ZI-data=1020  
"lab2.axf" - 0 Error(s), 1 Warning(s).
Rebuild target 'Lab2'
assembling startup_LPC17xx.s...
compiling fault_injection.c...
compiling system_LPC17xx.c...
compiling GLCD_SPI_LPC1700.c...
compiling inputs.c...
compiling main.c...
compiling heterogeneous.c...
compiling redundancy.c...
compiling verification.c...
compiling voting.c...
linking...
Program Size: Code=14024 RO-data=6684 RW-data=84 ZI-data=1020  
"lab2.axf" - 0 Error(s), 0 Warning(s).
Rebuild target 'Lab2'
assembling startup_LPC17xx.s...
compiling fault_injection.c...
compiling system_LPC17xx.c...
compiling GLCD_SPI_LPC1700.c...
compiling inputs.c...
compiling main.c...
compiling heterogeneous.c...
compiling redundancy.c...
compiling verification.c...
compiling voting.c...
linking...
Program Size: Code=14024 RO-data=6684 RW-data=84 ZI-data=1020  
"lab2.axf" - 0 Error(s), 0 Warning(s).
Load "C:\\Users\\yb4kim\\OneDrive - University of Waterloo\\ECE455\\Lab2\\lab2.AXF" 
Erase Done.
Programming Done.
Verify OK.
Rebuild target 'Lab2'
assembling startup_LPC17xx.s...
compiling fault_injection.c...
compiling system_LPC17xx.c...
compiling GLCD_SPI_LPC1700.c...
compiling inputs.c...
compiling main.c...
compiling heterogeneous.c...
compiling redundancy.c...
compiling verification.c...
compiling voting.c...
linking...
Program Size: Code=14024 RO-data=6684 RW-data=84 ZI-data=1020  
"lab2.axf" - 0 Error(s), 0 Warning(s).
Load "C:\\Users\\yb4kim\\OneDrive - University of Waterloo\\ECE455\\Lab2\\lab2.AXF" 
Erase Done.
Programming Done.
Verify OK.
Rebuild target 'Lab2'
assembling startup_LPC17xx.s...
compiling fault_injection.c...
compiling system_LPC17xx.c...
compiling GLCD_SPI_LPC1700.c...
compiling inputs.c...
compiling main.c...
compiling heterogeneous.c...
compiling redundancy.c...
compiling verification.c...
compiling voting.c...
linking...
Program Size: Code=14064 RO-data=6684 RW-data=84 ZI-data=1020  
"lab2.axf" - 0 Error(s), 0 Warning(s).
Load "C:\\Users\\yb4kim\\OneDrive - University of Waterloo\\ECE455\\Lab2\\lab2.AXF" 
Erase Done.
Programming Done.
Verify OK.
Rebuild target 'Lab2'
assembling startup_LPC17xx.s...
compiling fault_injection.c...
compiling system_LPC17xx.c...
compiling GLCD_SPI_LPC1700.c...
compiling inputs.c...
compiling main.c...
compiling heterogeneous.c...
compiling redundancy.c...
compiling verification.c...
compiling voting.c...
linking...
Program Size: Code=14064 RO-data=6684 RW-data=84 ZI-data=1020  
"lab2.axf" - 0 Error(s), 0 Warning(s).
Load "C:\\Users\\yb4kim\\OneDrive - University of Waterloo\\ECE455\\Lab2\\lab2.AXF" 
Erase Done.
Programming Done.
Verify OK.
Rebuild target 'Lab2'
assembling startup_LPC17xx.s...
compiling fault_injection.c...
compiling system_LPC17xx.c...
compiling GLCD_SPI_LPC1700.c...
compiling inputs.c...
compiling main.c...
compiling heterogeneous.c...
compiling redundancy.c...
compiling verification.c...
compiling voting.c...
linking...
Program Size: Code=14064 RO-data=6684 RW-data=84 ZI-data=1020  
"lab2.axf" - 0 Error(s), 0 Warning(s).
Load "C:\\Users\\yb4kim\\OneDrive - University of Waterloo\\ECE455\\Lab2\\lab2.AXF" 
Erase Done.
Programming Done.
Verify OK.
Rebuild target 'Lab2'
assembling startup_LPC17xx.s...
compiling fault_injection.c...
compiling system_LPC17xx.c...
compiling GLCD_SPI_LPC1700.c...
compiling inputs.c...
compiling main.c...
main.c(185): error:  #18: expected a ")"
main.c(188): warning:  #12-D: parsing restarts here after previous syntax error
main.c(188): error:  #127: expected a statement
main.c(192): error:  #18: expected a ")"
main.c(195): warning:  #12-D: parsing restarts here after previous syntax error
main.c(195): error:  #127: expected a statement
compiling heterogeneous.c...
compiling redundancy.c...
compiling verification.c...
compiling voting.c...
Target not created
Load "C:\\Users\\yb4kim\\OneDrive - University of Waterloo\\ECE455\\Lab2\\lab2.AXF" 
_____^
*** error 56: cannot open file
Rebuild target 'Lab2'
assembling startup_LPC17xx.s...
compiling fault_injection.c...
compiling system_LPC17xx.c...
compiling GLCD_SPI_LPC1700.c...
compiling inputs.c...
compiling main.c...
compiling heterogeneous.c...
compiling redundancy.c...
compiling verification.c...
compiling voting.c...
linking...
Program Size: Code=14148 RO-data=6684 RW-data=84 ZI-data=1020  
"lab2.axf" - 0 Error(s), 0 Warning(s).
Load "C:\\Users\\yb4kim\\OneDrive - University of Waterloo\\ECE455\\Lab2\\lab2.AXF" 
Erase Done.
Programming Done.
Verify OK.
Load "C:\\Users\\yb4kim\\OneDrive - University of Waterloo\\ECE455\\Lab2\\lab2.AXF" 
Erase Done.
Programming Done.
Verify OK.
Load "C:\\Users\\yb4kim\\OneDrive - University of Waterloo\\ECE455\\Lab2\\lab2.AXF" 
Erase Done.
Programming Done.
Verify OK.
Rebuild target 'Lab2'
assembling startup_LPC17xx.s...
compiling fault_injection.c...
compiling system_LPC17xx.c...
compiling GLCD_SPI_LPC1700.c...
compiling inputs.c...
compiling main.c...
compiling heterogeneous.c...
compiling redundancy.c...
compiling verification.c...
compiling voting.c...
linking...
Program Size: Code=14148 RO-data=6684 RW-data=84 ZI-data=1020  
"lab2.axf" - 0 Error(s), 0 Warning(s).
Load "C:\\Users\\yb4kim\\OneDrive - University of Waterloo\\ECE455\\Lab2\\lab2.AXF" 
Erase Done.
Programming Done.
Verify OK.
Rebuild target 'Lab2'
assembling startup_LPC17xx.s...
compiling fault_injection.c...
compiling system_LPC17xx.c...
compiling GLCD_SPI_LPC1700.c...
compiling inputs.c...
compiling main.c...
compiling heterogeneous.c...
compiling redundancy.c...
compiling verification.c...
verification.c(29): error:  #165: too few arguments in function call
verification.c(40): warning:  #1-D: last line of file ends without a newline
compiling voting.c...
Target not created
Rebuild target 'Lab2'
assembling startup_LPC17xx.s...
compiling fault_injection.c...
compiling system_LPC17xx.c...
compiling GLCD_SPI_LPC1700.c...
compiling inputs.c...
compiling main.c...
compiling heterogeneous.c...
compiling redundancy.c...
compiling verification.c...
verification.c(29): error:  #18: expected a ")"
verification.c(40): warning:  #1-D: last line of file ends without a newline
compiling voting.c...
Target not created
Rebuild target 'Lab2'
assembling startup_LPC17xx.s...
compiling fault_injection.c...
compiling system_LPC17xx.c...
compiling GLCD_SPI_LPC1700.c...
compiling inputs.c...
compiling main.c...
compiling heterogeneous.c...
compiling redundancy.c...
compiling verification.c...
verification.c(40): warning:  #1-D: last line of file ends without a newline
compiling voting.c...
linking...
Program Size: Code=14248 RO-data=6684 RW-data=84 ZI-data=1020  
"lab2.axf" - 0 Error(s), 1 Warning(s).
Load "C:\\Users\\yb4kim\\OneDrive - University of Waterloo\\ECE455\\Lab2\\lab2.AXF" 
Erase Done.
Programming Done.
Verify OK.
Rebuild target 'Lab2'
assembling startup_LPC17xx.s...
compiling fault_injection.c...
compiling system_LPC17xx.c...
compiling GLCD_SPI_LPC1700.c...
compiling inputs.c...
compiling main.c...
compiling heterogeneous.c...
compiling redundancy.c...
compiling verification.c...
compiling voting.c...
linking...
Program Size: Code=14248 RO-data=6684 RW-data=84 ZI-data=1020  
"lab2.axf" - 0 Error(s), 0 Warning(s).
Load "C:\\Users\\yb4kim\\OneDrive - University of Waterloo\\ECE455\\Lab2\\lab2.AXF" 
Erase Done.
Programming Done.
Verify OK.
Rebuild target 'Lab2'
assembling startup_LPC17xx.s...
compiling fault_injection.c...
compiling system_LPC17xx.c...
compiling GLCD_SPI_LPC1700.c...
compiling inputs.c...
compiling main.c...
compiling heterogeneous.c...
compiling redundancy.c...
compiling verification.c...
compiling voting.c...
linking...
Program Size: Code=14012 RO-data=6684 RW-data=84 ZI-data=996  
"lab2.axf" - 0 Error(s), 0 Warning(s).
Load "C:\\Users\\yb4kim\\OneDrive - University of Waterloo\\ECE455\\Lab2\\lab2.AXF" 
Erase Done.
Programming Done.
Verify OK.
Rebuild target 'Lab2'
assembling startup_LPC17xx.s...
compiling fault_injection.c...
compiling system_LPC17xx.c...
compiling GLCD_SPI_LPC1700.c...
compiling inputs.c...
compiling main.c...
compiling heterogeneous.c...
compiling redundancy.c...
compiling verification.c...
compiling voting.c...
linking...
Program Size: Code=14248 RO-data=6684 RW-data=84 ZI-data=1020  
"lab2.axf" - 0 Error(s), 0 Warning(s).
Load "C:\\Users\\yb4kim\\OneDrive - University of Waterloo\\ECE455\\Lab2\\lab2.AXF" 
Erase Done.
Programming Done.
Verify OK.
Rebuild target 'Lab2'
assembling startup_LPC17xx.s...
compiling fault_injection.c...
compiling system_LPC17xx.c...
compiling GLCD_SPI_LPC1700.c...
compiling inputs.c...
compiling main.c...
compiling heterogeneous.c...
compiling redundancy.c...
compiling verification.c...
compiling voting.c...
linking...
Program Size: Code=14248 RO-data=6684 RW-data=84 ZI-data=1020  
"lab2.axf" - 0 Error(s), 0 Warning(s).
Load "C:\\Users\\yb4kim\\OneDrive - University of Waterloo\\ECE455\\Lab2\\lab2.AXF" 
Erase Done.
Programming Done.
Verify OK.
Rebuild target 'Lab2'
assembling startup_LPC17xx.s...
compiling fault_injection.c...
compiling system_LPC17xx.c...
compiling GLCD_SPI_LPC1700.c...
compiling inputs.c...
compiling main.c...
compiling heterogeneous.c...
compiling redundancy.c...
compiling verification.c...
compiling voting.c...
linking...
Program Size: Code=14248 RO-data=6684 RW-data=84 ZI-data=1020  
"lab2.axf" - 0 Error(s), 0 Warning(s).
Load "C:\\Users\\yb4kim\\OneDrive - University of Waterloo\\ECE455\\Lab2\\lab2.AXF" 
Erase Done.
Programming Done.
Verify OK.
Rebuild target 'Lab2'
assembling startup_LPC17xx.s...
compiling fault_injection.c...
compiling system_LPC17xx.c...
compiling GLCD_SPI_LPC1700.c...
compiling inputs.c...
compiling main.c...
compiling heterogeneous.c...
compiling redundancy.c...
compiling verification.c...
compiling voting.c...
linking...
Program Size: Code=14248 RO-data=6684 RW-data=84 ZI-data=1020  
"lab2.axf" - 0 Error(s), 0 Warning(s).
Load "C:\\Users\\yb4kim\\OneDrive - University of Waterloo\\ECE455\\Lab2\\lab2.AXF" 
Erase Done.
Programming Done.
Verify OK.
Rebuild target 'Lab2'
assembling startup_LPC17xx.s...
compiling fault_injection.c...
compiling system_LPC17xx.c...
compiling GLCD_SPI_LPC1700.c...
compiling inputs.c...
compiling main.c...
compiling heterogeneous.c...
compiling redundancy.c...
compiling verification.c...
compiling voting.c...
linking...
Program Size: Code=14248 RO-data=6684 RW-data=84 ZI-data=1020  
"lab2.axf" - 0 Error(s), 0 Warning(s).
Load "C:\\Users\\yb4kim\\OneDrive - University of Waterloo\\ECE455\\Lab2\\lab2.AXF" 
Erase Done.
Programming Done.
Verify OK.
Rebuild target 'Lab2'
assembling startup_LPC17xx.s...
compiling fault_injection.c...
compiling system_LPC17xx.c...
compiling GLCD_SPI_LPC1700.c...
compiling inputs.c...
compiling main.c...
compiling heterogeneous.c...
compiling redundancy.c...
compiling verification.c...
compiling voting.c...
linking...
Program Size: Code=14248 RO-data=6684 RW-data=84 ZI-data=1020  
"lab2.axf" - 0 Error(s), 0 Warning(s).
Load "C:\\Users\\yb4kim\\OneDrive - University of Waterloo\\ECE455\\Lab2\\lab2.AXF" 
Erase Done.
Programming Done.
Verify OK.
Rebuild target 'Lab2'
assembling startup_LPC17xx.s...
compiling fault_injection.c...
compiling system_LPC17xx.c...
compiling GLCD_SPI_LPC1700.c...
compiling inputs.c...
compiling main.c...
compiling heterogeneous.c...
compiling redundancy.c...
compiling verification.c...
compiling voting.c...
linking...
Program Size: Code=14244 RO-data=6684 RW-data=84 ZI-data=1020  
"lab2.axf" - 0 Error(s), 0 Warning(s).
Load "C:\\Users\\yb4kim\\OneDrive - University of Waterloo\\ECE455\\Lab2\\lab2.AXF" 
Erase Done.
Programming Done.
Verify Failed!
Cannot access Memory
Rebuild target 'Lab2'
assembling startup_LPC17xx.s...
compiling fault_injection.c...
compiling system_LPC17xx.c...
compiling GLCD_SPI_LPC1700.c...
compiling inputs.c...
compiling main.c...
compiling heterogeneous.c...
compiling redundancy.c...
compiling verification.c...
compiling voting.c...
linking...
Program Size: Code=14244 RO-data=6684 RW-data=84 ZI-data=1020  
"lab2.axf" - 0 Error(s), 0 Warning(s).
Load "C:\\Users\\yb4kim\\OneDrive - University of Waterloo\\ECE455\\Lab2\\lab2.AXF" 
Erase Done.
Programming Done.
Verify OK.
Rebuild target 'Lab2'
assembling startup_LPC17xx.s...
compiling fault_injection.c...
compiling system_LPC17xx.c...
compiling GLCD_SPI_LPC1700.c...
compiling inputs.c...
compiling main.c...
compiling heterogeneous.c...
compiling redundancy.c...
compiling verification.c...
compiling voting.c...
linking...
Program Size: Code=14248 RO-data=6684 RW-data=84 ZI-data=1020  
"lab2.axf" - 0 Error(s), 0 Warning(s).
Load "C:\\Users\\yb4kim\\OneDrive - University of Waterloo\\ECE455\\Lab2\\lab2.AXF" 
Erase Done.
Programming Done.
Verify OK.
Rebuild target 'Lab2'
assembling startup_LPC17xx.s...
compiling fault_injection.c...
compiling system_LPC17xx.c...
compiling GLCD_SPI_LPC1700.c...
compiling inputs.c...
compiling main.c...
compiling heterogeneous.c...
compiling redundancy.c...
compiling verification.c...
compiling voting.c...
linking...
Program Size: Code=14248 RO-data=6684 RW-data=84 ZI-data=1020  
"lab2.axf" - 0 Error(s), 0 Warning(s).
Load "C:\\Users\\yb4kim\\OneDrive - University of Waterloo\\ECE455\\Lab2\\lab2.AXF" 
Erase Done.
Programming Done.
Verify OK.
Rebuild target 'Lab2'
assembling startup_LPC17xx.s...
compiling fault_injection.c...
compiling system_LPC17xx.c...
compiling GLCD_SPI_LPC1700.c...
compiling inputs.c...
compiling main.c...
compiling heterogeneous.c...
compiling redundancy.c...
compiling verification.c...
compiling voting.c...
linking...
Program Size: Code=14248 RO-data=6684 RW-data=84 ZI-data=1020  
"lab2.axf" - 0 Error(s), 0 Warning(s).
Load "C:\\Users\\yb4kim\\OneDrive - University of Waterloo\\ECE455\\Lab2\\lab2.AXF" 
Erase Done.
Programming Done.
Verify OK.
Rebuild target 'Lab2'
assembling startup_LPC17xx.s...
compiling fault_injection.c...
compiling system_LPC17xx.c...
compiling GLCD_SPI_LPC1700.c...
compiling inputs.c...
compiling main.c...
compiling heterogeneous.c...
compiling redundancy.c...
compiling verification.c...
compiling voting.c...
linking...
Program Size: Code=14248 RO-data=6684 RW-data=84 ZI-data=1020  
"lab2.axf" - 0 Error(s), 0 Warning(s).
Load "C:\\Users\\yb4kim\\OneDrive - University of Waterloo\\ECE455\\Lab2\\lab2.AXF" 
Erase Done.
Programming Done.
Verify OK.
Rebuild target 'Lab2'
assembling startup_LPC17xx.s...
compiling fault_injection.c...
compiling system_LPC17xx.c...
compiling GLCD_SPI_LPC1700.c...
compiling inputs.c...
compiling main.c...
compiling heterogeneous.c...
compiling redundancy.c...
compiling verification.c...
compiling voting.c...
linking...
Program Size: Code=14244 RO-data=6684 RW-data=84 ZI-data=1020  
"lab2.axf" - 0 Error(s), 0 Warning(s).
Load "C:\\Users\\yb4kim\\OneDrive - University of Waterloo\\ECE455\\Lab2\\lab2.AXF" 
Erase Done.
Programming Done.
Verify OK.
Rebuild target 'Lab2'
assembling startup_LPC17xx.s...
compiling fault_injection.c...
compiling system_LPC17xx.c...
compiling GLCD_SPI_LPC1700.c...
compiling inputs.c...
compiling main.c...
main.c(31): error:  #67: expected a "}"
main.c(149): error:  #142: expression must have pointer-to-object type
compiling heterogeneous.c...
compiling redundancy.c...
compiling verification.c...
compiling voting.c...
Target not created
Build target 'Lab2'
compiling main.c...
linking...
Program Size: Code=14316 RO-data=6684 RW-data=124 ZI-data=1020  
"lab2.axf" - 0 Error(s), 0 Warning(s).
Load "C:\\Users\\yb4kim\\OneDrive - University of Waterloo\\ECE455\\Lab2\\lab2.AXF" 
Erase Done.
Programming Done.
Verify OK.
Rebuild target 'Lab2'
assembling startup_LPC17xx.s...
compiling fault_injection.c...
compiling system_LPC17xx.c...
compiling GLCD_SPI_LPC1700.c...
compiling inputs.c...
compiling main.c...
compiling heterogeneous.c...
compiling redundancy.c...
compiling verification.c...
compiling voting.c...
linking...
Program Size: Code=14320 RO-data=6684 RW-data=124 ZI-data=1020  
"lab2.axf" - 0 Error(s), 0 Warning(s).
Load "C:\\Users\\yb4kim\\OneDrive - University of Waterloo\\ECE455\\Lab2\\lab2.AXF" 
Erase Done.
Programming Done.
Verify OK.
Rebuild target 'Lab2'
assembling startup_LPC17xx.s...
compiling fault_injection.c...
compiling system_LPC17xx.c...
compiling GLCD_SPI_LPC1700.c...
compiling inputs.c...
compiling main.c...
compiling heterogeneous.c...
compiling redundancy.c...
compiling verification.c...
compiling voting.c...
linking...
Program Size: Code=14328 RO-data=6684 RW-data=124 ZI-data=1020  
"lab2.axf" - 0 Error(s), 0 Warning(s).
Load "C:\\Users\\yb4kim\\OneDrive - University of Waterloo\\ECE455\\Lab2\\lab2.AXF" 
Erase Done.
Programming Done.
Verify OK.
Rebuild target 'Lab2'
assembling startup_LPC17xx.s...
compiling fault_injection.c...
compiling system_LPC17xx.c...
compiling GLCD_SPI_LPC1700.c...
compiling inputs.c...
compiling main.c...
compiling heterogeneous.c...
compiling redundancy.c...
compiling verification.c...
compiling voting.c...
linking...
Program Size: Code=14336 RO-data=6684 RW-data=124 ZI-data=1020  
"lab2.axf" - 0 Error(s), 0 Warning(s).
Load "C:\\Users\\yb4kim\\OneDrive - University of Waterloo\\ECE455\\Lab2\\lab2.AXF" 
Erase Done.
Programming Done.
Verify OK.
Rebuild target 'Lab2'
assembling startup_LPC17xx.s...
compiling fault_injection.c...
compiling system_LPC17xx.c...
compiling GLCD_SPI_LPC1700.c...
compiling inputs.c...
compiling main.c...
compiling heterogeneous.c...
compiling redundancy.c...
compiling verification.c...
compiling voting.c...
linking...
Program Size: Code=14336 RO-data=6684 RW-data=124 ZI-data=1020  
"lab2.axf" - 0 Error(s), 0 Warning(s).
Load "C:\\Users\\yb4kim\\OneDrive - University of Waterloo\\ECE455\\Lab2\\lab2.AXF" 
Erase Done.
Programming Done.
Verify OK.
Rebuild target 'Lab2'
assembling startup_LPC17xx.s...
compiling fault_injection.c...
compiling system_LPC17xx.c...
compiling GLCD_SPI_LPC1700.c...
compiling inputs.c...
compiling main.c...
compiling heterogeneous.c...
compiling redundancy.c...
compiling verification.c...
compiling voting.c...
linking...
Program Size: Code=14336 RO-data=6684 RW-data=124 ZI-data=1020  
"lab2.axf" - 0 Error(s), 0 Warning(s).
Load "C:\\Users\\yb4kim\\OneDrive - University of Waterloo\\ECE455\\Lab2\\lab2.AXF" 
Erase Done.
Programming Done.
Verify OK.
Rebuild target 'Lab2'
assembling startup_LPC17xx.s...
compiling fault_injection.c...
compiling system_LPC17xx.c...
compiling GLCD_SPI_LPC1700.c...
compiling inputs.c...
compiling main.c...
compiling heterogeneous.c...
compiling redundancy.c...
compiling verification.c...
compiling voting.c...
linking...
Program Size: Code=14332 RO-data=6684 RW-data=124 ZI-data=1020  
"lab2.axf" - 0 Error(s), 0 Warning(s).
Load "C:\\Users\\yb4kim\\OneDrive - University of Waterloo\\ECE455\\Lab2\\lab2.AXF" 
Erase Done.
Programming Done.
Verify OK.
