<html>
<body>
<pre>
<h1>µVision Build Log</h1>
<h2>Project:</h2>
C:\Users\yb4kim\OneDrive - University of Waterloo\ECE455\Lab2\lab2.uvproj
Project File Date:  06/02/2017

<h2>Output:</h2>
Build target 'Lab2'
compiling inputs.c...
compiling main.c...
main.c(10): warning:  #69-D: integer conversion resulted in truncation
main.c(71): warning:  #174-D: expression has no effect
main.c(77): warning:  #167-D: argument of type "char *" is incompatible with parameter of type "unsigned char *"
main.c(78): warning:  #167-D: argument of type "char *" is incompatible with parameter of type "unsigned char *"
linking...
Program Size: Code=3992 RO-data=6508 RW-data=44 ZI-data=612  
"lab2.axf" - 0 Error(s), 4 Warning(s).
Rebuild target 'Lab2'
assembling startup_LPC17xx.s...
compiling fault_injection.c...
compiling system_LPC17xx.c...
compiling GLCD_SPI_LPC1700.c...
compiling inputs.c...
compiling main.c...
main.c(10): warning:  #69-D: integer conversion resulted in truncation
main.c(71): warning:  #174-D: expression has no effect
main.c(75): warning:  #167-D: argument of type "unsigned char *" is incompatible with parameter of type "char *restrict"
main.c(76): warning:  #167-D: argument of type "unsigned char *" is incompatible with parameter of type "char *restrict"
linking...
Program Size: Code=3992 RO-data=6508 RW-data=44 ZI-data=612  
"lab2.axf" - 0 Error(s), 4 Warning(s).
Load "C:\\Users\\yb4kim\\OneDrive - University of Waterloo\\ECE455\\Lab2\\lab2.AXF" 
Erase Done.
Programming Done.
Verify OK.
Build target 'Lab2'
compiling main.c...
main.c(10): warning:  #69-D: integer conversion resulted in truncation
main.c(71): warning:  #174-D: expression has no effect
main.c(75): warning:  #167-D: argument of type "unsigned char *" is incompatible with parameter of type "char *restrict"
linking...
Program Size: Code=3964 RO-data=6508 RW-data=44 ZI-data=612  
"lab2.axf" - 0 Error(s), 3 Warning(s).
Load "C:\\Users\\yb4kim\\OneDrive - University of Waterloo\\ECE455\\Lab2\\lab2.AXF" 
Erase Done.
Programming Done.
Verify OK.
Build target 'Lab2'
compiling main.c...
main.c(10): warning:  #69-D: integer conversion resulted in truncation
main.c(71): warning:  #174-D: expression has no effect
main.c(75): warning:  #167-D: argument of type "unsigned char *" is incompatible with parameter of type "char *restrict"
main.c(76): warning:  #167-D: argument of type "unsigned char *" is incompatible with parameter of type "char *restrict"
linking...
Program Size: Code=3992 RO-data=6508 RW-data=44 ZI-data=612  
"lab2.axf" - 0 Error(s), 4 Warning(s).
Load "C:\\Users\\yb4kim\\OneDrive - University of Waterloo\\ECE455\\Lab2\\lab2.AXF" 
Erase Done.
Programming Done.
Verify OK.
Rebuild target 'Lab2'
assembling startup_LPC17xx.s...
compiling fault_injection.c...
compiling system_LPC17xx.c...
compiling GLCD_SPI_LPC1700.c...
compiling inputs.c...
compiling main.c...
main.c(10): warning:  #69-D: integer conversion resulted in truncation
main.c(71): warning:  #174-D: expression has no effect
main.c(75): warning:  #167-D: argument of type "unsigned char *" is incompatible with parameter of type "char *restrict"
main.c(76): warning:  #167-D: argument of type "unsigned char *" is incompatible with parameter of type "char *restrict"
linking...
Program Size: Code=3992 RO-data=6508 RW-data=44 ZI-data=612  
"lab2.axf" - 0 Error(s), 4 Warning(s).
Load "C:\\Users\\yb4kim\\OneDrive - University of Waterloo\\ECE455\\Lab2\\lab2.AXF" 
Erase Done.
Programming Done.
Verify OK.
Rebuild target 'Lab2'
assembling startup_LPC17xx.s...
compiling fault_injection.c...
compiling system_LPC17xx.c...
compiling GLCD_SPI_LPC1700.c...
compiling inputs.c...
compiling main.c...
main.c(10): warning:  #69-D: integer conversion resulted in truncation
main.c(71): warning:  #174-D: expression has no effect
main.c(75): warning:  #167-D: argument of type "unsigned char *" is incompatible with parameter of type "char *restrict"
main.c(76): warning:  #167-D: argument of type "unsigned char *" is incompatible with parameter of type "char *restrict"
linking...
Program Size: Code=3992 RO-data=6508 RW-data=44 ZI-data=612  
"lab2.axf" - 0 Error(s), 4 Warning(s).
Load "C:\\Users\\yb4kim\\OneDrive - University of Waterloo\\ECE455\\Lab2\\lab2.AXF" 
Erase Done.
Programming Done.
Verify OK.
Load "C:\\Users\\yb4kim\\OneDrive - University of Waterloo\\ECE455\\Lab2\\lab2.AXF" 
Erase Done.
Programming Done.
Verify OK.
Rebuild target 'Lab2'
assembling startup_LPC17xx.s...
compiling fault_injection.c...
compiling system_LPC17xx.c...
compiling GLCD_SPI_LPC1700.c...
compiling inputs.c...
compiling main.c...
main.c(10): warning:  #69-D: integer conversion resulted in truncation
main.c(75): warning:  #167-D: argument of type "unsigned char *" is incompatible with parameter of type "char *restrict"
main.c(76): warning:  #167-D: argument of type "unsigned char *" is incompatible with parameter of type "char *restrict"
linking...
Program Size: Code=3988 RO-data=6508 RW-data=44 ZI-data=612  
"lab2.axf" - 0 Error(s), 3 Warning(s).
Load "C:\\Users\\yb4kim\\OneDrive - University of Waterloo\\ECE455\\Lab2\\lab2.AXF" 
Erase Done.
Programming Done.
Verify OK.
Build target 'Lab2'
linking...
Program Size: Code=3988 RO-data=6508 RW-data=44 ZI-data=612  
"lab2.axf" - 0 Error(s), 0 Warning(s).
Build target 'Lab2'
linking...
Program Size: Code=3988 RO-data=6508 RW-data=44 ZI-data=612  
"lab2.axf" - 0 Error(s), 0 Warning(s).
Rebuild target 'Lab2'
assembling startup_LPC17xx.s...
compiling fault_injection.c...
compiling system_LPC17xx.c...
compiling GLCD_SPI_LPC1700.c...
compiling inputs.c...
compiling main.c...
main.c(10): warning:  #69-D: integer conversion resulted in truncation
main.c(75): warning:  #167-D: argument of type "unsigned char *" is incompatible with parameter of type "char *restrict"
main.c(76): warning:  #167-D: argument of type "unsigned char *" is incompatible with parameter of type "char *restrict"
linking...
Program Size: Code=3988 RO-data=6508 RW-data=44 ZI-data=612  
"lab2.axf" - 0 Error(s), 3 Warning(s).
Load "C:\\Users\\yb4kim\\OneDrive - University of Waterloo\\ECE455\\Lab2\\lab2.AXF" 
Erase Done.
Programming Done.
Verify OK.
Build target 'Lab2'
compiling main.c...
main.c(10): warning:  #69-D: integer conversion resulted in truncation
main.c(75): warning:  #167-D: argument of type "unsigned char *" is incompatible with parameter of type "char *restrict"
main.c(53): warning:  #177-D: variable "str_faulty_int" was declared but never referenced
main.c(54): warning:  #177-D: variable "faulty_int" was declared but never referenced
linking...
Program Size: Code=3948 RO-data=6508 RW-data=44 ZI-data=612  
"lab2.axf" - 0 Error(s), 4 Warning(s).
Load "C:\\Users\\yb4kim\\OneDrive - University of Waterloo\\ECE455\\Lab2\\lab2.AXF" 
Erase Done.
Programming Done.
Verify OK.
Build target 'Lab2'
compiling main.c...
main.c(10): warning:  #69-D: integer conversion resulted in truncation
main.c(75): warning:  #167-D: argument of type "unsigned char *" is incompatible with parameter of type "char *restrict"
main.c(76): warning:  #167-D: argument of type "unsigned char *" is incompatible with parameter of type "char *restrict"
linking...
Program Size: Code=3976 RO-data=6508 RW-data=44 ZI-data=612  
"lab2.axf" - 0 Error(s), 3 Warning(s).
Load "C:\\Users\\yb4kim\\OneDrive - University of Waterloo\\ECE455\\Lab2\\lab2.AXF" 
Erase Done.
Programming Done.
Verify OK.
Build target 'Lab2'
compiling main.c...
main.c(10): warning:  #69-D: integer conversion resulted in truncation
main.c(75): warning:  #167-D: argument of type "unsigned char *" is incompatible with parameter of type "char *restrict"
main.c(76): warning:  #167-D: argument of type "unsigned char *" is incompatible with parameter of type "char *restrict"
main.c(54): warning:  #177-D: variable "faulty_int" was declared but never referenced
linking...
Program Size: Code=3976 RO-data=6508 RW-data=44 ZI-data=612  
"lab2.axf" - 0 Error(s), 4 Warning(s).
Load "C:\\Users\\yb4kim\\OneDrive - University of Waterloo\\ECE455\\Lab2\\lab2.AXF" 
Erase Done.
Programming Done.
Verify OK.
Rebuild target 'Lab2'
assembling startup_LPC17xx.s...
compiling fault_injection.c...
compiling system_LPC17xx.c...
compiling GLCD_SPI_LPC1700.c...
compiling inputs.c...
compiling main.c...
main.c(10): warning:  #69-D: integer conversion resulted in truncation
main.c(75): warning:  #167-D: argument of type "unsigned char *" is incompatible with parameter of type "char *restrict"
main.c(76): warning:  #167-D: argument of type "unsigned char *" is incompatible with parameter of type "char *restrict"
main.c(54): warning:  #177-D: variable "faulty_int" was declared but never referenced
linking...
Program Size: Code=3976 RO-data=6508 RW-data=44 ZI-data=612  
"lab2.axf" - 0 Error(s), 4 Warning(s).
Load "C:\\Users\\yb4kim\\OneDrive - University of Waterloo\\ECE455\\Lab2\\lab2.AXF" 
Erase Done.
Programming Done.
Verify OK.
Rebuild target 'Lab2'
assembling startup_LPC17xx.s...
compiling fault_injection.c...
compiling system_LPC17xx.c...
compiling GLCD_SPI_LPC1700.c...
compiling inputs.c...
compiling main.c...
main.c(10): warning:  #69-D: integer conversion resulted in truncation
main.c(75): warning:  #167-D: argument of type "unsigned char *" is incompatible with parameter of type "char *restrict"
main.c(76): warning:  #167-D: argument of type "unsigned char *" is incompatible with parameter of type "char *restrict"
main.c(54): warning:  #177-D: variable "faulty_int" was declared but never referenced
linking...
Program Size: Code=3964 RO-data=6508 RW-data=44 ZI-data=612  
"lab2.axf" - 0 Error(s), 4 Warning(s).
Load "C:\\Users\\yb4kim\\OneDrive - University of Waterloo\\ECE455\\Lab2\\lab2.AXF" 
Erase Done.
Programming Done.
Verify OK.
Build target 'Lab2'
compiling main.c...
main.c(10): warning:  #69-D: integer conversion resulted in truncation
main.c(75): warning:  #167-D: argument of type "unsigned char *" is incompatible with parameter of type "char *restrict"
main.c(76): warning:  #167-D: argument of type "unsigned char *" is incompatible with parameter of type "char *restrict"
main.c(54): warning:  #177-D: variable "faulty_int" was declared but never referenced
linking...
Program Size: Code=3976 RO-data=6508 RW-data=44 ZI-data=612  
"lab2.axf" - 0 Error(s), 4 Warning(s).
Load "C:\\Users\\yb4kim\\OneDrive - University of Waterloo\\ECE455\\Lab2\\lab2.AXF" 
Erase Done.
Programming Done.
Verify OK.
Rebuild target 'Lab2'
assembling startup_LPC17xx.s...
compiling fault_injection.c...
compiling system_LPC17xx.c...
compiling GLCD_SPI_LPC1700.c...
compiling inputs.c...
compiling main.c...
main.c(10): warning:  #69-D: integer conversion resulted in truncation
main.c(75): warning:  #167-D: argument of type "unsigned char *" is incompatible with parameter of type "char *restrict"
main.c(76): warning:  #167-D: argument of type "unsigned char *" is incompatible with parameter of type "char *restrict"
main.c(54): warning:  #177-D: variable "faulty_int" was declared but never referenced
linking...
Program Size: Code=3976 RO-data=6508 RW-data=44 ZI-data=612  
"lab2.axf" - 0 Error(s), 4 Warning(s).
Load "C:\\Users\\yb4kim\\OneDrive - University of Waterloo\\ECE455\\Lab2\\lab2.AXF" 
Erase Done.
Programming Done.
Verify OK.
Rebuild target 'Lab2'
assembling startup_LPC17xx.s...
compiling fault_injection.c...
compiling system_LPC17xx.c...
compiling GLCD_SPI_LPC1700.c...
compiling inputs.c...
compiling main.c...
main.c(10): warning:  #69-D: integer conversion resulted in truncation
main.c(75): warning:  #167-D: argument of type "unsigned char *" is incompatible with parameter of type "char *restrict"
main.c(76): warning:  #167-D: argument of type "unsigned char *" is incompatible with parameter of type "char *restrict"
main.c(54): warning:  #177-D: variable "faulty_int" was declared but never referenced
linking...
Program Size: Code=3980 RO-data=6508 RW-data=44 ZI-data=612  
"lab2.axf" - 0 Error(s), 4 Warning(s).
Rebuild target 'Lab2'
assembling startup_LPC17xx.s...
compiling fault_injection.c...
compiling system_LPC17xx.c...
compiling GLCD_SPI_LPC1700.c...
compiling inputs.c...
compiling main.c...
main.c(10): warning:  #69-D: integer conversion resulted in truncation
main.c(75): warning:  #167-D: argument of type "unsigned char *" is incompatible with parameter of type "char *restrict"
main.c(76): warning:  #167-D: argument of type "unsigned char *" is incompatible with parameter of type "char *restrict"
main.c(54): warning:  #177-D: variable "faulty_int" was declared but never referenced
linking...
Program Size: Code=3980 RO-data=6508 RW-data=44 ZI-data=612  
"lab2.axf" - 0 Error(s), 4 Warning(s).
Load "C:\\Users\\yb4kim\\OneDrive - University of Waterloo\\ECE455\\Lab2\\lab2.AXF" 
Erase Done.
Programming Done.
Verify OK.
Rebuild target 'Lab2'
assembling startup_LPC17xx.s...
compiling fault_injection.c...
compiling system_LPC17xx.c...
compiling GLCD_SPI_LPC1700.c...
compiling inputs.c...
compiling main.c...
main.c(10): warning:  #69-D: integer conversion resulted in truncation
main.c(78): warning:  #167-D: argument of type "char *" is incompatible with parameter of type "unsigned char *"
main.c(54): warning:  #177-D: variable "faulty_int" was declared but never referenced
linking...
Program Size: Code=3980 RO-data=6508 RW-data=44 ZI-data=612  
"lab2.axf" - 0 Error(s), 3 Warning(s).
Load "C:\\Users\\yb4kim\\OneDrive - University of Waterloo\\ECE455\\Lab2\\lab2.AXF" 
Erase Done.
Programming Done.
Verify OK.
Rebuild target 'Lab2'
assembling startup_LPC17xx.s...
compiling fault_injection.c...
compiling system_LPC17xx.c...
compiling GLCD_SPI_LPC1700.c...
compiling inputs.c...
compiling main.c...
main.c(10): warning:  #69-D: integer conversion resulted in truncation
main.c(78): warning:  #167-D: argument of type "char *" is incompatible with parameter of type "unsigned char *"
main.c(79): warning:  #167-D: argument of type "char *" is incompatible with parameter of type "unsigned char *"
main.c(54): warning:  #177-D: variable "faulty_int" was declared but never referenced
linking...
Program Size: Code=3992 RO-data=6508 RW-data=44 ZI-data=612  
"lab2.axf" - 0 Error(s), 4 Warning(s).
Load "C:\\Users\\yb4kim\\OneDrive - University of Waterloo\\ECE455\\Lab2\\lab2.AXF" 
Erase Done.
Programming Done.
Verify OK.
Rebuild target 'Lab2'
assembling startup_LPC17xx.s...
compiling fault_injection.c...
compiling system_LPC17xx.c...
compiling GLCD_SPI_LPC1700.c...
compiling inputs.c...
compiling main.c...
main.c(10): warning:  #69-D: integer conversion resulted in truncation
main.c(76): warning:  #167-D: argument of type "char *" is incompatible with parameter of type "unsigned char *"
main.c(78): warning:  #167-D: argument of type "char *" is incompatible with parameter of type "unsigned char *"
main.c(54): warning:  #177-D: variable "faulty_int" was declared but never referenced
linking...
Program Size: Code=3988 RO-data=6508 RW-data=44 ZI-data=612  
"lab2.axf" - 0 Error(s), 4 Warning(s).
Load "C:\\Users\\yb4kim\\OneDrive - University of Waterloo\\ECE455\\Lab2\\lab2.AXF" 
Erase Done.
Programming Done.
Verify OK.
Rebuild target 'Lab2'
assembling startup_LPC17xx.s...
compiling fault_injection.c...
compiling system_LPC17xx.c...
compiling GLCD_SPI_LPC1700.c...
compiling inputs.c...
compiling main.c...
main.c(10): warning:  #69-D: integer conversion resulted in truncation
main.c(78): warning:  #167-D: argument of type "char *" is incompatible with parameter of type "unsigned char *"
main.c(79): warning:  #167-D: argument of type "char *" is incompatible with parameter of type "unsigned char *"
main.c(54): warning:  #177-D: variable "faulty_int" was declared but never referenced
linking...
Program Size: Code=3988 RO-data=6508 RW-data=44 ZI-data=612  
"lab2.axf" - 0 Error(s), 4 Warning(s).
Load "C:\\Users\\yb4kim\\OneDrive - University of Waterloo\\ECE455\\Lab2\\lab2.AXF" 
Erase Done.
Programming Done.
Verify OK.
Rebuild target 'Lab2'
assembling startup_LPC17xx.s...
compiling fault_injection.c...
compiling system_LPC17xx.c...
compiling GLCD_SPI_LPC1700.c...
compiling inputs.c...
compiling main.c...
main.c(10): warning:  #69-D: integer conversion resulted in truncation
main.c(76): warning:  #167-D: argument of type "char *" is incompatible with parameter of type "unsigned char *"
main.c(78): warning:  #167-D: argument of type "char *" is incompatible with parameter of type "unsigned char *"
main.c(54): warning:  #177-D: variable "faulty_int" was declared but never referenced
linking...
Program Size: Code=3988 RO-data=6508 RW-data=44 ZI-data=612  
"lab2.axf" - 0 Error(s), 4 Warning(s).
Load "C:\\Users\\yb4kim\\OneDrive - University of Waterloo\\ECE455\\Lab2\\lab2.AXF" 
Erase Done.
Programming Done.
Verify OK.
Build target 'Lab2'
compiling main.c...
main.c(10): warning:  #69-D: integer conversion resulted in truncation
main.c(64): error:  #18: expected a ")"
main.c(82): warning:  #12-D: parsing restarts here after previous syntax error
main.c(82): error:  #127: expected a statement
main.c(52): warning:  #177-D: variable "str_mode" was declared but never referenced
main.c(53): warning:  #177-D: variable "str_faulty_int" was declared but never referenced
main.c(54): warning:  #177-D: variable "faulty_int" was declared but never referenced
Target not created
Load "C:\\Users\\yb4kim\\OneDrive - University of Waterloo\\ECE455\\Lab2\\lab2.AXF" 
_____^
*** error 56: cannot open file
Rebuild target 'Lab2'
assembling startup_LPC17xx.s...
compiling fault_injection.c...
compiling system_LPC17xx.c...
compiling GLCD_SPI_LPC1700.c...
compiling inputs.c...
compiling main.c...
main.c(10): warning:  #69-D: integer conversion resulted in truncation
main.c(64): error:  #18: expected a ")"
main.c(82): warning:  #12-D: parsing restarts here after previous syntax error
main.c(82): error:  #127: expected a statement
main.c(52): warning:  #177-D: variable "str_mode" was declared but never referenced
main.c(53): warning:  #177-D: variable "str_faulty_int" was declared but never referenced
main.c(54): warning:  #177-D: variable "faulty_int" was declared but never referenced
Target not created
Rebuild target 'Lab2'
assembling startup_LPC17xx.s...
compiling fault_injection.c...
compiling system_LPC17xx.c...
compiling GLCD_SPI_LPC1700.c...
compiling inputs.c...
compiling main.c...
main.c(10): warning:  #69-D: integer conversion resulted in truncation
main.c(76): warning:  #167-D: argument of type "char *" is incompatible with parameter of type "unsigned char *"
main.c(78): warning:  #167-D: argument of type "char *" is incompatible with parameter of type "unsigned char *"
main.c(54): warning:  #177-D: variable "faulty_int" was declared but never referenced
linking...
Program Size: Code=3988 RO-data=6508 RW-data=44 ZI-data=612  
"lab2.axf" - 0 Error(s), 4 Warning(s).
Load "C:\\Users\\yb4kim\\OneDrive - University of Waterloo\\ECE455\\Lab2\\lab2.AXF" 
Erase Done.
Programming Done.
Verify OK.
Rebuild target 'Lab2'
assembling startup_LPC17xx.s...
compiling fault_injection.c...
compiling system_LPC17xx.c...
compiling GLCD_SPI_LPC1700.c...
compiling inputs.c...
compiling main.c...
main.c(10): warning:  #69-D: integer conversion resulted in truncation
main.c(75): warning:  #167-D: argument of type "char *" is incompatible with parameter of type "unsigned char *"
main.c(77): warning:  #167-D: argument of type "char *" is incompatible with parameter of type "unsigned char *"
main.c(53): warning:  #177-D: variable "faulty_int" was declared but never referenced
linking...
Program Size: Code=3984 RO-data=6508 RW-data=44 ZI-data=612  
"lab2.axf" - 0 Error(s), 4 Warning(s).
Load "C:\\Users\\yb4kim\\OneDrive - University of Waterloo\\ECE455\\Lab2\\lab2.AXF" 
Erase Done.
Programming Done.
Verify OK.
Rebuild target 'Lab2'
assembling startup_LPC17xx.s...
compiling fault_injection.c...
compiling system_LPC17xx.c...
compiling GLCD_SPI_LPC1700.c...
compiling inputs.c...
compiling main.c...
main.c(10): warning:  #69-D: integer conversion resulted in truncation
main.c(70): warning:  #174-D: expression has no effect
main.c(75): warning:  #167-D: argument of type "char *" is incompatible with parameter of type "unsigned char *"
main.c(77): warning:  #167-D: argument of type "char *" is incompatible with parameter of type "unsigned char *"
linking...
Program Size: Code=3988 RO-data=6508 RW-data=44 ZI-data=612  
"lab2.axf" - 0 Error(s), 4 Warning(s).
Load "C:\\Users\\yb4kim\\OneDrive - University of Waterloo\\ECE455\\Lab2\\lab2.AXF" 
Erase Done.
Programming Done.
Verify OK.
Rebuild target 'Lab2'
assembling startup_LPC17xx.s...
compiling fault_injection.c...
compiling system_LPC17xx.c...
compiling GLCD_SPI_LPC1700.c...
compiling inputs.c...
compiling main.c...
main.c(10): warning:  #69-D: integer conversion resulted in truncation
main.c(70): warning:  #174-D: expression has no effect
main.c(75): warning:  #167-D: argument of type "char *" is incompatible with parameter of type "unsigned char *"
main.c(77): warning:  #167-D: argument of type "char *" is incompatible with parameter of type "unsigned char *"
linking...
Program Size: Code=3988 RO-data=6508 RW-data=44 ZI-data=612  
"lab2.axf" - 0 Error(s), 4 Warning(s).
Load "C:\\Users\\yb4kim\\OneDrive - University of Waterloo\\ECE455\\Lab2\\lab2.AXF" 
Erase Done.
Programming Done.
Verify OK.
Rebuild target 'Lab2'
assembling startup_LPC17xx.s...
compiling fault_injection.c...
compiling system_LPC17xx.c...
compiling GLCD_SPI_LPC1700.c...
compiling inputs.c...
compiling main.c...
main.c(10): warning:  #69-D: integer conversion resulted in truncation
main.c(74): warning:  #167-D: argument of type "char *" is incompatible with parameter of type "unsigned char *"
main.c(76): warning:  #167-D: argument of type "char *" is incompatible with parameter of type "unsigned char *"
main.c(53): warning:  #550-D: variable "faulty_int_var" was set but never used
linking...
Program Size: Code=4964 RO-data=6508 RW-data=72 ZI-data=840  
"lab2.axf" - 0 Error(s), 4 Warning(s).
Load "C:\\Users\\yb4kim\\OneDrive - University of Waterloo\\ECE455\\Lab2\\lab2.AXF" 
Erase Done.
Programming Done.
Verify OK.
Rebuild target 'Lab2'
assembling startup_LPC17xx.s...
compiling fault_injection.c...
compiling system_LPC17xx.c...
compiling GLCD_SPI_LPC1700.c...
compiling inputs.c...
compiling main.c...
main.c(10): warning:  #69-D: integer conversion resulted in truncation
main.c(82): warning:  #167-D: argument of type "char *" is incompatible with parameter of type "unsigned char *"
main.c(84): warning:  #167-D: argument of type "char *" is incompatible with parameter of type "unsigned char *"
linking...
Program Size: Code=5004 RO-data=6508 RW-data=72 ZI-data=840  
"lab2.axf" - 0 Error(s), 3 Warning(s).
Load "C:\\Users\\yb4kim\\OneDrive - University of Waterloo\\ECE455\\Lab2\\lab2.AXF" 
Erase Done.
Programming Done.
Verify OK.
Rebuild target 'Lab2'
assembling startup_LPC17xx.s...
compiling fault_injection.c...
compiling system_LPC17xx.c...
compiling GLCD_SPI_LPC1700.c...
compiling inputs.c...
compiling main.c...
main.c(10): warning:  #69-D: integer conversion resulted in truncation
main.c(78): warning:  #223-D: function "sprtintf" declared implicitly
main.c(78): error:  #20: identifier "str_error" is undefined
main.c(84): warning:  #167-D: argument of type "char *" is incompatible with parameter of type "unsigned char *"
main.c(86): warning:  #167-D: argument of type "char *" is incompatible with parameter of type "unsigned char *"
main.c(53): warning:  #177-D: variable "str_err" was declared but never referenced
Target not created
Rebuild target 'Lab2'
assembling startup_LPC17xx.s...
compiling fault_injection.c...
compiling system_LPC17xx.c...
compiling GLCD_SPI_LPC1700.c...
compiling inputs.c...
compiling main.c...
main.c(10): warning:  #69-D: integer conversion resulted in truncation
main.c(78): warning:  #223-D: function "sprtintf" declared implicitly
main.c(79): warning:  #167-D: argument of type "char *" is incompatible with parameter of type "unsigned char *"
main.c(84): warning:  #167-D: argument of type "char *" is incompatible with parameter of type "unsigned char *"
main.c(86): warning:  #167-D: argument of type "char *" is incompatible with parameter of type "unsigned char *"
linking...
lab2.axf: Error: L6218E: Undefined symbol sprtintf (referred from main.o).
Target not created
Load "C:\\Users\\yb4kim\\OneDrive - University of Waterloo\\ECE455\\Lab2\\lab2.AXF" 
_____^
*** error 56: cannot open file
Rebuild target 'Lab2'
assembling startup_LPC17xx.s...
compiling fault_injection.c...
compiling system_LPC17xx.c...
compiling GLCD_SPI_LPC1700.c...
compiling inputs.c...
compiling main.c...
main.c(10): warning:  #69-D: integer conversion resulted in truncation
main.c(78): warning:  #223-D: function "sprtintf" declared implicitly
main.c(79): warning:  #167-D: argument of type "char *" is incompatible with parameter of type "unsigned char *"
main.c(84): warning:  #167-D: argument of type "char *" is incompatible with parameter of type "unsigned char *"
main.c(86): warning:  #167-D: argument of type "char *" is incompatible with parameter of type "unsigned char *"
linking...
lab2.axf: Error: L6218E: Undefined symbol sprtintf (referred from main.o).
Target not created
Rebuild target 'Lab2'
assembling startup_LPC17xx.s...
compiling fault_injection.c...
compiling system_LPC17xx.c...
compiling GLCD_SPI_LPC1700.c...
compiling inputs.c...
compiling main.c...
main.c(10): warning:  #69-D: integer conversion resulted in truncation
main.c(78): warning:  #223-D: function "sprtintf" declared implicitly
main.c(79): warning:  #167-D: argument of type "char *" is incompatible with parameter of type "unsigned char *"
main.c(84): warning:  #167-D: argument of type "char *" is incompatible with parameter of type "unsigned char *"
main.c(86): warning:  #167-D: argument of type "char *" is incompatible with parameter of type "unsigned char *"
linking...
lab2.axf: Error: L6218E: Undefined symbol sprtintf (referred from main.o).
Target not created
Rebuild target 'Lab2'
assembling startup_LPC17xx.s...
compiling fault_injection.c...
compiling system_LPC17xx.c...
compiling GLCD_SPI_LPC1700.c...
compiling inputs.c...
compiling main.c...
main.c(10): warning:  #69-D: integer conversion resulted in truncation
main.c(79): warning:  #167-D: argument of type "char *" is incompatible with parameter of type "unsigned char *"
main.c(84): warning:  #167-D: argument of type "char *" is incompatible with parameter of type "unsigned char *"
main.c(86): warning:  #167-D: argument of type "char *" is incompatible with parameter of type "unsigned char *"
linking...
Program Size: Code=5012 RO-data=6508 RW-data=72 ZI-data=840  
"lab2.axf" - 0 Error(s), 4 Warning(s).
Load "C:\\Users\\yb4kim\\OneDrive - University of Waterloo\\ECE455\\Lab2\\lab2.AXF" 
Erase Done.
Programming Done.
Verify OK.
Rebuild target 'Lab2'
assembling startup_LPC17xx.s...
compiling fault_injection.c...
compiling system_LPC17xx.c...
compiling GLCD_SPI_LPC1700.c...
compiling inputs.c...
compiling main.c...
main.c(10): warning:  #69-D: integer conversion resulted in truncation
main.c(80): warning:  #167-D: argument of type "char *" is incompatible with parameter of type "unsigned char *"
main.c(85): warning:  #167-D: argument of type "char *" is incompatible with parameter of type "unsigned char *"
main.c(87): warning:  #167-D: argument of type "char *" is incompatible with parameter of type "unsigned char *"
main.c(89): warning:  #167-D: argument of type "char *" is incompatible with parameter of type "unsigned char *"
linking...
Program Size: Code=5056 RO-data=6508 RW-data=72 ZI-data=840  
"lab2.axf" - 0 Error(s), 5 Warning(s).
Load "C:\\Users\\yb4kim\\OneDrive - University of Waterloo\\ECE455\\Lab2\\lab2.AXF" 
Erase Done.
Programming Done.
Verify OK.
