<html>
<body>
<pre>
<h1>µVision Build Log</h1>
<h2>Project:</h2>
C:\Users\yb4kim\Desktop\ECE455\Lab3\lab3.uvproj
Project File Date:  07/11/2017

<h2>Output:</h2>
Build target 'lab3'
compiling GLCD_SPI_LPC1700.c...
compiling inputs.c...
compiling main.c...
main.c(250): warning:  #550-D: variable "start" was set but never used
main.c(251): warning:  #550-D: variable "end" was set but never used
compiling system_LPC17xx.c...
linking...
Program Size: Code=7844 RO-data=6532 RW-data=836 ZI-data=612  
"lab3.axf" - 0 Error(s), 2 Warning(s).
Build target 'lab3'
compiling main.c...
main.c(254): warning:  #550-D: variable "start" was set but never used
main.c(255): warning:  #550-D: variable "end" was set but never used
linking...
lab3.axf: Error: L6218E: Undefined symbol SystemCoreClock (referred from main.o).
Target not created
Load "C:\\Users\\yb4kim\\Desktop\\ECE455\\Lab3\\lab3.AXF" 
_____^
*** error 56: cannot open file
Build target 'lab3'
linking...
lab3.axf: Error: L6218E: Undefined symbol SystemCoreClock (referred from main.o).
Target not created
compiling main.c...
main.c(254): warning:  #550-D: variable "start" was set but never used
main.c(255): warning:  #550-D: variable "end" was set but never used
main.c - 0 Error(s), 2 Warning(s).
Build target 'lab3'
linking...
lab3.axf: Error: L6218E: Undefined symbol SystemCoreClock (referred from main.o).
Target not created
compiling main.c...
main.c(254): warning:  #550-D: variable "start" was set but never used
main.c(255): warning:  #550-D: variable "end" was set but never used
main.c - 0 Error(s), 2 Warning(s).
Build target 'lab3'
linking...
lab3.axf: Error: L6218E: Undefined symbol SystemCoreClock (referred from main.o).
Target not created
Build target 'lab3'
linking...
lab3.axf: Error: L6218E: Undefined symbol SystemCoreClock (referred from main.o).
Target not created
Rebuild target 'lab3'
assembling startup_LPC17xx.s...
compiling GLCD_SPI_LPC1700.c...
compiling inputs.c...
compiling main.c...
main.c(254): warning:  #550-D: variable "start" was set but never used
main.c(255): warning:  #550-D: variable "end" was set but never used
compiling system_LPC17xx.c...
linking...
lab3.axf: Error: L6218E: Undefined symbol SystemCoreClock (referred from main.o).
Target not created
Build target 'lab3'
compiling main.c...
main.c(255): warning:  #550-D: variable "start" was set but never used
main.c(256): warning:  #550-D: variable "end" was set but never used
linking...
lab3.axf: Error: L6218E: Undefined symbol SystemCoreClock (referred from main.o).
Target not created
Build target 'lab3'
compiling main.c...
main.c(255): warning:  #550-D: variable "start" was set but never used
main.c(256): warning:  #550-D: variable "end" was set but never used
linking...
lab3.axf: Error: L6218E: Undefined symbol SystemCoreClock (referred from main.o).
Target not created
Rebuild target 'lab3'
assembling startup_LPC17xx.s...
compiling GLCD_SPI_LPC1700.c...
compiling inputs.c...
compiling main.c...
main.c(254): warning:  #550-D: variable "start" was set but never used
main.c(255): warning:  #550-D: variable "end" was set but never used
compiling system_LPC17xx.c...
linking...
lab3.axf: Error: L6218E: Undefined symbol SystemCoreClock (referred from main.o).
Target not created
Rebuild target 'lab3'
assembling startup_LPC17xx.s...
compiling GLCD_SPI_LPC1700.c...
compiling inputs.c...
compiling main.c...
main.c(255): warning:  #550-D: variable "start" was set but never used
main.c(256): warning:  #550-D: variable "end" was set but never used
compiling system_LPC17xx.c...
linking...
lab3.axf: Error: L6218E: Undefined symbol SystemCoreClock (referred from main.o).
Target not created
Rebuild target 'lab3'
assembling startup_LPC17xx.s...
compiling GLCD_SPI_LPC1700.c...
compiling inputs.c...
compiling main.c...
main.c(255): warning:  #550-D: variable "start" was set but never used
main.c(256): warning:  #550-D: variable "end" was set but never used
compiling system_LPC17xx.c...
linking...
lab3.axf: Error: L6218E: Undefined symbol SystemCoreClock (referred from main.o).
Target not created
Build target 'lab3'
compiling main.c...
main.c(305): warning:  #550-D: variable "start" was set but never used
main.c(306): warning:  #550-D: variable "end" was set but never used
linking...
lab3.axf: Error: L6218E: Undefined symbol SystemCoreClock (referred from main.o).
Target not created
compiling main.c...
main.c(305): warning:  #550-D: variable "start" was set but never used
main.c(306): warning:  #550-D: variable "end" was set but never used
main.c - 0 Error(s), 2 Warning(s).
Build target 'lab3'
linking...
lab3.axf: Error: L6218E: Undefined symbol SystemCoreClock (referred from main.o).
Target not created
Build target 'lab3'
compiling main.c...
main.c(252): warning:  #550-D: variable "start" was set but never used
main.c(253): warning:  #550-D: variable "end" was set but never used
linking...
Program Size: Code=7840 RO-data=6532 RW-data=836 ZI-data=612  
"lab3.axf" - 0 Error(s), 2 Warning(s).
compiling main.c...
main.c - 0 Error(s), 0 Warning(s).
compiling main.c...
main.c - 0 Error(s), 0 Warning(s).
Build target 'lab3'
linking...
Program Size: Code=8404 RO-data=6508 RW-data=836 ZI-data=612  
"lab3.axf" - 0 Error(s), 0 Warning(s).
Load "C:\\Users\\yb4kim\\Desktop\\ECE455\\Lab3\\lab3.AXF" 
Erase Done.
Programming Done.
Verify OK.
Rebuild target 'lab3'
assembling startup_LPC17xx.s...
compiling GLCD_SPI_LPC1700.c...
compiling inputs.c...
compiling main.c...
main.c(249): warning:  #177-D: variable "str_time" was declared but never referenced
main.c(252): warning:  #550-D: variable "start" was set but never used
main.c(253): warning:  #550-D: variable "end" was set but never used
compiling system_LPC17xx.c...
linking...
Program Size: Code=7856 RO-data=6532 RW-data=836 ZI-data=612  
"lab3.axf" - 0 Error(s), 3 Warning(s).
Load "C:\\Users\\yb4kim\\Desktop\\ECE455\\Lab3\\lab3.AXF" 
Erase Done.
Programming Done.
Verify OK.
Build target 'lab3'
compiling main.c...
main.c(249): warning:  #177-D: variable "str_time" was declared but never referenced
main.c(252): warning:  #550-D: variable "start" was set but never used
main.c(253): warning:  #550-D: variable "end" was set but never used
linking...
Program Size: Code=7868 RO-data=6532 RW-data=836 ZI-data=612  
"lab3.axf" - 0 Error(s), 3 Warning(s).
Load "C:\\Users\\yb4kim\\Desktop\\ECE455\\Lab3\\lab3.AXF" 
Erase Done.
Programming Done.
Verify OK.
Rebuild target 'lab3'
assembling startup_LPC17xx.s...
compiling GLCD_SPI_LPC1700.c...
compiling inputs.c...
compiling main.c...
compiling system_LPC17xx.c...
linking...
Program Size: Code=8416 RO-data=6508 RW-data=836 ZI-data=612  
"lab3.axf" - 0 Error(s), 0 Warning(s).
Load "C:\\Users\\yb4kim\\Desktop\\ECE455\\Lab3\\lab3.AXF" 
Erase Done.
Programming Done.
Verify OK.
Build target 'lab3'
compiling main.c...
linking...
Program Size: Code=8416 RO-data=6508 RW-data=836 ZI-data=612  
"lab3.axf" - 0 Error(s), 0 Warning(s).
Load "C:\\Users\\yb4kim\\Desktop\\ECE455\\Lab3\\lab3.AXF" 
Erase Done.
Programming Done.
Verify OK.
Rebuild target 'lab3'
assembling startup_LPC17xx.s...
compiling GLCD_SPI_LPC1700.c...
compiling inputs.c...
compiling main.c...
compiling system_LPC17xx.c...
linking...
Program Size: Code=8416 RO-data=6508 RW-data=836 ZI-data=612  
"lab3.axf" - 0 Error(s), 0 Warning(s).
Load "C:\\Users\\yb4kim\\Desktop\\ECE455\\Lab3\\lab3.AXF" 
Erase Done.
Programming Done.
Verify OK.
Rebuild target 'lab3'
assembling startup_LPC17xx.s...
compiling GLCD_SPI_LPC1700.c...
compiling inputs.c...
compiling main.c...
compiling system_LPC17xx.c...
linking...
Program Size: Code=8436 RO-data=6508 RW-data=836 ZI-data=612  
"lab3.axf" - 0 Error(s), 0 Warning(s).
Rebuild target 'lab3'
assembling startup_LPC17xx.s...
compiling GLCD_SPI_LPC1700.c...
compiling inputs.c...
compiling main.c...
compiling system_LPC17xx.c...
linking...
Program Size: Code=8436 RO-data=6508 RW-data=836 ZI-data=612  
"lab3.axf" - 0 Error(s), 0 Warning(s).
Load "C:\\Users\\yb4kim\\Desktop\\ECE455\\Lab3\\lab3.AXF" 
Erase Done.
Programming Done.
Verify OK.
Rebuild target 'lab3'
assembling startup_LPC17xx.s...
compiling GLCD_SPI_LPC1700.c...
compiling inputs.c...
compiling main.c...
compiling system_LPC17xx.c...
linking...
Program Size: Code=8432 RO-data=6508 RW-data=836 ZI-data=612  
"lab3.axf" - 0 Error(s), 0 Warning(s).
Load "C:\\Users\\yb4kim\\Desktop\\ECE455\\Lab3\\lab3.AXF" 
Erase Done.
Programming Done.
Verify OK.
Build target 'lab3'
compiling main.c...
main.c(267): warning:  #550-D: variable "end2" was set but never used
linking...
Program Size: Code=8460 RO-data=6508 RW-data=836 ZI-data=612  
"lab3.axf" - 0 Error(s), 1 Warning(s).
Load "C:\\Users\\yb4kim\\Desktop\\ECE455\\Lab3\\lab3.AXF" 
Erase Done.
Programming Done.
Verify OK.
Build target 'lab3'
compiling main.c...
main.c(267): warning:  #550-D: variable "end2" was set but never used
linking...
Program Size: Code=8476 RO-data=6508 RW-data=836 ZI-data=612  
"lab3.axf" - 0 Error(s), 1 Warning(s).
Load "C:\\Users\\yb4kim\\Desktop\\ECE455\\Lab3\\lab3.AXF" 
Erase Done.
Programming Done.
Verify OK.
Build target 'lab3'
compiling main.c...
main.c(267): warning:  #550-D: variable "end2" was set but never used
linking...
Program Size: Code=8476 RO-data=6508 RW-data=836 ZI-data=612  
"lab3.axf" - 0 Error(s), 1 Warning(s).
Load "C:\\Users\\yb4kim\\Desktop\\ECE455\\Lab3\\lab3.AXF" 
Erase Done.
Programming Done.
Verify OK.
Build target 'lab3'
compiling main.c...
main.c(267): warning:  #550-D: variable "end2" was set but never used
linking...
Program Size: Code=8476 RO-data=6508 RW-data=836 ZI-data=612  
"lab3.axf" - 0 Error(s), 1 Warning(s).
Load "C:\\Users\\yb4kim\\Desktop\\ECE455\\Lab3\\lab3.AXF" 
Erase Done.
Programming Done.
Verify OK.
Build target 'lab3'
compiling main.c...
main.c(105): error:  #20: identifier "ACCELERATION_L1" is undefined
main.c(105): error:  #20: identifier "ACCELERATION_L2" is undefined
main.c(108): error:  #20: identifier "SPEED_L1" is undefined
main.c(108): error:  #20: identifier "SPEED_L2" is undefined
main.c(119): error:  #20: identifier "ACCELERATION_R1" is undefined
main.c(119): error:  #20: identifier "ACCELERATION_R2" is undefined
main.c(122): error:  #20: identifier "SPEED_R1" is undefined
main.c(122): error:  #20: identifier "SPEED_R2" is undefined
main.c(133): error:  #20: identifier "SPEED_L1" is undefined
main.c(133): error:  #20: identifier "SPEED_L2" is undefined
main.c(146): error:  #20: identifier "SPEED_R1" is undefined
main.c(146): error:  #20: identifier "SPEED_R2" is undefined
main.c(167): error:  #20: identifier "SPEED_L1" is undefined
main.c(167): error:  #20: identifier "SPEED_L2" is undefined
main.c(168): error:  #20: identifier "SPEED_R1" is undefined
main.c(168): error:  #20: identifier "SPEED_R2" is undefined
main.c(178): error:  #20: identifier "ACCELERATION_L1" is undefined
main.c(178): error:  #20: identifier "ACCELERATION_R1" is undefined
main.c(187): error:  #20: identifier "ACCELERATION_L1" is undefined
main.c(187): error:  #20: identifier "ACCELERATION_R2" is undefined
main.c(199): error:  #20: identifier "ACCELERATION_L2" is undefined
main.c(199): error:  #20: identifier "ACCELERATION_R1" is undefined
main.c(208): error:  #20: identifier "ACCELERATION_L2" is undefined
main.c(208): error:  #20: identifier "ACCELERATION_R2" is undefined
Target not created
Build target 'lab3'
compiling main.c...
main.c(105): error:  #20: identifier "ACCELERATION_L1" is undefined
main.c(105): error:  #20: identifier "ACCELERATION_L2" is undefined
main.c(108): error:  #20: identifier "SPEED_L1" is undefined
main.c(108): error:  #20: identifier "SPEED_L2" is undefined
main.c(119): error:  #20: identifier "ACCELERATION_R1" is undefined
main.c(119): error:  #20: identifier "ACCELERATION_R2" is undefined
main.c(122): error:  #20: identifier "SPEED_R1" is undefined
main.c(122): error:  #20: identifier "SPEED_R2" is undefined
main.c(133): error:  #20: identifier "SPEED_L1" is undefined
main.c(133): error:  #20: identifier "SPEED_L2" is undefined
main.c(146): error:  #20: identifier "SPEED_R1" is undefined
main.c(146): error:  #20: identifier "SPEED_R2" is undefined
main.c(167): error:  #20: identifier "SPEED_L1" is undefined
main.c(167): error:  #20: identifier "SPEED_L2" is undefined
main.c(168): error:  #20: identifier "SPEED_R1" is undefined
main.c(168): error:  #20: identifier "SPEED_R2" is undefined
main.c(178): error:  #20: identifier "ACCELERATION_L1" is undefined
main.c(178): error:  #20: identifier "ACCELERATION_R1" is undefined
main.c(187): error:  #20: identifier "ACCELERATION_L1" is undefined
main.c(187): error:  #20: identifier "ACCELERATION_R2" is undefined
main.c(199): error:  #20: identifier "ACCELERATION_L2" is undefined
main.c(199): error:  #20: identifier "ACCELERATION_R1" is undefined
main.c(208): error:  #20: identifier "ACCELERATION_L2" is undefined
main.c(208): error:  #20: identifier "ACCELERATION_R2" is undefined
Target not created
Build target 'lab3'
compiling main.c...
linking...
Program Size: Code=8500 RO-data=6508 RW-data=836 ZI-data=612  
"lab3.axf" - 0 Error(s), 0 Warning(s).
Load "C:\\Users\\yb4kim\\Desktop\\ECE455\\Lab3\\lab3.AXF" 
Erase Done.
Programming Done.
Verify OK.
Rebuild target 'lab3'
assembling startup_LPC17xx.s...
compiling GLCD_SPI_LPC1700.c...
compiling inputs.c...
compiling main.c...
main.c(262): warning:  #177-D: variable "str_time2" was declared but never referenced
main.c(267): warning:  #550-D: variable "end2" was set but never used
compiling system_LPC17xx.c...
linking...
Program Size: Code=8476 RO-data=6508 RW-data=836 ZI-data=612  
"lab3.axf" - 0 Error(s), 2 Warning(s).
Load "C:\\Users\\yb4kim\\Desktop\\ECE455\\Lab3\\lab3.AXF" 
Erase Done.
Programming Done.
Verify OK.
Build target 'lab3'
compiling main.c...
main.c(262): warning:  #177-D: variable "str_time2" was declared but never referenced
main.c(267): warning:  #550-D: variable "end2" was set but never used
linking...
Program Size: Code=8480 RO-data=6508 RW-data=836 ZI-data=612  
"lab3.axf" - 0 Error(s), 2 Warning(s).
Load "C:\\Users\\yb4kim\\Desktop\\ECE455\\Lab3\\lab3.AXF" 
Erase Done.
Programming Done.
Verify OK.
Rebuild target 'lab3'
assembling startup_LPC17xx.s...
compiling GLCD_SPI_LPC1700.c...
compiling inputs.c...
compiling main.c...
main.c(262): warning:  #177-D: variable "str_time2" was declared but never referenced
main.c(267): warning:  #550-D: variable "end2" was set but never used
compiling system_LPC17xx.c...
linking...
Program Size: Code=8480 RO-data=6508 RW-data=836 ZI-data=612  
"lab3.axf" - 0 Error(s), 2 Warning(s).
compiling main.c...
main.c(262): warning:  #177-D: variable "str_time2" was declared but never referenced
main.c(267): warning:  #550-D: variable "end2" was set but never used
main.c - 0 Error(s), 2 Warning(s).
Load "C:\\Users\\yb4kim\\Desktop\\ECE455\\Lab3\\lab3.AXF" 
Erase Done.
Programming Done.
Verify OK.
