<html>
<body>
<pre>
<h1>µVision Build Log</h1>
<h2>Project:</h2>
N:\ECE455\Lab3\lab3.uvproj
Project File Date:  07/11/2017

<h2>Output:</h2>
Build target 'lab3'
assembling startup_LPC17xx.s...
compiling GLCD_SPI_LPC1700.c...
compiling system_LPC17xx.c...
linking...
lab3.axf: Error: L6218E: Undefined symbol main (referred from rtentry2.o).
Target not created
Build target 'lab3'
linking...
lab3.axf: Error: L6218E: Undefined symbol main (referred from rtentry2.o).
Target not created
Build target 'lab3'
linking...
lab3.axf: Error: L6218E: Undefined symbol main (referred from rtentry2.o).
Target not created
Build target 'lab3'
compiling main.c...
main.c(113): warning:  #223-D: function "fmin" declared implicitly
main.c(244): error:  #29: expected an expression
main.c(244): error:  #20: identifier "i" is undefined
main.c(272): warning:  #111-D: statement is unreachable
Target not created
Build target 'lab3'
compiling main.c...
main.c(8): error:  #20: identifier "define" is undefined
main.c(8): error:  #79: expected a type specifier
main.c(8): error:  #90: function returning function is not allowed
main.c(8): warning:  #1294-D: Old-style function fmin
main.c(8): error:  #130: expected a "{"
main.c(82): warning:  #12-D: parsing restarts here after previous syntax error
main.c(82): warning:  #174-D: expression has no effect
main.c(82): warning:  #174-D: expression has no effect
main.c(82): warning:  #174-D: expression has no effect
main.c(82): warning:  #174-D: expression has no effect
main.c(82): warning:  #174-D: expression has no effect
main.c(82): warning:  #174-D: expression has no effect
main.c(82): warning:  #174-D: expression has no effect
main.c(82): warning:  #174-D: expression has no effect
main.c(82): warning:  #174-D: expression has no effect
main.c(82): warning:  #174-D: expression has no effect
main.c(82): warning:  #174-D: expression has no effect
main.c(82): warning:  #174-D: expression has no effect
main.c(82): error:  #65: expected a ";"
main.c(113): warning:  #223-D: function "fabs" declared implicitly
main.c(113): error:  #20: identifier "ACCELERATION_L1" is undefined
main.c(141): warning:  #180-D: argument is incompatible with formal parameter
main.c(141): warning:  #180-D: argument is incompatible with formal parameter
main.c(154): warning:  #180-D: argument is incompatible with formal parameter
main.c(154): warning:  #180-D: argument is incompatible with formal parameter
main.c(186): warning:  #223-D: function "fabs" declared implicitly
main.c(186): error:  #20: identifier "ACCELERATION_L1" is undefined
main.c(195): warning:  #223-D: function "fabs" declared implicitly
main.c(195): error:  #20: identifier "ACCELERATION_L1" is undefined
main.c(207): warning:  #223-D: function "fabs" declared implicitly
main.c(216): warning:  #223-D: function "fabs" declared implicitly
main.c(244): error:  #29: expected an expression
main.c(244): error:  #20: identifier "i" is undefined
main.c(272): warning:  #111-D: statement is unreachable
Target not created
Build target 'lab3'
compiling main.c...
main.c(113): warning:  #223-D: function "fabs" declared implicitly
main.c(186): warning:  #223-D: function "fabs" declared implicitly
main.c(195): warning:  #223-D: function "fabs" declared implicitly
main.c(207): warning:  #223-D: function "fabs" declared implicitly
main.c(216): warning:  #223-D: function "fabs" declared implicitly
main.c(244): error:  #29: expected an expression
main.c(244): error:  #20: identifier "i" is undefined
main.c(272): warning:  #111-D: statement is unreachable
Target not created
Build target 'lab3'
compiling main.c...
main.c(244): error:  #29: expected an expression
main.c(244): error:  #20: identifier "i" is undefined
main.c(272): warning:  #111-D: statement is unreachable
Target not created
Build target 'lab3'
compiling main.c...
main.c(244): error:  #29: expected an expression
main.c(244): error:  #20: identifier "i" is undefined
main.c(272): warning:  #111-D: statement is unreachable
Target not created
Build target 'lab3'
compiling main.c...
main.c(273): warning:  #111-D: statement is unreachable
linking...
Program Size: Code=8972 RO-data=248 RW-data=844 ZI-data=860  
"lab3.axf" - 0 Error(s), 1 Warning(s).
Build target 'lab3'
compiling main.c...
linking...
Program Size: Code=8972 RO-data=248 RW-data=844 ZI-data=860  
"lab3.axf" - 0 Error(s), 0 Warning(s).
Load "N:\\ECE455\\Lab3\\lab3.AXF" 
Erase Done.
Programming Done.
Verify OK.
Build target 'lab3'
compiling main.c...
linking...
Program Size: Code=8972 RO-data=248 RW-data=844 ZI-data=860  
"lab3.axf" - 0 Error(s), 0 Warning(s).
Build target 'lab3'
compiling main.c...
linking...
Program Size: Code=8972 RO-data=248 RW-data=844 ZI-data=860  
"lab3.axf" - 0 Error(s), 0 Warning(s).
Build target 'lab3'
compiling main.c...
main.c(262): warning:  #223-D: function "strcpy" declared implicitly
main.c(265): error:  #268: declaration may not appear after executable statement in block
compiling inputs.c...
Target not created
Build target 'lab3'
compiling main.c...
main.c(265): error:  #268: declaration may not appear after executable statement in block
Target not created
Build target 'lab3'
compiling main.c...
linking...
Program Size: Code=11148 RO-data=6520 RW-data=852 ZI-data=860  
"lab3.axf" - 0 Error(s), 0 Warning(s).
Load "N:\\ECE455\\Lab3\\lab3.AXF" 
Erase Done.
Programming Done.
Verify OK.
Build target 'lab3'
compiling main.c...
main.c(258): warning:  #177-D: variable "i" was declared but never referenced
linking...
Program Size: Code=7748 RO-data=6532 RW-data=840 ZI-data=608  
"lab3.axf" - 0 Error(s), 1 Warning(s).
Load "N:\\ECE455\\Lab3\\lab3.AXF" 
Erase Done.
Programming Done.
Verify OK.
Build target 'lab3'
compiling main.c...
linking...
Program Size: Code=11148 RO-data=6520 RW-data=852 ZI-data=860  
"lab3.axf" - 0 Error(s), 0 Warning(s).
Load "N:\\ECE455\\Lab3\\lab3.AXF" 
Erase Done.
Programming Done.
Verify OK.
Load "N:\\ECE455\\Lab3\\lab3.AXF" 
Erase Done.
Programming Done.
Verify OK.
Build target 'lab3'
compiling main.c...
linking...
Program Size: Code=7788 RO-data=6532 RW-data=840 ZI-data=608  
"lab3.axf" - 0 Error(s), 0 Warning(s).
Load "N:\\ECE455\\Lab3\\lab3.AXF" 
Erase Done.
Programming Done.
Verify OK.
Build target 'lab3'
compiling main.c...
linking...
Program Size: Code=7840 RO-data=6532 RW-data=840 ZI-data=608  
"lab3.axf" - 0 Error(s), 0 Warning(s).
Load "N:\\ECE455\\Lab3\\lab3.AXF" 
Erase Done.
Programming Done.
Verify OK.
Build target 'lab3'
compiling main.c...
linking...
Program Size: Code=7840 RO-data=6532 RW-data=840 ZI-data=608  
"lab3.axf" - 0 Error(s), 0 Warning(s).
Load "N:\\ECE455\\Lab3\\lab3.AXF" 
Erase Done.
Programming Done.
Verify OK.
Rebuild target 'lab3'
assembling startup_LPC17xx.s...
compiling GLCD_SPI_LPC1700.c...
compiling system_LPC17xx.c...
compiling main.c...
main.c(77): error:  #148: variable "ACCELERATION_L1" has already been initialized
main.c(78): error:  #148: variable "ACCELERATION_L2" has already been initialized
main.c(79): error:  #148: variable "ACCELERATION_R1" has already been initialized
main.c(80): error:  #148: variable "ACCELERATION_R2" has already been initialized
main.c(81): error:  #148: variable "SPEED_L1" has already been initialized
main.c(82): error:  #148: variable "SPEED_L2" has already been initialized
main.c(83): error:  #148: variable "SPEED_R1" has already been initialized
main.c(84): error:  #148: variable "SPEED_R2" has already been initialized
compiling inputs.c...
Target not created
Build target 'lab3'
compiling main.c...
linking...
Program Size: Code=7840 RO-data=6532 RW-data=840 ZI-data=608  
"lab3.axf" - 0 Error(s), 0 Warning(s).
Load "N:\\ECE455\\Lab3\\lab3.AXF" 
Erase Done.
Programming Done.
Verify OK.
Build target 'lab3'
compiling main.c...
linking...
Program Size: Code=7840 RO-data=6532 RW-data=840 ZI-data=608  
"lab3.axf" - 0 Error(s), 0 Warning(s).
Load "N:\\ECE455\\Lab3\\lab3.AXF" 
Erase Done.
Programming Done.
Verify OK.
Build target 'lab3'
compiling main.c...
linking...
Program Size: Code=7840 RO-data=6532 RW-data=840 ZI-data=608  
"lab3.axf" - 0 Error(s), 0 Warning(s).
Load "N:\\ECE455\\Lab3\\lab3.AXF" 
Erase Done.
Programming Done.
Verify OK.
Build target 'lab3'
compiling main.c...
linking...
Program Size: Code=7840 RO-data=6532 RW-data=840 ZI-data=608  
"lab3.axf" - 0 Error(s), 0 Warning(s).
Load "N:\\ECE455\\Lab3\\lab3.AXF" 
Erase Done.
Programming Done.
Verify OK.
Load "N:\\ECE455\\Lab3\\lab3.AXF" 
Erase Done.
Programming Done.
Verify OK.
Build target 'lab3'
compiling main.c...
linking...
Program Size: Code=7840 RO-data=6532 RW-data=840 ZI-data=608  
"lab3.axf" - 0 Error(s), 0 Warning(s).
Load "N:\\ECE455\\Lab3\\lab3.AXF" 
Erase Done.
Programming Done.
Verify OK.
Build target 'lab3'
compiling main.c...
linking...
Program Size: Code=7816 RO-data=6532 RW-data=840 ZI-data=608  
"lab3.axf" - 0 Error(s), 0 Warning(s).
Load "N:\\ECE455\\Lab3\\lab3.AXF" 
Erase Done.
Programming Done.
Verify OK.
